Archive member included to satisfy reference by file (symbol)

C:/Users/BaoThuan/STM32CubeIDE_1.12.1/STM32CubeIDE/plugins/com.st.stm32cube.ide.mcu.externaltools.gnu-tools-for-stm32.12.3.rel1.win32_1.0.100.202403111256/tools/bin/../lib/gcc/arm-none-eabi/12.3.1/../../../../arm-none-eabi/lib/thumb/v7-m/nofp\libc_nano.a(libc_a-exit.o)
                              C:/Users/BaoThuan/STM32CubeIDE_1.12.1/STM32CubeIDE/plugins/com.st.stm32cube.ide.mcu.externaltools.gnu-tools-for-stm32.12.3.rel1.win32_1.0.100.202403111256/tools/bin/../lib/gcc/arm-none-eabi/12.3.1/../../../../arm-none-eabi/lib/thumb/v7-m/nofp/crt0.o (exit)
C:/Users/BaoThuan/STM32CubeIDE_1.12.1/STM32CubeIDE/plugins/com.st.stm32cube.ide.mcu.externaltools.gnu-tools-for-stm32.12.3.rel1.win32_1.0.100.202403111256/tools/bin/../lib/gcc/arm-none-eabi/12.3.1/../../../../arm-none-eabi/lib/thumb/v7-m/nofp\libc_nano.a(libc_a-findfp.o)
                              C:/Users/BaoThuan/STM32CubeIDE_1.12.1/STM32CubeIDE/plugins/com.st.stm32cube.ide.mcu.externaltools.gnu-tools-for-stm32.12.3.rel1.win32_1.0.100.202403111256/tools/bin/../lib/gcc/arm-none-eabi/12.3.1/../../../../arm-none-eabi/lib/thumb/v7-m/nofp\libc_nano.a(libc_a-exit.o) (__stdio_exit_handler)
C:/Users/BaoThuan/STM32CubeIDE_1.12.1/STM32CubeIDE/plugins/com.st.stm32cube.ide.mcu.externaltools.gnu-tools-for-stm32.12.3.rel1.win32_1.0.100.202403111256/tools/bin/../lib/gcc/arm-none-eabi/12.3.1/../../../../arm-none-eabi/lib/thumb/v7-m/nofp\libc_nano.a(libc_a-fwalk.o)
                              C:/Users/BaoThuan/STM32CubeIDE_1.12.1/STM32CubeIDE/plugins/com.st.stm32cube.ide.mcu.externaltools.gnu-tools-for-stm32.12.3.rel1.win32_1.0.100.202403111256/tools/bin/../lib/gcc/arm-none-eabi/12.3.1/../../../../arm-none-eabi/lib/thumb/v7-m/nofp\libc_nano.a(libc_a-findfp.o) (_fwalk_sglue)
C:/Users/BaoThuan/STM32CubeIDE_1.12.1/STM32CubeIDE/plugins/com.st.stm32cube.ide.mcu.externaltools.gnu-tools-for-stm32.12.3.rel1.win32_1.0.100.202403111256/tools/bin/../lib/gcc/arm-none-eabi/12.3.1/../../../../arm-none-eabi/lib/thumb/v7-m/nofp\libc_nano.a(libc_a-sprintf.o)
                              ./1_Application_stm32/uart_user.o (sprintf)
C:/Users/BaoThuan/STM32CubeIDE_1.12.1/STM32CubeIDE/plugins/com.st.stm32cube.ide.mcu.externaltools.gnu-tools-for-stm32.12.3.rel1.win32_1.0.100.202403111256/tools/bin/../lib/gcc/arm-none-eabi/12.3.1/../../../../arm-none-eabi/lib/thumb/v7-m/nofp\libc_nano.a(libc_a-stdio.o)
                              C:/Users/BaoThuan/STM32CubeIDE_1.12.1/STM32CubeIDE/plugins/com.st.stm32cube.ide.mcu.externaltools.gnu-tools-for-stm32.12.3.rel1.win32_1.0.100.202403111256/tools/bin/../lib/gcc/arm-none-eabi/12.3.1/../../../../arm-none-eabi/lib/thumb/v7-m/nofp\libc_nano.a(libc_a-findfp.o) (__sread)
C:/Users/BaoThuan/STM32CubeIDE_1.12.1/STM32CubeIDE/plugins/com.st.stm32cube.ide.mcu.externaltools.gnu-tools-for-stm32.12.3.rel1.win32_1.0.100.202403111256/tools/bin/../lib/gcc/arm-none-eabi/12.3.1/../../../../arm-none-eabi/lib/thumb/v7-m/nofp\libc_nano.a(libc_a-memset.o)
                              C:/Users/BaoThuan/STM32CubeIDE_1.12.1/STM32CubeIDE/plugins/com.st.stm32cube.ide.mcu.externaltools.gnu-tools-for-stm32.12.3.rel1.win32_1.0.100.202403111256/tools/bin/../lib/gcc/arm-none-eabi/12.3.1/../../../../arm-none-eabi/lib/thumb/v7-m/nofp/crt0.o (memset)
C:/Users/BaoThuan/STM32CubeIDE_1.12.1/STM32CubeIDE/plugins/com.st.stm32cube.ide.mcu.externaltools.gnu-tools-for-stm32.12.3.rel1.win32_1.0.100.202403111256/tools/bin/../lib/gcc/arm-none-eabi/12.3.1/../../../../arm-none-eabi/lib/thumb/v7-m/nofp\libc_nano.a(libc_a-strtok.o)
                              ./1_Application_stm32/uart_user.o (strtok)
C:/Users/BaoThuan/STM32CubeIDE_1.12.1/STM32CubeIDE/plugins/com.st.stm32cube.ide.mcu.externaltools.gnu-tools-for-stm32.12.3.rel1.win32_1.0.100.202403111256/tools/bin/../lib/gcc/arm-none-eabi/12.3.1/../../../../arm-none-eabi/lib/thumb/v7-m/nofp\libc_nano.a(libc_a-strtok_r.o)
                              C:/Users/BaoThuan/STM32CubeIDE_1.12.1/STM32CubeIDE/plugins/com.st.stm32cube.ide.mcu.externaltools.gnu-tools-for-stm32.12.3.rel1.win32_1.0.100.202403111256/tools/bin/../lib/gcc/arm-none-eabi/12.3.1/../../../../arm-none-eabi/lib/thumb/v7-m/nofp\libc_nano.a(libc_a-strtok.o) (__strtok_r)
C:/Users/BaoThuan/STM32CubeIDE_1.12.1/STM32CubeIDE/plugins/com.st.stm32cube.ide.mcu.externaltools.gnu-tools-for-stm32.12.3.rel1.win32_1.0.100.202403111256/tools/bin/../lib/gcc/arm-none-eabi/12.3.1/../../../../arm-none-eabi/lib/thumb/v7-m/nofp\libc_nano.a(libc_a-strstr.o)
                              ./1_Application_stm32/handler_keyIN.o (strstr)
C:/Users/BaoThuan/STM32CubeIDE_1.12.1/STM32CubeIDE/plugins/com.st.stm32cube.ide.mcu.externaltools.gnu-tools-for-stm32.12.3.rel1.win32_1.0.100.202403111256/tools/bin/../lib/gcc/arm-none-eabi/12.3.1/../../../../arm-none-eabi/lib/thumb/v7-m/nofp\libc_nano.a(libc_a-closer.o)
[...]
Memory Configuration

Name             Origin             Length             Attributes
RAM              0x20000000         0x00005000         xrw
FLASH            0x08000000         0x00010000         xr
*default*        0x00000000         0xffffffff

Linker script and memory map

LOAD C:/Users/BaoThuan/STM32CubeIDE_1.12.1/STM32CubeIDE/plugins/com.st.stm32cube.ide.mcu.externaltools.gnu-tools-for-stm32.12.3.rel1.win32_1.0.100.202403111256/tools/bin/../lib/gcc/arm-none-eabi/12.3.1/thumb/v7-m/nofp/crti.o
LOAD C:/Users/BaoThuan/STM32CubeIDE_1.12.1/STM32CubeIDE/plugins/com.st.stm32cube.ide.mcu.externaltools.gnu-tools-for-stm32.12.3.rel1.win32_1.0.100.202403111256/tools/bin/../lib/gcc/arm-none-eabi/12.3.1/thumb/v7-m/nofp/crtbegin.o
LOAD C:/Users/BaoThuan/STM32CubeIDE_1.12.1/STM32CubeIDE/plugins/com.st.stm32cube.ide.mcu.externaltools.gnu-tools-for-stm32.12.3.rel1.win32_1.0.100.202403111256/tools/bin/../lib/gcc/arm-none-eabi/12.3.1/../../../../arm-none-eabi/lib/thumb/v7-m/nofp/crt0.o
LOAD ./0_Driver_stm32/EEPROM.o
LOAD ./0_Driver_stm32/i2c-lcd.o
LOAD ./1_Application_stm32/KeyPad.o
LOAD ./1_Application_stm32/fet_74hc595.o
LOAD ./1_Application_stm32/handler_keyIN.o
LOAD ./1_Application_stm32/lcd_user.o
LOAD ./1_Application_stm32/uart_user.o
LOAD ./Core/Src/main.o
LOAD ./Core/Src/stm32f1xx_hal_msp.o
LOAD ./Core/Src/stm32f1xx_it.o
LOAD ./Core/Src/syscalls.o
LOAD ./Core/Src/sysmem.o
LOAD ./Core/Src/system_stm32f1xx.o
LOAD ./Core/Startup/startup_stm32f103c8tx.o
LOAD ./Drivers/STM32F1xx_HAL_Driver/Src/stm32f1xx_hal.o
LOAD ./Drivers/STM32F1xx_HAL_Driver/Src/stm32f1xx_hal_cortex.o
LOAD ./Drivers/STM32F1xx_HAL_Driver/Src/stm32f1xx_hal_dma.o
LOAD ./Drivers/STM32F1xx_HAL_Driver/Src/stm32f1xx_hal_exti.o
LOAD ./Drivers/STM32F1xx_HAL_Driver/Src/stm32f1xx_hal_flash.o
LOAD ./Drivers/STM32F1xx_HAL_Driver/Src/stm32f1xx_hal_flash_ex.o
LOAD ./Drivers/STM32F1xx_HAL_Driver/Src/stm32f1xx_hal_gpio.o
LOAD ./Drivers/STM32F1xx_HAL_Driver/Src/stm32f1xx_hal_gpio_ex.o
LOAD ./Drivers/STM32F1xx_HAL_Driver/Src/stm32f1xx_hal_i2c.o
LOAD ./Drivers/STM32F1xx_HAL_Driver/Src/stm32f1xx_hal_pwr.o
LOAD ./Drivers/STM32F1xx_HAL_Driver/Src/stm32f1xx_hal_rcc.o
LOAD ./Drivers/STM32F1xx_HAL_Driver/Src/stm32f1xx_hal_rcc_ex.o
LOAD ./Drivers/STM32F1xx_HAL_Driver/Src/stm32f1xx_hal_tim.o
LOAD ./Drivers/STM32F1xx_HAL_Driver/Src/stm32f1xx_hal_tim_ex.o
LOAD ./Drivers/STM32F1xx_HAL_Driver/Src/stm32f1xx_hal_uart.o
START GROUP
LOAD C:/Users/BaoThuan/STM32CubeIDE_1.12.1/STM32CubeIDE/plugins/com.st.stm32cube.ide.mcu.externaltools.gnu-tools-for-stm32.12.3.rel1.win32_1.0.100.202403111256/tools/bin/../lib/gcc/arm-none-eabi/12.3.1/../../../../arm-none-eabi/lib/thumb/v7-m/nofp\libc_nano.a
LOAD C:/Users/BaoThuan/STM32CubeIDE_1.12.1/STM32CubeIDE/plugins/com.st.stm32cube.ide.mcu.externaltools.gnu-tools-for-stm32.12.3.rel1.win32_1.0.100.202403111256/tools/bin/../lib/gcc/arm-none-eabi/12.3.1/../../../../arm-none-eabi/lib/thumb/v7-m/nofp\libm.a
END GROUP
START GROUP
LOAD C:/Users/BaoThuan/STM32CubeIDE_1.12.1/STM32CubeIDE/plugins/com.st.stm32cube.ide.mcu.externaltools.gnu-tools-for-stm32.12.3.rel1.win32_1.0.100.202403111256/tools/bin/../lib/gcc/arm-none-eabi/12.3.1/thumb/v7-m/nofp\libgcc.a
LOAD C:/Users/BaoThuan/STM32CubeIDE_1.12.1/STM32CubeIDE/plugins/com.st.stm32cube.ide.mcu.externaltools.gnu-tools-for-stm32.12.3.rel1.win32_1.0.100.202403111256/tools/bin/../lib/gcc/arm-none-eabi/12.3.1/../../../../arm-none-eabi/lib/thumb/v7-m/nofp\libc_nano.a
END GROUP
START GROUP
LOAD C:/Users/BaoThuan/STM32CubeIDE_1.12.1/STM32CubeIDE/plugins/com.st.stm32cube.ide.mcu.externaltools.gnu-tools-for-stm32.12.3.rel1.win32_1.0.100.202403111256/tools/bin/../lib/gcc/arm-none-eabi/12.3.1/thumb/v7-m/nofp\libgcc.a
LOAD C:/Users/BaoThuan/STM32CubeIDE_1.12.1/STM32CubeIDE/plugins/com.st.stm32cube.ide.mcu.externaltools.gnu-tools-for-stm32.12.3.rel1.win32_1.0.100.202403111256/tools/bin/../lib/gcc/arm-none-eabi/12.3.1/../../../../arm-none-eabi/lib/thumb/v7-m/nofp\libc_nano.a
LOAD C:/Users/BaoThuan/STM32CubeIDE_1.12.1/STM32CubeIDE/plugins/com.st.stm32cube.ide.mcu.externaltools.gnu-tools-for-stm32.12.3.rel1.win32_1.0.100.202403111256/tools/bin/../lib/gcc/arm-none-eabi/12.3.1/../../../../arm-none-eabi/lib/thumb/v7-m/nofp\libnosys.a
END GROUP
START GROUP
LOAD C:/Users/BaoThuan/STM32CubeIDE_1.12.1/STM32CubeIDE/plugins/com.st.stm32cube.ide.mcu.externaltools.gnu-tools-for-stm32.12.3.rel1.win32_1.0.100.202403111256/tools/bin/../lib/gcc/arm-none-eabi/12.3.1/thumb/v7-m/nofp\libgcc.a
LOAD C:/Users/BaoThuan/STM32CubeIDE_1.12.1/STM32CubeIDE/plugins/com.st.stm32cube.ide.mcu.externaltools.gnu-tools-for-stm32.12.3.rel1.win32_1.0.100.202403111256/tools/bin/../lib/gcc/arm-none-eabi/12.3.1/../../../../arm-none-eabi/lib/thumb/v7-m/nofp\libc_nano.a
LOAD C:/Users/BaoThuan/STM32CubeIDE_1.12.1/STM32CubeIDE/plugins/com.st.stm32cube.ide.mcu.externaltools.gnu-tools-for-stm32.12.3.rel1.win32_1.0.100.202403111256/tools/bin/../lib/gcc/arm-none-eabi/12.3.1/../../../../arm-none-eabi/lib/thumb/v7-m/nofp\libnosys.a
END GROUP
LOAD C:/Users/BaoThuan/STM32CubeIDE_1.12.1/STM32CubeIDE/plugins/com.st.stm32cube.ide.mcu.externaltools.gnu-tools-for-stm32.12.3.rel1.win32_1.0.100.202403111256/tools/bin/../lib/gcc/arm-none-eabi/12.3.1/thumb/v7-m/nofp/crtend.o
LOAD C:/Users/BaoThuan/STM32CubeIDE_1.12.1/STM32CubeIDE/plugins/com.st.stm32cube.ide.mcu.externaltools.gnu-tools-for-stm32.12.3.rel1.win32_1.0.100.202403111256/tools/bin/../lib/gcc/arm-none-eabi/12.3.1/thumb/v7-m/nofp/crtn.o
                0x20005000                        _estack = (ORIGIN (RAM) + LENGTH (RAM))
                0x00000200                        _Min_Heap_Size = 0x200
                0x00000400                        _Min_Stack_Size = 0x400

.isr_vector     0x08000000      0x10c
                0x08000000                        . = ALIGN (0x4)
 *(.isr_vector)
 .isr_vector    0x08000000      0x10c ./Core/Startup/startup_stm32f103c8tx.o
                0x08000000                g_pfnVectors
                0x0800010c                        . = ALIGN (0x4)

.text           0x0800010c     0x6660
                0x0800010c                        . = ALIGN (0x4)
 *(.text)
 .text          0x0800010c       0x40 C:/Users/BaoThuan/STM32CubeIDE_1.12.1/STM32CubeIDE/plugins/com.st.stm32cube.ide.mcu.externaltools.gnu-tools-for-stm32.12.3.rel1.win32_1.0.100.202403111256/tools/bin/../lib/gcc/arm-none-eabi/12.3.1/thumb/v7-m/nofp/crtbegin.o
 .text          0x0800014c       0x10 C:/Users/BaoThuan/STM32CubeIDE_1.12.1/STM32CubeIDE/plugins/com.st.stm32cube.ide.mcu.externaltools.gnu-tools-for-stm32.12.3.rel1.win32_1.0.100.202403111256/tools/bin/../lib/gcc/arm-none-eabi/12.3.1/../../../../arm-none-eabi/lib/thumb/v7-m/nofp\libc_nano.a(libc_a-strlen.o)
                0x0800014c                strlen
 *(.text*)
 .text.at24_I2C_Init
                0x0800015c       0x30 ./0_Driver_stm32/EEPROM.o
                0x0800015c                at24_I2C_Init
 .text.at24_isConnected
                0x0800018c       0x24 ./0_Driver_stm32/EEPROM.o
                0x0800018c                at24_isConnected
 .text.at24_read
                0x080001b0       0x68 ./0_Driver_stm32/EEPROM.o
                0x080001b0                at24_read
 .text.CLCD_Delay
                0x08000218       0x1a ./0_Driver_stm32/i2c-lcd.o
 .text.CLCD_WriteI2C
                0x08000232       0xae ./0_Driver_stm32/i2c-lcd.o
 .text.CLCD_I2C_Init
                0x080002e0       0xe0 ./0_Driver_stm32/i2c-lcd.o
                0x080002e0                CLCD_I2C_Init
 .text.CLCD_I2C_SetCursor
                0x080003c0       0xb4 ./0_Driver_stm32/i2c-lcd.o
                0x080003c0                CLCD_I2C_SetCursor
 .text.CLCD_I2C_WriteChar
                0x08000474       0xa0 ./0_Driver_stm32/i2c-lcd.o
                0x08000474                CLCD_I2C_WriteChar
 .text.CLCD_I2C_WriteString
                0x08000514       0xcc ./0_Driver_stm32/i2c-lcd.o
                0x08000514                CLCD_I2C_WriteString
 .text.CLCD_I2C_Clear
                0x080005e0       0x20 ./0_Driver_stm32/i2c-lcd.o
                0x080005e0                CLCD_I2C_Clear
 .text.Check_Keypad_Column
                0x08000600       0xa8 ./1_Application_stm32/KeyPad.o
 .text.KEYPAD_Read
                0x080006a8      0x170 ./1_Application_stm32/KeyPad.o
 .text.KeyPad_Init
                0x08000818       0x80 ./1_Application_stm32/KeyPad.o
                0x08000818                KeyPad_Init
 .text.KEYPAD_Handler
                0x08000898       0x60 ./1_Application_stm32/KeyPad.o
                0x08000898                KEYPAD_Handler
 .text.FET_74HC595_Init
                0x080008f8       0x54 ./1_Application_stm32/fet_74hc595.o
                0x080008f8                FET_74HC595_Init
 .text.FET_74HC595_Set_Reset
                0x0800094c       0xd0 ./1_Application_stm32/fet_74hc595.o
                0x0800094c                FET_74HC595_Set_Reset
 .text.handler_keyIN_enterKey_DisplayLCD
                0x08000a1c      0x10c ./1_Application_stm32/handler_keyIN.o
                0x08000a1c                handler_keyIN_enterKey_DisplayLCD
 .text.handler_keyIN_CheckPIN_NUM
                0x08000b28      0x140 ./1_Application_stm32/handler_keyIN.o
                0x08000b28                handler_keyIN_CheckPIN_NUM
 .text.lcd_user_display
                0x08000c68      0x520 ./1_Application_stm32/lcd_user.o
 .text.lcd_system_handler
                0x08001188      0x390 ./1_Application_stm32/lcd_user.o
                0x08001188                lcd_system_handler
 .text.response
                0x08001518       0x2c ./1_Application_stm32/uart_user.o
 .text.UART_Check_string
                0x08001544       0x6c ./1_Application_stm32/uart_user.o
 .text.UART_SetNUM_PIN
                0x080015b0       0xb8 ./1_Application_stm32/uart_user.o
 .text.UART_Assign_password
                0x08001668       0x48 ./1_Application_stm32/uart_user.o
 .text.UART_Init_UART
                0x080016b0       0x24 ./1_Application_stm32/uart_user.o
                0x080016b0                UART_Init_UART
 .text.UART_handler
                0x080016d4       0x78 ./1_Application_stm32/uart_user.o
                0x080016d4                UART_handler
 .text.HAL_GPIO_EXTI_Callback
                0x0800174c      0x1e0 ./Core/Src/main.o
                0x0800174c                HAL_GPIO_EXTI_Callback
 .text.HAL_UART_RxCpltCallback
                0x0800192c       0x70 ./Core/Src/main.o
                0x0800192c                HAL_UART_RxCpltCallback
 .text.main     0x0800199c      0x2a0 ./Core/Src/main.o
                0x0800199c                main
 .text.SystemClock_Config
                0x08001c3c       0x76 ./Core/Src/main.o
                0x08001c3c                SystemClock_Config
 *fill*         0x08001cb2        0x2 
 .text.MX_I2C1_Init
                0x08001cb4       0x5c ./Core/Src/main.o
 .text.MX_USART3_UART_Init
                0x08001d10       0x54 ./Core/Src/main.o
 .text.MX_GPIO_Init
                0x08001d64      0x188 ./Core/Src/main.o
 .text.Error_Handler
                0x08001eec        0xc ./Core/Src/main.o
                0x08001eec                Error_Handler
 .text.HAL_MspInit
                0x08001ef8       0x64 ./Core/Src/stm32f1xx_hal_msp.o
                0x08001ef8                HAL_MspInit
 .text.HAL_I2C_MspInit
                0x08001f5c       0x7c ./Core/Src/stm32f1xx_hal_msp.o
                0x08001f5c                HAL_I2C_MspInit
 .text.HAL_UART_MspInit
                0x08001fd8       0xa8 ./Core/Src/stm32f1xx_hal_msp.o
                0x08001fd8                HAL_UART_MspInit
 .text.NMI_Handler
                0x08002080        0x8 ./Core/Src/stm32f1xx_it.o
                0x08002080                NMI_Handler
 .text.HardFault_Handler
                0x08002088        0x8 ./Core/Src/stm32f1xx_it.o
                0x08002088                HardFault_Handler
 .text.MemManage_Handler
                0x08002090        0x8 ./Core/Src/stm32f1xx_it.o
                0x08002090                MemManage_Handler
 .text.BusFault_Handler
                0x08002098        0x8 ./Core/Src/stm32f1xx_it.o
                0x08002098                BusFault_Handler
 .text.UsageFault_Handler
                0x080020a0        0x8 ./Core/Src/stm32f1xx_it.o
                0x080020a0                UsageFault_Handler
 .text.SVC_Handler
                0x080020a8        0xc ./Core/Src/stm32f1xx_it.o
                0x080020a8                SVC_Handler
 .text.DebugMon_Handler
                0x080020b4        0xc ./Core/Src/stm32f1xx_it.o
                0x080020b4                DebugMon_Handler
 .text.PendSV_Handler
                0x080020c0        0xc ./Core/Src/stm32f1xx_it.o
                0x080020c0                PendSV_Handler
 .text.SysTick_Handler
                0x080020cc        0xc ./Core/Src/stm32f1xx_it.o
                0x080020cc                SysTick_Handler
 .text.EXTI3_IRQHandler
                0x080020d8        0xe ./Core/Src/stm32f1xx_it.o
                0x080020d8                EXTI3_IRQHandler
 .text.EXTI4_IRQHandler
                0x080020e6        0xe ./Core/Src/stm32f1xx_it.o
                0x080020e6                EXTI4_IRQHandler
 .text.EXTI9_5_IRQHandler
                0x080020f4        0xe ./Core/Src/stm32f1xx_it.o
                0x080020f4                EXTI9_5_IRQHandler
 *fill*         0x08002102        0x2 
 .text.USART3_IRQHandler
                0x08002104       0x14 ./Core/Src/stm32f1xx_it.o
                0x08002104                USART3_IRQHandler
 .text.EXTI15_10_IRQHandler
                0x08002118       0x28 ./Core/Src/stm32f1xx_it.o
                0x08002118                EXTI15_10_IRQHandler
 .text._getpid  0x08002140        0xe ./Core/Src/syscalls.o
                0x08002140                _getpid
 .text._kill    0x0800214e       0x20 ./Core/Src/syscalls.o
                0x0800214e                _kill
 .text._exit    0x0800216e       0x16 ./Core/Src/syscalls.o
                0x0800216e                _exit
 .text._read    0x08002184       0x3a ./Core/Src/syscalls.o
                0x08002184                _read
 .text._write   0x080021be       0x38 ./Core/Src/syscalls.o
                0x080021be                _write
 .text._close   0x080021f6       0x16 ./Core/Src/syscalls.o
                0x080021f6                _close
 .text._fstat   0x0800220c       0x1e ./Core/Src/syscalls.o
                0x0800220c                _fstat
 .text._isatty  0x0800222a       0x14 ./Core/Src/syscalls.o
                0x0800222a                _isatty
 .text._lseek   0x0800223e       0x18 ./Core/Src/syscalls.o
                0x0800223e                _lseek
 *fill*         0x08002256        0x2 
 .text._sbrk    0x08002258       0x6c ./Core/Src/sysmem.o
                0x08002258                _sbrk
 .text.SystemInit
                0x080022c4        0xc ./Core/Src/system_stm32f1xx.o
                0x080022c4                SystemInit
 .text.Reset_Handler
                0x080022d0       0x48 ./Core/Startup/startup_stm32f103c8tx.o
                0x080022d0                Reset_Handler
 .text.Default_Handler
                0x08002318        0x2 ./Core/Startup/startup_stm32f103c8tx.o
                0x08002318                RTC_Alarm_IRQHandler
                0x08002318                EXTI2_IRQHandler
                0x08002318                TIM1_CC_IRQHandler
                0x08002318                PVD_IRQHandler
                0x08002318                EXTI0_IRQHandler
                0x08002318                I2C2_EV_IRQHandler
                0x08002318                ADC1_2_IRQHandler
                0x08002318                SPI1_IRQHandler
                0x08002318                TAMPER_IRQHandler
                0x08002318                DMA1_Channel4_IRQHandler
                0x08002318                RTC_IRQHandler
                0x08002318                DMA1_Channel7_IRQHandler
                0x08002318                CAN1_RX1_IRQHandler
                0x08002318                TIM4_IRQHandler
                0x08002318                I2C1_EV_IRQHandler
                0x08002318                DMA1_Channel6_IRQHandler
                0x08002318                TIM3_IRQHandler
                0x08002318                RCC_IRQHandler
                0x08002318                TIM1_TRG_COM_IRQHandler
                0x08002318                DMA1_Channel1_IRQHandler
                0x08002318                Default_Handler
                0x08002318                SPI2_IRQHandler
                0x08002318                DMA1_Channel5_IRQHandler
                0x08002318                USB_LP_CAN1_RX0_IRQHandler
                0x08002318                USB_HP_CAN1_TX_IRQHandler
                0x08002318                DMA1_Channel3_IRQHandler
                0x08002318                TIM1_UP_IRQHandler
                0x08002318                WWDG_IRQHandler
                0x08002318                TIM2_IRQHandler
                0x08002318                TIM1_BRK_IRQHandler
                0x08002318                EXTI1_IRQHandler
                0x08002318                USART2_IRQHandler
                0x08002318                I2C2_ER_IRQHandler
                0x08002318                DMA1_Channel2_IRQHandler
                0x08002318                CAN1_SCE_IRQHandler
                0x08002318                FLASH_IRQHandler
                0x08002318                USART1_IRQHandler
                0x08002318                I2C1_ER_IRQHandler
                0x08002318                USBWakeUp_IRQHandler
 *fill*         0x0800231a        0x2 
 .text.HAL_Init
                0x0800231c       0x2c ./Drivers/STM32F1xx_HAL_Driver/Src/stm32f1xx_hal.o
                0x0800231c                HAL_Init
 .text.HAL_InitTick
                0x08002348       0x60 ./Drivers/STM32F1xx_HAL_Driver/Src/stm32f1xx_hal.o
                0x08002348                HAL_InitTick
 .text.HAL_IncTick
                0x080023a8       0x24 ./Drivers/STM32F1xx_HAL_Driver/Src/stm32f1xx_hal.o
                0x080023a8                HAL_IncTick
 .text.HAL_GetTick
                0x080023cc       0x14 ./Drivers/STM32F1xx_HAL_Driver/Src/stm32f1xx_hal.o
                0x080023cc                HAL_GetTick
 .text.HAL_Delay
                0x080023e0       0x48 ./Drivers/STM32F1xx_HAL_Driver/Src/stm32f1xx_hal.o
                0x080023e0                HAL_Delay
 .text.__NVIC_SetPriorityGrouping
                0x08002428       0x48 ./Drivers/STM32F1xx_HAL_Driver/Src/stm32f1xx_hal_cortex.o
 .text.__NVIC_GetPriorityGrouping
                0x08002470       0x1c ./Drivers/STM32F1xx_HAL_Driver/Src/stm32f1xx_hal_cortex.o
 .text.__NVIC_EnableIRQ
                0x0800248c       0x38 ./Drivers/STM32F1xx_HAL_Driver/Src/stm32f1xx_hal_cortex.o
 .text.__NVIC_SetPriority
                0x080024c4       0x54 ./Drivers/STM32F1xx_HAL_Driver/Src/stm32f1xx_hal_cortex.o
 .text.NVIC_EncodePriority
                0x08002518       0x64 ./Drivers/STM32F1xx_HAL_Driver/Src/stm32f1xx_hal_cortex.o
 .text.SysTick_Config
                0x0800257c       0x44 ./Drivers/STM32F1xx_HAL_Driver/Src/stm32f1xx_hal_cortex.o
 .text.HAL_NVIC_SetPriorityGrouping
                0x080025c0       0x16 ./Drivers/STM32F1xx_HAL_Driver/Src/stm32f1xx_hal_cortex.o
                0x080025c0                HAL_NVIC_SetPriorityGrouping
 .text.HAL_NVIC_SetPriority
                0x080025d6       0x38 ./Drivers/STM32F1xx_HAL_Driver/Src/stm32f1xx_hal_cortex.o
                0x080025d6                HAL_NVIC_SetPriority
 .text.HAL_NVIC_EnableIRQ
                0x0800260e       0x1c ./Drivers/STM32F1xx_HAL_Driver/Src/stm32f1xx_hal_cortex.o
                0x0800260e                HAL_NVIC_EnableIRQ
 .text.HAL_SYSTICK_Config
                0x0800262a       0x18 ./Drivers/STM32F1xx_HAL_Driver/Src/stm32f1xx_hal_cortex.o
                0x0800262a                HAL_SYSTICK_Config
 .text.HAL_DMA_Abort
                0x08002642       0x76 ./Drivers/STM32F1xx_HAL_Driver/Src/stm32f1xx_hal_dma.o
                0x08002642                HAL_DMA_Abort
 .text.HAL_DMA_Abort_IT
                0x080026b8       0xf0 ./Drivers/STM32F1xx_HAL_Driver/Src/stm32f1xx_hal_dma.o
                0x080026b8                HAL_DMA_Abort_IT
 .text.HAL_GPIO_Init
                0x080027a8      0x308 ./Drivers/STM32F1xx_HAL_Driver/Src/stm32f1xx_hal_gpio.o
                0x080027a8                HAL_GPIO_Init
 .text.HAL_GPIO_ReadPin
                0x08002ab0       0x2e ./Drivers/STM32F1xx_HAL_Driver/Src/stm32f1xx_hal_gpio.o
                0x08002ab0                HAL_GPIO_ReadPin
 .text.HAL_GPIO_WritePin
                0x08002ade       0x30 ./Drivers/STM32F1xx_HAL_Driver/Src/stm32f1xx_hal_gpio.o
                0x08002ade                HAL_GPIO_WritePin
 .text.HAL_GPIO_TogglePin
                0x08002b0e       0x32 ./Drivers/STM32F1xx_HAL_Driver/Src/stm32f1xx_hal_gpio.o
                0x08002b0e                HAL_GPIO_TogglePin
 .text.HAL_GPIO_EXTI_IRQHandler
                0x08002b40       0x30 ./Drivers/STM32F1xx_HAL_Driver/Src/stm32f1xx_hal_gpio.o
                0x08002b40                HAL_GPIO_EXTI_IRQHandler
 .text.HAL_I2C_Init
                0x08002b70      0x288 ./Drivers/STM32F1xx_HAL_Driver/Src/stm32f1xx_hal_i2c.o
                0x08002b70                HAL_I2C_Init
 .text.HAL_I2C_Master_Transmit
                0x08002df8      0x1fc ./Drivers/STM32F1xx_HAL_Driver/Src/stm32f1xx_hal_i2c.o
                0x08002df8                HAL_I2C_Master_Transmit
 .text.HAL_I2C_Mem_Read
                0x08002ff4      0x4d0 ./Drivers/STM32F1xx_HAL_Driver/Src/stm32f1xx_hal_i2c.o
                0x08002ff4                HAL_I2C_Mem_Read
 .text.HAL_I2C_IsDeviceReady
                0x080034c4      0x25c ./Drivers/STM32F1xx_HAL_Driver/Src/stm32f1xx_hal_i2c.o
                0x080034c4                HAL_I2C_IsDeviceReady
 .text.I2C_MasterRequestWrite
                0x08003720      0x104 ./Drivers/STM32F1xx_HAL_Driver/Src/stm32f1xx_hal_i2c.o
 .text.I2C_RequestMemoryRead
                0x08003824      0x1d0 ./Drivers/STM32F1xx_HAL_Driver/Src/stm32f1xx_hal_i2c.o
 .text.I2C_WaitOnFlagUntilTimeout
                0x080039f4       0xf4 ./Drivers/STM32F1xx_HAL_Driver/Src/stm32f1xx_hal_i2c.o
 .text.I2C_WaitOnMasterAddressFlagUntilTimeout
                0x08003ae8      0x140 ./Drivers/STM32F1xx_HAL_Driver/Src/stm32f1xx_hal_i2c.o
 .text.I2C_WaitOnTXEFlagUntilTimeout
                0x08003c28       0x90 ./Drivers/STM32F1xx_HAL_Driver/Src/stm32f1xx_hal_i2c.o
 .text.I2C_WaitOnBTFFlagUntilTimeout
                0x08003cb8       0x90 ./Drivers/STM32F1xx_HAL_Driver/Src/stm32f1xx_hal_i2c.o
 .text.I2C_WaitOnRXNEFlagUntilTimeout
                0x08003d48       0xba ./Drivers/STM32F1xx_HAL_Driver/Src/stm32f1xx_hal_i2c.o
 .text.I2C_IsAcknowledgeFailed
                0x08003e02       0x5c ./Drivers/STM32F1xx_HAL_Driver/Src/stm32f1xx_hal_i2c.o
 *fill*         0x08003e5e        0x2 
 .text.HAL_RCC_OscConfig
                0x08003e60      0x504 ./Drivers/STM32F1xx_HAL_Driver/Src/stm32f1xx_hal_rcc.o
                0x08003e60                HAL_RCC_OscConfig
 .text.HAL_RCC_ClockConfig
                0x08004364      0x1d4 ./Drivers/STM32F1xx_HAL_Driver/Src/stm32f1xx_hal_rcc.o
                0x08004364                HAL_RCC_ClockConfig
 .text.HAL_RCC_GetSysClockFreq
                0x08004538       0xa8 ./Drivers/STM32F1xx_HAL_Driver/Src/stm32f1xx_hal_rcc.o
                0x08004538                HAL_RCC_GetSysClockFreq
 .text.HAL_RCC_GetHCLKFreq
                0x080045e0       0x14 ./Drivers/STM32F1xx_HAL_Driver/Src/stm32f1xx_hal_rcc.o
                0x080045e0                HAL_RCC_GetHCLKFreq
 .text.HAL_RCC_GetPCLK1Freq
                0x080045f4       0x28 ./Drivers/STM32F1xx_HAL_Driver/Src/stm32f1xx_hal_rcc.o
                0x080045f4                HAL_RCC_GetPCLK1Freq
 .text.HAL_RCC_GetPCLK2Freq
                0x0800461c       0x28 ./Drivers/STM32F1xx_HAL_Driver/Src/stm32f1xx_hal_rcc.o
                0x0800461c                HAL_RCC_GetPCLK2Freq
 .text.RCC_Delay
                0x08004644       0x3c ./Drivers/STM32F1xx_HAL_Driver/Src/stm32f1xx_hal_rcc.o
 .text.HAL_UART_Init
                0x08004680       0xa0 ./Drivers/STM32F1xx_HAL_Driver/Src/stm32f1xx_hal_uart.o
                0x08004680                HAL_UART_Init
 .text.HAL_UART_Transmit
                0x08004720      0x106 ./Drivers/STM32F1xx_HAL_Driver/Src/stm32f1xx_hal_uart.o
                0x08004720                HAL_UART_Transmit
 .text.HAL_UART_Receive_IT
                0x08004826       0x4a ./Drivers/STM32F1xx_HAL_Driver/Src/stm32f1xx_hal_uart.o
                0x08004826                HAL_UART_Receive_IT
 .text.HAL_UART_IRQHandler
                0x08004870      0x524 ./Drivers/STM32F1xx_HAL_Driver/Src/stm32f1xx_hal_uart.o
                0x08004870                HAL_UART_IRQHandler
 .text.HAL_UART_TxCpltCallback
                0x08004d94       0x12 ./Drivers/STM32F1xx_HAL_Driver/Src/stm32f1xx_hal_uart.o
                0x08004d94                HAL_UART_TxCpltCallback
 .text.HAL_UART_ErrorCallback
                0x08004da6       0x12 ./Drivers/STM32F1xx_HAL_Driver/Src/stm32f1xx_hal_uart.o
                0x08004da6                HAL_UART_ErrorCallback
 .text.HAL_UARTEx_RxEventCallback
                0x08004db8       0x16 ./Drivers/STM32F1xx_HAL_Driver/Src/stm32f1xx_hal_uart.o
                0x08004db8                HAL_UARTEx_RxEventCallback
 .text.UART_WaitOnFlagUntilTimeout
                0x08004dce       0xdc ./Drivers/STM32F1xx_HAL_Driver/Src/stm32f1xx_hal_uart.o
 .text.UART_Start_Receive_IT
                0x08004eaa       0x72 ./Drivers/STM32F1xx_HAL_Driver/Src/stm32f1xx_hal_uart.o
                0x08004eaa                UART_Start_Receive_IT
 .text.UART_EndRxTransfer
                0x08004f1c       0xc4 ./Drivers/STM32F1xx_HAL_Driver/Src/stm32f1xx_hal_uart.o
 .text.UART_DMAAbortOnError
                0x08004fe0       0x28 ./Drivers/STM32F1xx_HAL_Driver/Src/stm32f1xx_hal_uart.o
 .text.UART_Transmit_IT
                0x08005008       0x9e ./Drivers/STM32F1xx_HAL_Driver/Src/stm32f1xx_hal_uart.o
 .text.UART_EndTransmit_IT
                0x080050a6       0x30 ./Drivers/STM32F1xx_HAL_Driver/Src/stm32f1xx_hal_uart.o
 .text.UART_Receive_IT
                0x080050d6      0x17c ./Drivers/STM32F1xx_HAL_Driver/Src/stm32f1xx_hal_uart.o
 *fill*         0x08005252        0x2 
 .text.UART_SetConfig
                0x08005254      0x11c ./Drivers/STM32F1xx_HAL_Driver/Src/stm32f1xx_hal_uart.o
 .text.std      0x08005370       0x6c C:/Users/BaoThuan/STM32CubeIDE_1.12.1/STM32CubeIDE/plugins/com.st.stm32cube.ide.mcu.externaltools.gnu-tools-for-stm32.12.3.rel1.win32_1.0.100.202403111256/tools/bin/../lib/gcc/arm-none-eabi/12.3.1/../../../../arm-none-eabi/lib/thumb/v7-m/nofp\libc_nano.a(libc_a-findfp.o)
 .text.stdio_exit_handler
                0x080053dc       0x18 C:/Users/BaoThuan/STM32CubeIDE_1.12.1/STM32CubeIDE/plugins/com.st.stm32cube.ide.mcu.externaltools.gnu-tools-for-stm32.12.3.rel1.win32_1.0.100.202403111256/tools/bin/../lib/gcc/arm-none-eabi/12.3.1/../../../../arm-none-eabi/lib/thumb/v7-m/nofp\libc_nano.a(libc_a-findfp.o)
 .text.cleanup_stdio
                0x080053f4       0x40 C:/Users/BaoThuan/STM32CubeIDE_1.12.1/STM32CubeIDE/plugins/com.st.stm32cube.ide.mcu.externaltools.gnu-tools-for-stm32.12.3.rel1.win32_1.0.100.202403111256/tools/bin/../lib/gcc/arm-none-eabi/12.3.1/../../../../arm-none-eabi/lib/thumb/v7-m/nofp\libc_nano.a(libc_a-findfp.o)
 .text.global_stdio_init.part.0
                0x08005434       0x3c C:/Users/BaoThuan/STM32CubeIDE_1.12.1/STM32CubeIDE/plugins/com.st.stm32cube.ide.mcu.externaltools.gnu-tools-for-stm32.12.3.rel1.win32_1.0.100.202403111256/tools/bin/../lib/gcc/arm-none-eabi/12.3.1/../../../../arm-none-eabi/lib/thumb/v7-m/nofp\libc_nano.a(libc_a-findfp.o)
 .text.__sfp_lock_acquire
                0x08005470        0xc C:/Users/BaoThuan/STM32CubeIDE_1.12.1/STM32CubeIDE/plugins/com.st.stm32cube.ide.mcu.externaltools.gnu-tools-for-stm32.12.3.rel1.win32_1.0.100.202403111256/tools/bin/../lib/gcc/arm-none-eabi/12.3.1/../../../../arm-none-eabi/lib/thumb/v7-m/nofp\libc_nano.a(libc_a-findfp.o)
                0x08005470                __sfp_lock_acquire
 .text.__sfp_lock_release
                0x0800547c        0xc C:/Users/BaoThuan/STM32CubeIDE_1.12.1/STM32CubeIDE/plugins/com.st.stm32cube.ide.mcu.externaltools.gnu-tools-for-stm32.12.3.rel1.win32_1.0.100.202403111256/tools/bin/../lib/gcc/arm-none-eabi/12.3.1/../../../../arm-none-eabi/lib/thumb/v7-m/nofp\libc_nano.a(libc_a-findfp.o)
                0x0800547c                __sfp_lock_release
 .text.__sinit  0x08005488       0x30 C:/Users/BaoThuan/STM32CubeIDE_1.12.1/STM32CubeIDE/plugins/com.st.stm32cube.ide.mcu.externaltools.gnu-tools-for-stm32.12.3.rel1.win32_1.0.100.202403111256/tools/bin/../lib/gcc/arm-none-eabi/12.3.1/../../../../arm-none-eabi/lib/thumb/v7-m/nofp\libc_nano.a(libc_a-findfp.o)
                0x08005488                __sinit
 .text._fwalk_sglue
                0x080054b8       0x3c C:/Users/BaoThuan/STM32CubeIDE_1.12.1/STM32CubeIDE/plugins/com.st.stm32cube.ide.mcu.externaltools.gnu-tools-for-stm32.12.3.rel1.win32_1.0.100.202403111256/tools/bin/../lib/gcc/arm-none-eabi/12.3.1/../../../../arm-none-eabi/lib/thumb/v7-m/nofp\libc_nano.a(libc_a-fwalk.o)
                0x080054b8                _fwalk_sglue
 .text.sprintf  0x080054f4       0x40 C:/Users/BaoThuan/STM32CubeIDE_1.12.1/STM32CubeIDE/plugins/com.st.stm32cube.ide.mcu.externaltools.gnu-tools-for-stm32.12.3.rel1.win32_1.0.100.202403111256/tools/bin/../lib/gcc/arm-none-eabi/12.3.1/../../../../arm-none-eabi/lib/thumb/v7-m/nofp\libc_nano.a(libc_a-sprintf.o)
                0x080054f4                siprintf
                0x080054f4                sprintf
 .text.__sread  0x08005534       0x22 C:/Users/BaoThuan/STM32CubeIDE_1.12.1/STM32CubeIDE/plugins/com.st.stm32cube.ide.mcu.externaltools.gnu-tools-for-stm32.12.3.rel1.win32_1.0.100.202403111256/tools/bin/../lib/gcc/arm-none-eabi/12.3.1/../../../../arm-none-eabi/lib/thumb/v7-m/nofp\libc_nano.a(libc_a-stdio.o)
                0x08005534                __sread
 .text.__swrite
                0x08005556       0x38 C:/Users/BaoThuan/STM32CubeIDE_1.12.1/STM32CubeIDE/plugins/com.st.stm32cube.ide.mcu.externaltools.gnu-tools-for-stm32.12.3.rel1.win32_1.0.100.202403111256/tools/bin/../lib/gcc/arm-none-eabi/12.3.1/../../../../arm-none-eabi/lib/thumb/v7-m/nofp\libc_nano.a(libc_a-stdio.o)
                0x08005556                __swrite
 .text.__sseek  0x0800558e       0x24 C:/Users/BaoThuan/STM32CubeIDE_1.12.1/STM32CubeIDE/plugins/com.st.stm32cube.ide.mcu.externaltools.gnu-tools-for-stm32.12.3.rel1.win32_1.0.100.202403111256/tools/bin/../lib/gcc/arm-none-eabi/12.3.1/../../../../arm-none-eabi/lib/thumb/v7-m/nofp\libc_nano.a(libc_a-stdio.o)
                0x0800558e                __sseek
 .text.__sclose
                0x080055b2        0x8 C:/Users/BaoThuan/STM32CubeIDE_1.12.1/STM32CubeIDE/plugins/com.st.stm32cube.ide.mcu.externaltools.gnu-tools-for-stm32.12.3.rel1.win32_1.0.100.202403111256/tools/bin/../lib/gcc/arm-none-eabi/12.3.1/../../../../arm-none-eabi/lib/thumb/v7-m/nofp\libc_nano.a(libc_a-stdio.o)
                0x080055b2                __sclose
 .text.memset   0x080055ba       0x10 C:/Users/BaoThuan/STM32CubeIDE_1.12.1/STM32CubeIDE/plugins/com.st.stm32cube.ide.mcu.externaltools.gnu-tools-for-stm32.12.3.rel1.win32_1.0.100.202403111256/tools/bin/../lib/gcc/arm-none-eabi/12.3.1/../../../../arm-none-eabi/lib/thumb/v7-m/nofp\libc_nano.a(libc_a-memset.o)
                0x080055ba                memset
 *fill*         0x080055ca        0x2 
 .text.strtok   0x080055cc       0x68 C:/Users/BaoThuan/STM32CubeIDE_1.12.1/STM32CubeIDE/plugins/com.st.stm32cube.ide.mcu.externaltools.gnu-tools-for-stm32.12.3.rel1.win32_1.0.100.202403111256/tools/bin/../lib/gcc/arm-none-eabi/12.3.1/../../../../arm-none-eabi/lib/thumb/v7-m/nofp\libc_nano.a(libc_a-strtok.o)
                0x080055cc                strtok
 .text.__strtok_r
                0x08005634       0x50 C:/Users/BaoThuan/STM32CubeIDE_1.12.1/STM32CubeIDE/plugins/com.st.stm32cube.ide.mcu.externaltools.gnu-tools-for-stm32.12.3.rel1.win32_1.0.100.202403111256/tools/bin/../lib/gcc/arm-none-eabi/12.3.1/../../../../arm-none-eabi/lib/thumb/v7-m/nofp\libc_nano.a(libc_a-strtok_r.o)
                0x08005634                __strtok_r
 .text.strstr   0x08005684       0x2c C:/Users/BaoThuan/STM32CubeIDE_1.12.1/STM32CubeIDE/plugins/com.st.stm32cube.ide.mcu.externaltools.gnu-tools-for-stm32.12.3.rel1.win32_1.0.100.202403111256/tools/bin/../lib/gcc/arm-none-eabi/12.3.1/../../../../arm-none-eabi/lib/thumb/v7-m/nofp\libc_nano.a(libc_a-strstr.o)
                0x08005684                strstr
 .text._close_r
                0x080056b0       0x20 C:/Users/BaoThuan/STM32CubeIDE_1.12.1/STM32CubeIDE/plugins/com.st.stm32cube.ide.mcu.externaltools.gnu-tools-for-stm32.12.3.rel1.win32_1.0.100.202403111256/tools/bin/../lib/gcc/arm-none-eabi/12.3.1/../../../../arm-none-eabi/lib/thumb/v7-m/nofp\libc_nano.a(libc_a-closer.o)
                0x080056b0                _close_r
 .text._lseek_r
                0x080056d0       0x24 C:/Users/BaoThuan/STM32CubeIDE_1.12.1/STM32CubeIDE/plugins/com.st.stm32cube.ide.mcu.externaltools.gnu-tools-for-stm32.12.3.rel1.win32_1.0.100.202403111256/tools/bin/../lib/gcc/arm-none-eabi/12.3.1/../../../../arm-none-eabi/lib/thumb/v7-m/nofp\libc_nano.a(libc_a-lseekr.o)
                0x080056d0                _lseek_r
 .text._read_r  0x080056f4       0x24 C:/Users/BaoThuan/STM32CubeIDE_1.12.1/STM32CubeIDE/plugins/com.st.stm32cube.ide.mcu.externaltools.gnu-tools-for-stm32.12.3.rel1.win32_1.0.100.202403111256/tools/bin/../lib/gcc/arm-none-eabi/12.3.1/../../../../arm-none-eabi/lib/thumb/v7-m/nofp\libc_nano.a(libc_a-readr.o)
                0x080056f4                _read_r
 .text._write_r
                0x08005718       0x24 C:/Users/BaoThuan/STM32CubeIDE_1.12.1/STM32CubeIDE/plugins/com.st.stm32cube.ide.mcu.externaltools.gnu-tools-for-stm32.12.3.rel1.win32_1.0.100.202403111256/tools/bin/../lib/gcc/arm-none-eabi/12.3.1/../../../../arm-none-eabi/lib/thumb/v7-m/nofp\libc_nano.a(libc_a-writer.o)
                0x08005718                _write_r
 .text.__errno  0x0800573c        0xc C:/Users/BaoThuan/STM32CubeIDE_1.12.1/STM32CubeIDE/plugins/com.st.stm32cube.ide.mcu.externaltools.gnu-tools-for-stm32.12.3.rel1.win32_1.0.100.202403111256/tools/bin/../lib/gcc/arm-none-eabi/12.3.1/../../../../arm-none-eabi/lib/thumb/v7-m/nofp\libc_nano.a(libc_a-errno.o)
                0x0800573c                __errno
 .text.__libc_init_array
                0x08005748       0x48 C:/Users/BaoThuan/STM32CubeIDE_1.12.1/STM32CubeIDE/plugins/com.st.stm32cube.ide.mcu.externaltools.gnu-tools-for-stm32.12.3.rel1.win32_1.0.100.202403111256/tools/bin/../lib/gcc/arm-none-eabi/12.3.1/../../../../arm-none-eabi/lib/thumb/v7-m/nofp\libc_nano.a(libc_a-init.o)
                0x08005748                __libc_init_array
 .text.__retarget_lock_init_recursive
                0x08005790        0x2 C:/Users/BaoThuan/STM32CubeIDE_1.12.1/STM32CubeIDE/plugins/com.st.stm32cube.ide.mcu.externaltools.gnu-tools-for-stm32.12.3.rel1.win32_1.0.100.202403111256/tools/bin/../lib/gcc/arm-none-eabi/12.3.1/../../../../arm-none-eabi/lib/thumb/v7-m/nofp\libc_nano.a(libc_a-lock.o)
                0x08005790                __retarget_lock_init_recursive
 .text.__retarget_lock_acquire_recursive
                0x08005792        0x2 C:/Users/BaoThuan/STM32CubeIDE_1.12.1/STM32CubeIDE/plugins/com.st.stm32cube.ide.mcu.externaltools.gnu-tools-for-stm32.12.3.rel1.win32_1.0.100.202403111256/tools/bin/../lib/gcc/arm-none-eabi/12.3.1/../../../../arm-none-eabi/lib/thumb/v7-m/nofp\libc_nano.a(libc_a-lock.o)
                0x08005792                __retarget_lock_acquire_recursive
 .text.__retarget_lock_release_recursive
                0x08005794        0x2 C:/Users/BaoThuan/STM32CubeIDE_1.12.1/STM32CubeIDE/plugins/com.st.stm32cube.ide.mcu.externaltools.gnu-tools-for-stm32.12.3.rel1.win32_1.0.100.202403111256/tools/bin/../lib/gcc/arm-none-eabi/12.3.1/../../../../arm-none-eabi/lib/thumb/v7-m/nofp\libc_nano.a(libc_a-lock.o)
                0x08005794                __retarget_lock_release_recursive
 .text.memcpy   0x08005796       0x1c C:/Users/BaoThuan/STM32CubeIDE_1.12.1/STM32CubeIDE/plugins/com.st.stm32cube.ide.mcu.externaltools.gnu-tools-for-stm32.12.3.rel1.win32_1.0.100.202403111256/tools/bin/../lib/gcc/arm-none-eabi/12.3.1/../../../../arm-none-eabi/lib/thumb/v7-m/nofp\libc_nano.a(libc_a-memcpy-stub.o)
                0x08005796                memcpy
 *fill*         0x080057b2        0x2 
 .text.__assert_func
                0x080057b4       0x3c C:/Users/BaoThuan/STM32CubeIDE_1.12.1/STM32CubeIDE/plugins/com.st.stm32cube.ide.mcu.externaltools.gnu-tools-for-stm32.12.3.rel1.win32_1.0.100.202403111256/tools/bin/../lib/gcc/arm-none-eabi/12.3.1/../../../../arm-none-eabi/lib/thumb/v7-m/nofp\libc_nano.a(libc_a-assert.o)
                0x080057b4                __assert_func
 .text._free_r  0x080057f0       0x90 C:/Users/BaoThuan/STM32CubeIDE_1.12.1/STM32CubeIDE/plugins/com.st.stm32cube.ide.mcu.externaltools.gnu-tools-for-stm32.12.3.rel1.win32_1.0.100.202403111256/tools/bin/../lib/gcc/arm-none-eabi/12.3.1/../../../../arm-none-eabi/lib/thumb/v7-m/nofp\libc_nano.a(libc_a-freer.o)
                0x080057f0                _free_r
 .text.malloc   0x08005880       0x10 C:/Users/BaoThuan/STM32CubeIDE_1.12.1/STM32CubeIDE/plugins/com.st.stm32cube.ide.mcu.externaltools.gnu-tools-for-stm32.12.3.rel1.win32_1.0.100.202403111256/tools/bin/../lib/gcc/arm-none-eabi/12.3.1/../../../../arm-none-eabi/lib/thumb/v7-m/nofp\libc_nano.a(libc_a-malloc.o)
                0x08005880                malloc
 .text.sbrk_aligned
                0x08005890       0x44 C:/Users/BaoThuan/STM32CubeIDE_1.12.1/STM32CubeIDE/plugins/com.st.stm32cube.ide.mcu.externaltools.gnu-tools-for-stm32.12.3.rel1.win32_1.0.100.202403111256/tools/bin/../lib/gcc/arm-none-eabi/12.3.1/../../../../arm-none-eabi/lib/thumb/v7-m/nofp\libc_nano.a(libc_a-mallocr.o)
 .text._malloc_r
                0x080058d4      0x100 C:/Users/BaoThuan/STM32CubeIDE_1.12.1/STM32CubeIDE/plugins/com.st.stm32cube.ide.mcu.externaltools.gnu-tools-for-stm32.12.3.rel1.win32_1.0.100.202403111256/tools/bin/../lib/gcc/arm-none-eabi/12.3.1/../../../../arm-none-eabi/lib/thumb/v7-m/nofp\libc_nano.a(libc_a-mallocr.o)
                0x080058d4                _malloc_r
 .text.__malloc_lock
                0x080059d4        0xc C:/Users/BaoThuan/STM32CubeIDE_1.12.1/STM32CubeIDE/plugins/com.st.stm32cube.ide.mcu.externaltools.gnu-tools-for-stm32.12.3.rel1.win32_1.0.100.202403111256/tools/bin/../lib/gcc/arm-none-eabi/12.3.1/../../../../arm-none-eabi/lib/thumb/v7-m/nofp\libc_nano.a(libc_a-mlock.o)
                0x080059d4                __malloc_lock
 .text.__malloc_unlock
                0x080059e0        0xc C:/Users/BaoThuan/STM32CubeIDE_1.12.1/STM32CubeIDE/plugins/com.st.stm32cube.ide.mcu.externaltools.gnu-tools-for-stm32.12.3.rel1.win32_1.0.100.202403111256/tools/bin/../lib/gcc/arm-none-eabi/12.3.1/../../../../arm-none-eabi/lib/thumb/v7-m/nofp\libc_nano.a(libc_a-mlock.o)
                0x080059e0                __malloc_unlock
 .text.__ssputs_r
                0x080059ec       0xb6 C:/Users/BaoThuan/STM32CubeIDE_1.12.1/STM32CubeIDE/plugins/com.st.stm32cube.ide.mcu.externaltools.gnu-tools-for-stm32.12.3.rel1.win32_1.0.100.202403111256/tools/bin/../lib/gcc/arm-none-eabi/12.3.1/../../../../arm-none-eabi/lib/thumb/v7-m/nofp\libc_nano.a(libc_a-nano-svfprintf.o)
                0x080059ec                __ssputs_r
 *fill*         0x08005aa2        0x2 
 .text._svfprintf_r
                0x08005aa4      0x1f8 C:/Users/BaoThuan/STM32CubeIDE_1.12.1/STM32CubeIDE/plugins/com.st.stm32cube.ide.mcu.externaltools.gnu-tools-for-stm32.12.3.rel1.win32_1.0.100.202403111256/tools/bin/../lib/gcc/arm-none-eabi/12.3.1/../../../../arm-none-eabi/lib/thumb/v7-m/nofp\libc_nano.a(libc_a-nano-svfprintf.o)
                0x08005aa4                _svfiprintf_r
                0x08005aa4                _svfprintf_r
 .text._printf_common
                0x08005c9c       0xe4 C:/Users/BaoThuan/STM32CubeIDE_1.12.1/STM32CubeIDE/plugins/com.st.stm32cube.ide.mcu.externaltools.gnu-tools-for-stm32.12.3.rel1.win32_1.0.100.202403111256/tools/bin/../lib/gcc/arm-none-eabi/12.3.1/../../../../arm-none-eabi/lib/thumb/v7-m/nofp\libc_nano.a(libc_a-nano-vfprintf_i.o)
                0x08005c9c                _printf_common
 .text._printf_i
                0x08005d80      0x240 C:/Users/BaoThuan/STM32CubeIDE_1.12.1/STM32CubeIDE/plugins/com.st.stm32cube.ide.mcu.externaltools.gnu-tools-for-stm32.12.3.rel1.win32_1.0.100.202403111256/tools/bin/../lib/gcc/arm-none-eabi/12.3.1/../../../../arm-none-eabi/lib/thumb/v7-m/nofp\libc_nano.a(libc_a-nano-vfprintf_i.o)
                0x08005d80                _printf_i
 .text.__sflush_r
                0x08005fc0      0x100 C:/Users/BaoThuan/STM32CubeIDE_1.12.1/STM32CubeIDE/plugins/com.st.stm32cube.ide.mcu.externaltools.gnu-tools-for-stm32.12.3.rel1.win32_1.0.100.202403111256/tools/bin/../lib/gcc/arm-none-eabi/12.3.1/../../../../arm-none-eabi/lib/thumb/v7-m/nofp\libc_nano.a(libc_a-fflush.o)
                0x08005fc0                __sflush_r
 .text._fflush_r
                0x080060c0       0x50 C:/Users/BaoThuan/STM32CubeIDE_1.12.1/STM32CubeIDE/plugins/com.st.stm32cube.ide.mcu.externaltools.gnu-tools-for-stm32.12.3.rel1.win32_1.0.100.202403111256/tools/bin/../lib/gcc/arm-none-eabi/12.3.1/../../../../arm-none-eabi/lib/thumb/v7-m/nofp\libc_nano.a(libc_a-fflush.o)
                0x080060c0                _fflush_r
 .text.fprintf  0x08006110       0x24 C:/Users/BaoThuan/STM32CubeIDE_1.12.1/STM32CubeIDE/plugins/com.st.stm32cube.ide.mcu.externaltools.gnu-tools-for-stm32.12.3.rel1.win32_1.0.100.202403111256/tools/bin/../lib/gcc/arm-none-eabi/12.3.1/../../../../arm-none-eabi/lib/thumb/v7-m/nofp\libc_nano.a(libc_a-fprintf.o)
                0x08006110                fiprintf
                0x08006110                fprintf
 .text.memmove  0x08006134       0x34 C:/Users/BaoThuan/STM32CubeIDE_1.12.1/STM32CubeIDE/plugins/com.st.stm32cube.ide.mcu.externaltools.gnu-tools-for-stm32.12.3.rel1.win32_1.0.100.202403111256/tools/bin/../lib/gcc/arm-none-eabi/12.3.1/../../../../arm-none-eabi/lib/thumb/v7-m/nofp\libc_nano.a(libc_a-memmove.o)
                0x08006134                memmove
 .text._sbrk_r  0x08006168       0x20 C:/Users/BaoThuan/STM32CubeIDE_1.12.1/STM32CubeIDE/plugins/com.st.stm32cube.ide.mcu.externaltools.gnu-tools-for-stm32.12.3.rel1.win32_1.0.100.202403111256/tools/bin/../lib/gcc/arm-none-eabi/12.3.1/../../../../arm-none-eabi/lib/thumb/v7-m/nofp\libc_nano.a(libc_a-sbrkr.o)
                0x08006168                _sbrk_r
 .text.memchr   0x08006188       0x1c C:/Users/BaoThuan/STM32CubeIDE_1.12.1/STM32CubeIDE/plugins/com.st.stm32cube.ide.mcu.externaltools.gnu-tools-for-stm32.12.3.rel1.win32_1.0.100.202403111256/tools/bin/../lib/gcc/arm-none-eabi/12.3.1/../../../../arm-none-eabi/lib/thumb/v7-m/nofp\libc_nano.a(libc_a-memchr-stub.o)
                0x08006188                memchr
 .text.abort    0x080061a4        0xe C:/Users/BaoThuan/STM32CubeIDE_1.12.1/STM32CubeIDE/plugins/com.st.stm32cube.ide.mcu.externaltools.gnu-tools-for-stm32.12.3.rel1.win32_1.0.100.202403111256/tools/bin/../lib/gcc/arm-none-eabi/12.3.1/../../../../arm-none-eabi/lib/thumb/v7-m/nofp\libc_nano.a(libc_a-abort.o)
                0x080061a4                abort
 .text._realloc_r
                0x080061b2       0x5c C:/Users/BaoThuan/STM32CubeIDE_1.12.1/STM32CubeIDE/plugins/com.st.stm32cube.ide.mcu.externaltools.gnu-tools-for-stm32.12.3.rel1.win32_1.0.100.202403111256/tools/bin/../lib/gcc/arm-none-eabi/12.3.1/../../../../arm-none-eabi/lib/thumb/v7-m/nofp\libc_nano.a(libc_a-reallocr.o)
                0x080061b2                _realloc_r
 .text.__sfputc_r
                0x0800620e       0x2a C:/Users/BaoThuan/STM32CubeIDE_1.12.1/STM32CubeIDE/plugins/com.st.stm32cube.ide.mcu.externaltools.gnu-tools-for-stm32.12.3.rel1.win32_1.0.100.202403111256/tools/bin/../lib/gcc/arm-none-eabi/12.3.1/../../../../arm-none-eabi/lib/thumb/v7-m/nofp\libc_nano.a(libc_a-nano-vfprintf.o)
 .text.__sfputs_r
                0x08006238       0x24 C:/Users/BaoThuan/STM32CubeIDE_1.12.1/STM32CubeIDE/plugins/com.st.stm32cube.ide.mcu.externaltools.gnu-tools-for-stm32.12.3.rel1.win32_1.0.100.202403111256/tools/bin/../lib/gcc/arm-none-eabi/12.3.1/../../../../arm-none-eabi/lib/thumb/v7-m/nofp\libc_nano.a(libc_a-nano-vfprintf.o)
                0x08006238                __sfputs_r
 .text._vfprintf_r
                0x0800625c      0x230 C:/Users/BaoThuan/STM32CubeIDE_1.12.1/STM32CubeIDE/plugins/com.st.stm32cube.ide.mcu.externaltools.gnu-tools-for-stm32.12.3.rel1.win32_1.0.100.202403111256/tools/bin/../lib/gcc/arm-none-eabi/12.3.1/../../../../arm-none-eabi/lib/thumb/v7-m/nofp\libc_nano.a(libc_a-nano-vfprintf.o)
                0x0800625c                _vfprintf_r
                0x0800625c                _vfiprintf_r
 .text.__swbuf_r
                0x0800648c       0x7c C:/Users/BaoThuan/STM32CubeIDE_1.12.1/STM32CubeIDE/plugins/com.st.stm32cube.ide.mcu.externaltools.gnu-tools-for-stm32.12.3.rel1.win32_1.0.100.202403111256/tools/bin/../lib/gcc/arm-none-eabi/12.3.1/../../../../arm-none-eabi/lib/thumb/v7-m/nofp\libc_nano.a(libc_a-wbuf.o)
                0x0800648c                __swbuf_r
 .text.__swsetup_r
                0x08006508       0xac C:/Users/BaoThuan/STM32CubeIDE_1.12.1/STM32CubeIDE/plugins/com.st.stm32cube.ide.mcu.externaltools.gnu-tools-for-stm32.12.3.rel1.win32_1.0.100.202403111256/tools/bin/../lib/gcc/arm-none-eabi/12.3.1/../../../../arm-none-eabi/lib/thumb/v7-m/nofp\libc_nano.a(libc_a-wsetup.o)
                0x08006508                __swsetup_r
 .text._raise_r
                0x080065b4       0x50 C:/Users/BaoThuan/STM32CubeIDE_1.12.1/STM32CubeIDE/plugins/com.st.stm32cube.ide.mcu.externaltools.gnu-tools-for-stm32.12.3.rel1.win32_1.0.100.202403111256/tools/bin/../lib/gcc/arm-none-eabi/12.3.1/../../../../arm-none-eabi/lib/thumb/v7-m/nofp\libc_nano.a(libc_a-signal.o)
                0x080065b4                _raise_r
 .text.raise    0x08006604       0x10 C:/Users/BaoThuan/STM32CubeIDE_1.12.1/STM32CubeIDE/plugins/com.st.stm32cube.ide.mcu.externaltools.gnu-tools-for-stm32.12.3.rel1.win32_1.0.100.202403111256/tools/bin/../lib/gcc/arm-none-eabi/12.3.1/../../../../arm-none-eabi/lib/thumb/v7-m/nofp\libc_nano.a(libc_a-signal.o)
                0x08006604                raise
 .text._kill_r  0x08006614       0x24 C:/Users/BaoThuan/STM32CubeIDE_1.12.1/STM32CubeIDE/plugins/com.st.stm32cube.ide.mcu.externaltools.gnu-tools-for-stm32.12.3.rel1.win32_1.0.100.202403111256/tools/bin/../lib/gcc/arm-none-eabi/12.3.1/../../../../arm-none-eabi/lib/thumb/v7-m/nofp\libc_nano.a(libc_a-signalr.o)
                0x08006614                _kill_r
 .text._getpid_r
                0x08006638        0x4 C:/Users/BaoThuan/STM32CubeIDE_1.12.1/STM32CubeIDE/plugins/com.st.stm32cube.ide.mcu.externaltools.gnu-tools-for-stm32.12.3.rel1.win32_1.0.100.202403111256/tools/bin/../lib/gcc/arm-none-eabi/12.3.1/../../../../arm-none-eabi/lib/thumb/v7-m/nofp\libc_nano.a(libc_a-signalr.o)
                0x08006638                _getpid_r
 .text._malloc_usable_size_r
                0x0800663c       0x10 C:/Users/BaoThuan/STM32CubeIDE_1.12.1/STM32CubeIDE/plugins/com.st.stm32cube.ide.mcu.externaltools.gnu-tools-for-stm32.12.3.rel1.win32_1.0.100.202403111256/tools/bin/../lib/gcc/arm-none-eabi/12.3.1/../../../../arm-none-eabi/lib/thumb/v7-m/nofp\libc_nano.a(libc_a-msizer.o)
                0x0800663c                _malloc_usable_size_r
 .text.__swhatbuf_r
                0x0800664c       0x4a C:/Users/BaoThuan/STM32CubeIDE_1.12.1/STM32CubeIDE/plugins/com.st.stm32cube.ide.mcu.externaltools.gnu-tools-for-stm32.12.3.rel1.win32_1.0.100.202403111256/tools/bin/../lib/gcc/arm-none-eabi/12.3.1/../../../../arm-none-eabi/lib/thumb/v7-m/nofp\libc_nano.a(libc_a-makebuf.o)
                0x0800664c                __swhatbuf_r
 .text.__smakebuf_r
                0x08006696       0x78 C:/Users/BaoThuan/STM32CubeIDE_1.12.1/STM32CubeIDE/plugins/com.st.stm32cube.ide.mcu.externaltools.gnu-tools-for-stm32.12.3.rel1.win32_1.0.100.202403111256/tools/bin/../lib/gcc/arm-none-eabi/12.3.1/../../../../arm-none-eabi/lib/thumb/v7-m/nofp\libc_nano.a(libc_a-makebuf.o)
                0x08006696                __smakebuf_r
 *fill*         0x0800670e        0x2 
 .text._fstat_r
                0x08006710       0x24 C:/Users/BaoThuan/STM32CubeIDE_1.12.1/STM32CubeIDE/plugins/com.st.stm32cube.ide.mcu.externaltools.gnu-tools-for-stm32.12.3.rel1.win32_1.0.100.202403111256/tools/bin/../lib/gcc/arm-none-eabi/12.3.1/../../../../arm-none-eabi/lib/thumb/v7-m/nofp\libc_nano.a(libc_a-fstatr.o)
                0x08006710                _fstat_r
 .text._isatty_r
                0x08006734       0x20 C:/Users/BaoThuan/STM32CubeIDE_1.12.1/STM32CubeIDE/plugins/com.st.stm32cube.ide.mcu.externaltools.gnu-tools-for-stm32.12.3.rel1.win32_1.0.100.202403111256/tools/bin/../lib/gcc/arm-none-eabi/12.3.1/../../../../arm-none-eabi/lib/thumb/v7-m/nofp\libc_nano.a(libc_a-isattyr.o)
                0x08006734                _isatty_r
 *(.glue_7)
 .glue_7        0x08006754        0x0 linker stubs
 *(.glue_7t)
 .glue_7t       0x08006754        0x0 linker stubs
 *(.eh_frame)
 .eh_frame      0x08006754        0x0 C:/Users/BaoThuan/STM32CubeIDE_1.12.1/STM32CubeIDE/plugins/com.st.stm32cube.ide.mcu.externaltools.gnu-tools-for-stm32.12.3.rel1.win32_1.0.100.202403111256/tools/bin/../lib/gcc/arm-none-eabi/12.3.1/thumb/v7-m/nofp/crtbegin.o
 *(.init)
 .init          0x08006754        0x4 C:/Users/BaoThuan/STM32CubeIDE_1.12.1/STM32CubeIDE/plugins/com.st.stm32cube.ide.mcu.externaltools.gnu-tools-for-stm32.12.3.rel1.win32_1.0.100.202403111256/tools/bin/../lib/gcc/arm-none-eabi/12.3.1/thumb/v7-m/nofp/crti.o
                0x08006754                _init
 .init          0x08006758        0x8 C:/Users/BaoThuan/STM32CubeIDE_1.12.1/STM32CubeIDE/plugins/com.st.stm32cube.ide.mcu.externaltools.gnu-tools-for-stm32.12.3.rel1.win32_1.0.100.202403111256/tools/bin/../lib/gcc/arm-none-eabi/12.3.1/thumb/v7-m/nofp/crtn.o
 *(.fini)
 .fini          0x08006760        0x4 C:/Users/BaoThuan/STM32CubeIDE_1.12.1/STM32CubeIDE/plugins/com.st.stm32cube.ide.mcu.externaltools.gnu-tools-for-stm32.12.3.rel1.win32_1.0.100.202403111256/tools/bin/../lib/gcc/arm-none-eabi/12.3.1/thumb/v7-m/nofp/crti.o
                0x08006760                _fini
 .fini          0x08006764        0x8 C:/Users/BaoThuan/STM32CubeIDE_1.12.1/STM32CubeIDE/plugins/com.st.stm32cube.ide.mcu.externaltools.gnu-tools-for-stm32.12.3.rel1.win32_1.0.100.202403111256/tools/bin/../lib/gcc/arm-none-eabi/12.3.1/thumb/v7-m/nofp/crtn.o
                0x0800676c                        . = ALIGN (0x4)
                0x0800676c                        _etext = .

.vfp11_veneer   0x0800676c        0x0
 .vfp11_veneer  0x0800676c        0x0 linker stubs

.v4_bx          0x0800676c        0x0
 .v4_bx         0x0800676c        0x0 linker stubs

.iplt           0x0800676c        0x0
 .iplt          0x0800676c        0x0 C:/Users/BaoThuan/STM32CubeIDE_1.12.1/STM32CubeIDE/plugins/com.st.stm32cube.ide.mcu.externaltools.gnu-tools-for-stm32.12.3.rel1.win32_1.0.100.202403111256/tools/bin/../lib/gcc/arm-none-eabi/12.3.1/thumb/v7-m/nofp/crtbegin.o

.rodata         0x0800676c      0x350
                0x0800676c                        . = ALIGN (0x4)
 *(.rodata)
 .rodata        0x0800676c      0x1d6 ./1_Application_stm32/lcd_user.o
 *fill*         0x08006942        0x2 
 .rodata        0x08006944       0x59 ./1_Application_stm32/uart_user.o
 *(.rodata*)
 *fill*         0x0800699d        0x3 
 .rodata.Keypad_Button_Values
                0x080069a0       0x10 ./1_Application_stm32/KeyPad.o
                0x080069a0                Keypad_Button_Values
 .rodata.AHBPrescTable
                0x080069b0       0x10 ./Core/Src/system_stm32f1xx.o
                0x080069b0                AHBPrescTable
 .rodata.APBPrescTable
                0x080069c0        0x8 ./Core/Src/system_stm32f1xx.o
                0x080069c0                APBPrescTable
 .rodata.aPLLMULFactorTable.1
                0x080069c8       0x10 ./Drivers/STM32F1xx_HAL_Driver/Src/stm32f1xx_hal_rcc.o
 .rodata.aPredivFactorTable.0
                0x080069d8        0x2 ./Drivers/STM32F1xx_HAL_Driver/Src/stm32f1xx_hal_rcc.o
 .rodata.strtok.str1.1
                0x080069da       0x71 C:/Users/BaoThuan/STM32CubeIDE_1.12.1/STM32CubeIDE/plugins/com.st.stm32cube.ide.mcu.externaltools.gnu-tools-for-stm32.12.3.rel1.win32_1.0.100.202403111256/tools/bin/../lib/gcc/arm-none-eabi/12.3.1/../../../../arm-none-eabi/lib/thumb/v7-m/nofp\libc_nano.a(libc_a-strtok.o)
 .rodata.__assert_func.str1.1
                0x08006a4b       0x3c C:/Users/BaoThuan/STM32CubeIDE_1.12.1/STM32CubeIDE/plugins/com.st.stm32cube.ide.mcu.externaltools.gnu-tools-for-stm32.12.3.rel1.win32_1.0.100.202403111256/tools/bin/../lib/gcc/arm-none-eabi/12.3.1/../../../../arm-none-eabi/lib/thumb/v7-m/nofp\libc_nano.a(libc_a-assert.o)
                                 0x3d (size before relaxing)
 .rodata._svfprintf_r.str1.1
                0x08006a87       0x11 C:/Users/BaoThuan/STM32CubeIDE_1.12.1/STM32CubeIDE/plugins/com.st.stm32cube.ide.mcu.externaltools.gnu-tools-for-stm32.12.3.rel1.win32_1.0.100.202403111256/tools/bin/../lib/gcc/arm-none-eabi/12.3.1/../../../../arm-none-eabi/lib/thumb/v7-m/nofp\libc_nano.a(libc_a-nano-svfprintf.o)
 .rodata._printf_i.str1.1
                0x08006a98       0x22 C:/Users/BaoThuan/STM32CubeIDE_1.12.1/STM32CubeIDE/plugins/com.st.stm32cube.ide.mcu.externaltools.gnu-tools-for-stm32.12.3.rel1.win32_1.0.100.202403111256/tools/bin/../lib/gcc/arm-none-eabi/12.3.1/../../../../arm-none-eabi/lib/thumb/v7-m/nofp\libc_nano.a(libc_a-nano-vfprintf_i.o)
 .rodata._vfprintf_r.str1.1
                0x08006aba       0x11 C:/Users/BaoThuan/STM32CubeIDE_1.12.1/STM32CubeIDE/plugins/com.st.stm32cube.ide.mcu.externaltools.gnu-tools-for-stm32.12.3.rel1.win32_1.0.100.202403111256/tools/bin/../lib/gcc/arm-none-eabi/12.3.1/../../../../arm-none-eabi/lib/thumb/v7-m/nofp\libc_nano.a(libc_a-nano-vfprintf.o)
                0x08006acc                        . = ALIGN (0x4)
 *fill*         0x08006aba        0x2 

.ARM.extab      0x08006abc        0x0
                0x08006abc                        . = ALIGN (0x4)
 *(.ARM.extab* .gnu.linkonce.armextab.*)
                0x08006abc                        . = ALIGN (0x4)

.ARM            0x08006abc        0x8
                0x08006abc                        . = ALIGN (0x4)
                0x08006abc                        __exidx_start = .
 *(.ARM.exidx*)
 .ARM.exidx     0x08006abc        0x8 C:/Users/BaoThuan/STM32CubeIDE_1.12.1/STM32CubeIDE/plugins/com.st.stm32cube.ide.mcu.externaltools.gnu-tools-for-stm32.12.3.rel1.win32_1.0.100.202403111256/tools/bin/../lib/gcc/arm-none-eabi/12.3.1/../../../../arm-none-eabi/lib/thumb/v7-m/nofp\libc_nano.a(libc_a-strlen.o)
                0x08006ac4                        __exidx_end = .
                0x08006ac4                        . = ALIGN (0x4)

.rel.dyn        0x08006ac4        0x0
 .rel.iplt      0x08006ac4        0x0 C:/Users/BaoThuan/STM32CubeIDE_1.12.1/STM32CubeIDE/plugins/com.st.stm32cube.ide.mcu.externaltools.gnu-tools-for-stm32.12.3.rel1.win32_1.0.100.202403111256/tools/bin/../lib/gcc/arm-none-eabi/12.3.1/thumb/v7-m/nofp/crtbegin.o

.preinit_array  0x08006ac4        0x0
                0x08006ac4                        . = ALIGN (0x4)
                0x08006ac4                        PROVIDE (__preinit_array_start = .)
 *(.preinit_array*)
                0x08006ac4                        PROVIDE (__preinit_array_end = .)
                0x08006ac4                        . = ALIGN (0x4)

.init_array     0x08006ac4        0x4
                0x08006ac4                        . = ALIGN (0x4)
                0x08006ac4                        PROVIDE (__init_array_start = .)
 *(SORT_BY_NAME(.init_array.*))
 *(.init_array*)
 .init_array    0x08006ac4        0x4 C:/Users/BaoThuan/STM32CubeIDE_1.12.1/STM32CubeIDE/plugins/com.st.stm32cube.ide.mcu.externaltools.gnu-tools-for-stm32.12.3.rel1.win32_1.0.100.202403111256/tools/bin/../lib/gcc/arm-none-eabi/12.3.1/thumb/v7-m/nofp/crtbegin.o
                0x08006ac8                        PROVIDE (__init_array_end = .)
                0x08006ac8                        . = ALIGN (0x4)

.fini_array     0x08006ac8        0x4
                0x08006ac8                        . = ALIGN (0x4)
                [!provide]                        PROVIDE (__fini_array_start = .)
 *(SORT_BY_NAME(.fini_array.*))
 *(.fini_array*)
 .fini_array    0x08006ac8        0x4 C:/Users/BaoThuan/STM32CubeIDE_1.12.1/STM32CubeIDE/plugins/com.st.stm32cube.ide.mcu.externaltools.gnu-tools-for-stm32.12.3.rel1.win32_1.0.100.202403111256/tools/bin/../lib/gcc/arm-none-eabi/12.3.1/thumb/v7-m/nofp/crtbegin.o
                [!provide]                        PROVIDE (__fini_array_end = .)
                0x08006acc                        . = ALIGN (0x4)
                0x08006acc                        _sidata = LOADADDR (.data)

.data           0x20000000      0x128 load address 0x08006acc
                0x20000000                        . = ALIGN (0x4)
                0x20000000                        _sdata = .
 *(.data)
 *(.data*)
 .data.state_hand
                0x20000000        0x1 ./1_Application_stm32/handler_keyIN.o
                0x20000000                state_hand
 .data.row_key_num
                0x20000001        0x1 ./1_Application_stm32/handler_keyIN.o
 .data.row_key_password
                0x20000002        0x1 ./1_Application_stm32/handler_keyIN.o
 *fill*         0x20000003        0x1 
 .data.stt1     0x20000004        0x5 ./1_Application_stm32/handler_keyIN.o
 *fill*         0x20000009        0x3 
 .data.stt2     0x2000000c        0x5 ./1_Application_stm32/handler_keyIN.o
 *fill*         0x20000011        0x3 
 .data.stt3     0x20000014        0x5 ./1_Application_stm32/handler_keyIN.o
 *fill*         0x20000019        0x3 
 .data.stt4     0x2000001c        0x5 ./1_Application_stm32/handler_keyIN.o
 *fill*         0x20000021        0x3 
 .data.stt5     0x20000024        0x5 ./1_Application_stm32/handler_keyIN.o
 *fill*         0x20000029        0x3 
 .data.stt6     0x2000002c        0x5 ./1_Application_stm32/handler_keyIN.o
 *fill*         0x20000031        0x3 
 .data.stt7     0x20000034        0x5 ./1_Application_stm32/handler_keyIN.o
 *fill*         0x20000039        0x3 
 .data.jagged_num
                0x2000003c       0x1c ./1_Application_stm32/handler_keyIN.o
 .data.pass1    0x20000058        0x5 ./1_Application_stm32/handler_keyIN.o
 *fill*         0x2000005d        0x3 
 .data.pass2    0x20000060        0x5 ./1_Application_stm32/handler_keyIN.o
 *fill*         0x20000065        0x3 
 .data.pass3    0x20000068        0x5 ./1_Application_stm32/handler_keyIN.o
 *fill*         0x2000006d        0x3 
 .data.pass4    0x20000070        0x5 ./1_Application_stm32/handler_keyIN.o
 *fill*         0x20000075        0x3 
 .data.pass5    0x20000078        0x5 ./1_Application_stm32/handler_keyIN.o
 *fill*         0x2000007d        0x3 
 .data.pass6    0x20000080        0x5 ./1_Application_stm32/handler_keyIN.o
 *fill*         0x20000085        0x3 
 .data.pass7    0x20000088        0x5 ./1_Application_stm32/handler_keyIN.o
 *fill*         0x2000008d        0x3 
 .data.jagged_pass
                0x20000090       0x1c ./1_Application_stm32/handler_keyIN.o
                0x20000090                jagged_pass
 .data.Config   0x200000ac        0x1 ./1_Application_stm32/lcd_user.o
                0x200000ac                Config
 *fill*         0x200000ad        0x3 
 .data.enter_num_pass
                0x200000b0        0x2 ./1_Application_stm32/lcd_user.o
                0x200000b0                enter_num_pass
 *fill*         0x200000b2        0x2 
 .data.confirm_NUM_PIN
                0x200000b4        0x4 ./1_Application_stm32/uart_user.o
 .data.confirm_RELAY
                0x200000b8        0x4 ./1_Application_stm32/uart_user.o
 .data.state_button
                0x200000bc        0x1 ./Core/Src/main.o
                0x200000bc                state_button
 *fill*         0x200000bd        0x3 
 .data.SystemCoreClock
                0x200000c0        0x4 ./Core/Src/system_stm32f1xx.o
                0x200000c0                SystemCoreClock
 .data.uwTickPrio
                0x200000c4        0x4 ./Drivers/STM32F1xx_HAL_Driver/Src/stm32f1xx_hal.o
                0x200000c4                uwTickPrio
 .data.uwTickFreq
                0x200000c8        0x1 ./Drivers/STM32F1xx_HAL_Driver/Src/stm32f1xx_hal.o
                0x200000c8                uwTickFreq
 *fill*         0x200000c9        0x3 
 .data.__sglue  0x200000cc        0xc C:/Users/BaoThuan/STM32CubeIDE_1.12.1/STM32CubeIDE/plugins/com.st.stm32cube.ide.mcu.externaltools.gnu-tools-for-stm32.12.3.rel1.win32_1.0.100.202403111256/tools/bin/../lib/gcc/arm-none-eabi/12.3.1/../../../../arm-none-eabi/lib/thumb/v7-m/nofp\libc_nano.a(libc_a-findfp.o)
                0x200000cc                __sglue
 .data._impure_ptr
                0x200000d8        0x4 C:/Users/BaoThuan/STM32CubeIDE_1.12.1/STM32CubeIDE/plugins/com.st.stm32cube.ide.mcu.externaltools.gnu-tools-for-stm32.12.3.rel1.win32_1.0.100.202403111256/tools/bin/../lib/gcc/arm-none-eabi/12.3.1/../../../../arm-none-eabi/lib/thumb/v7-m/nofp\libc_nano.a(libc_a-impure.o)
                0x200000d8                _impure_ptr
 .data._impure_data
                0x200000dc       0x4c C:/Users/BaoThuan/STM32CubeIDE_1.12.1/STM32CubeIDE/plugins/com.st.stm32cube.ide.mcu.externaltools.gnu-tools-for-stm32.12.3.rel1.win32_1.0.100.202403111256/tools/bin/../lib/gcc/arm-none-eabi/12.3.1/../../../../arm-none-eabi/lib/thumb/v7-m/nofp\libc_nano.a(libc_a-impure.o)
                0x200000dc                _impure_data
 *(.RamFunc)
 *(.RamFunc*)
                0x20000128                        . = ALIGN (0x4)
                0x20000128                        _edata = .

.igot.plt       0x20000128        0x0 load address 0x08006bf4
 .igot.plt      0x20000128        0x0 C:/Users/BaoThuan/STM32CubeIDE_1.12.1/STM32CubeIDE/plugins/com.st.stm32cube.ide.mcu.externaltools.gnu-tools-for-stm32.12.3.rel1.win32_1.0.100.202403111256/tools/bin/../lib/gcc/arm-none-eabi/12.3.1/thumb/v7-m/nofp/crtbegin.o
                0x20000128                        . = ALIGN (0x4)

.bss            0x20000128      0x370 load address 0x08006bf4
                0x20000128                        _sbss = .
                0x20000128                        __bss_start__ = _sbss
 *(.bss)
 .bss           0x20000128       0x1c C:/Users/BaoThuan/STM32CubeIDE_1.12.1/STM32CubeIDE/plugins/com.st.stm32cube.ide.mcu.externaltools.gnu-tools-for-stm32.12.3.rel1.win32_1.0.100.202403111256/tools/bin/../lib/gcc/arm-none-eabi/12.3.1/thumb/v7-m/nofp/crtbegin.o
 *(.bss*)
 .bss.at24_lock
                0x20000144        0x1 ./0_Driver_stm32/EEPROM.o
 *fill*         0x20000145        0x3 
 .bss.hi2c_lib  0x20000148       0x54 ./0_Driver_stm32/EEPROM.o
 .bss.currentline
                0x2000019c        0x1 ./0_Driver_stm32/i2c-lcd.o
                0x2000019c                currentline
 .bss.Xcursor   0x2000019d        0x1 ./0_Driver_stm32/i2c-lcd.o
                0x2000019d                Xcursor
 .bss.Ycursor   0x2000019e        0x1 ./0_Driver_stm32/i2c-lcd.o
                0x2000019e                Ycursor
 .bss.countWriteChar
                0x2000019f        0x1 ./0_Driver_stm32/i2c-lcd.o
                0x2000019f                countWriteChar
 .bss.CurrentWriteChar
                0x200001a0        0x1 ./0_Driver_stm32/i2c-lcd.o
                0x200001a0                CurrentWriteChar
 *fill*         0x200001a1        0x3 
 .bss.LCD1      0x200001a4        0xc ./0_Driver_stm32/i2c-lcd.o
                0x200001a4                LCD1
 .bss.flag_keypad
                0x200001b0        0x1 ./1_Application_stm32/KeyPad.o
                0x200001b0                flag_keypad
 *fill*         0x200001b1        0x3 
 .bss.IC74HC595_ST_Port
                0x200001b4        0x4 ./1_Application_stm32/fet_74hc595.o
 .bss.IC74hc595_DS_Port
                0x200001b8        0x4 ./1_Application_stm32/fet_74hc595.o
 .bss.IC74HC595_Shift_Port
                0x200001bc        0x4 ./1_Application_stm32/fet_74hc595.o
 .bss.IC74hc595_Shift_Pin
                0x200001c0        0x2 ./1_Application_stm32/fet_74hc595.o
 .bss.IC74hc595_DS_Pin
                0x200001c2        0x2 ./1_Application_stm32/fet_74hc595.o
 .bss.IC74HC595_ST_Pin
                0x200001c4        0x2 ./1_Application_stm32/fet_74hc595.o
 .bss.num_set_fet
                0x200001c6        0x1 ./1_Application_stm32/handler_keyIN.o
                0x200001c6                num_set_fet
 .bss.num_ok    0x200001c7        0x1 ./1_Application_stm32/handler_keyIN.o
 .bss.counter.0
                0x200001c8        0x1 ./1_Application_stm32/handler_keyIN.o
 .bss.Mode      0x200001c9        0x1 ./1_Application_stm32/lcd_user.o
                0x200001c9                Mode
 .bss.Enter     0x200001ca        0x1 ./1_Application_stm32/lcd_user.o
                0x200001ca                Enter
 .bss.flag_button
                0x200001cb        0x1 ./1_Application_stm32/lcd_user.o
                0x200001cb                flag_button
 .bss.state_star_pass
                0x200001cc        0x1 ./1_Application_stm32/lcd_user.o
                0x200001cc                state_star_pass
 .bss.Index_mode
                0x200001cd        0x1 ./1_Application_stm32/lcd_user.o
                0x200001cd                Index_mode
 .bss.Status_Display
                0x200001ce        0x1 ./1_Application_stm32/lcd_user.o
 .bss.language  0x200001cf        0x1 ./1_Application_stm32/lcd_user.o
 .bss.delete    0x200001d0        0x1 ./1_Application_stm32/lcd_user.o
 *fill*         0x200001d1        0x3 
 .bss.Lib_uart  0x200001d4       0x48 ./1_Application_stm32/uart_user.o
 .bss.num       0x2000021c        0x1 ./1_Application_stm32/uart_user.o
 *fill*         0x2000021d        0x3 
 .bss.pin       0x20000220        0x5 ./1_Application_stm32/uart_user.o
 *fill*         0x20000225        0x3 
 .bss.hi2c1     0x20000228       0x54 ./Core/Src/main.o
                0x20000228                hi2c1
 .bss.huart3    0x2000027c       0x48 ./Core/Src/main.o
                0x2000027c                huart3
 .bss.COL_KEY_PAD_main
                0x200002c4       0x18 ./Core/Src/main.o
                0x200002c4                COL_KEY_PAD_main
 .bss.ROW_KEY_PAD_main
                0x200002dc       0x18 ./Core/Src/main.o
                0x200002dc                ROW_KEY_PAD_main
 .bss.key       0x200002f4        0x1 ./Core/Src/main.o
                0x200002f4                key
 *fill*         0x200002f5        0x3 
 .bss.pin_IN    0x200002f8        0x5 ./Core/Src/main.o
                0x200002f8                pin_IN
 *fill*         0x200002fd        0x3 
 .bss.pin_IN_UART
                0x20000300        0x5 ./Core/Src/main.o
                0x20000300                pin_IN_UART
 .bss.num_IN_UART
                0x20000305        0x1 ./Core/Src/main.o
                0x20000305                num_IN_UART
 .bss.readStatus
                0x20000306        0x1 ./Core/Src/main.o
                0x20000306                readStatus
 *fill*         0x20000307        0x1 
 .bss.rData     0x20000308       0x19 ./Core/Src/main.o
                0x20000308                rData
 .bss.relay_uartCont
                0x20000321        0x1 ./Core/Src/main.o
                0x20000321                relay_uartCont
 .bss.rxByte    0x20000322        0x1 ./Core/Src/main.o
                0x20000322                rxByte
 *fill*         0x20000323        0x1 
 .bss.rxBuffer  0x20000324       0x14 ./Core/Src/main.o
                0x20000324                rxBuffer
 .bss.rxBufferIndex
                0x20000338        0x1 ./Core/Src/main.o
                0x20000338                rxBufferIndex
 .bss.flag_rx_done
                0x20000339        0x1 ./Core/Src/main.o
                0x20000339                flag_rx_done
 *fill*         0x2000033a        0x2 
 .bss.TimeBegin.1
                0x2000033c        0x4 ./Core/Src/main.o
 .bss.TimeNow.0
                0x20000340        0x4 ./Core/Src/main.o
 .bss.__sbrk_heap_end
                0x20000344        0x4 ./Core/Src/sysmem.o
 .bss.uwTick    0x20000348        0x4 ./Drivers/STM32F1xx_HAL_Driver/Src/stm32f1xx_hal.o
                0x20000348                uwTick
 .bss.__sf      0x2000034c      0x138 C:/Users/BaoThuan/STM32CubeIDE_1.12.1/STM32CubeIDE/plugins/com.st.stm32cube.ide.mcu.externaltools.gnu-tools-for-stm32.12.3.rel1.win32_1.0.100.202403111256/tools/bin/../lib/gcc/arm-none-eabi/12.3.1/../../../../arm-none-eabi/lib/thumb/v7-m/nofp\libc_nano.a(libc_a-findfp.o)
                0x2000034c                __sf
 .bss.__stdio_exit_handler
                0x20000484        0x4 C:/Users/BaoThuan/STM32CubeIDE_1.12.1/STM32CubeIDE/plugins/com.st.stm32cube.ide.mcu.externaltools.gnu-tools-for-stm32.12.3.rel1.win32_1.0.100.202403111256/tools/bin/../lib/gcc/arm-none-eabi/12.3.1/../../../../arm-none-eabi/lib/thumb/v7-m/nofp\libc_nano.a(libc_a-findfp.o)
                0x20000484                __stdio_exit_handler
 .bss.errno     0x20000488        0x4 C:/Users/BaoThuan/STM32CubeIDE_1.12.1/STM32CubeIDE/plugins/com.st.stm32cube.ide.mcu.externaltools.gnu-tools-for-stm32.12.3.rel1.win32_1.0.100.202403111256/tools/bin/../lib/gcc/arm-none-eabi/12.3.1/../../../../arm-none-eabi/lib/thumb/v7-m/nofp\libc_nano.a(libc_a-reent.o)
                0x20000488                errno
 .bss.__lock___malloc_recursive_mutex
                0x2000048c        0x1 C:/Users/BaoThuan/STM32CubeIDE_1.12.1/STM32CubeIDE/plugins/com.st.stm32cube.ide.mcu.externaltools.gnu-tools-for-stm32.12.3.rel1.win32_1.0.100.202403111256/tools/bin/../lib/gcc/arm-none-eabi/12.3.1/../../../../arm-none-eabi/lib/thumb/v7-m/nofp\libc_nano.a(libc_a-lock.o)
                0x2000048c                __lock___malloc_recursive_mutex
 .bss.__lock___sfp_recursive_mutex
                0x2000048d        0x1 C:/Users/BaoThuan/STM32CubeIDE_1.12.1/STM32CubeIDE/plugins/com.st.stm32cube.ide.mcu.externaltools.gnu-tools-for-stm32.12.3.rel1.win32_1.0.100.202403111256/tools/bin/../lib/gcc/arm-none-eabi/12.3.1/../../../../arm-none-eabi/lib/thumb/v7-m/nofp\libc_nano.a(libc_a-lock.o)
                0x2000048d                __lock___sfp_recursive_mutex
 *fill*         0x2000048e        0x2 
 .bss.__malloc_sbrk_start
                0x20000490        0x4 C:/Users/BaoThuan/STM32CubeIDE_1.12.1/STM32CubeIDE/plugins/com.st.stm32cube.ide.mcu.externaltools.gnu-tools-for-stm32.12.3.rel1.win32_1.0.100.202403111256/tools/bin/../lib/gcc/arm-none-eabi/12.3.1/../../../../arm-none-eabi/lib/thumb/v7-m/nofp\libc_nano.a(libc_a-mallocr.o)
                0x20000490                __malloc_sbrk_start
 .bss.__malloc_free_list
                0x20000494        0x4 C:/Users/BaoThuan/STM32CubeIDE_1.12.1/STM32CubeIDE/plugins/com.st.stm32cube.ide.mcu.externaltools.gnu-tools-for-stm32.12.3.rel1.win32_1.0.100.202403111256/tools/bin/../lib/gcc/arm-none-eabi/12.3.1/../../../../arm-none-eabi/lib/thumb/v7-m/nofp\libc_nano.a(libc_a-mallocr.o)
                0x20000494                __malloc_free_list
 *(COMMON)
                0x20000498                        . = ALIGN (0x4)
                0x20000498                        _ebss = .
                0x20000498                        __bss_end__ = _ebss

._user_heap_stack
                0x20000498      0x600 load address 0x08006bf4
                0x20000498                        . = ALIGN (0x8)
                [!provide]                        PROVIDE (end = .)
                0x20000498                        PROVIDE (_end = .)
                0x20000698                        . = (. + _Min_Heap_Size)
 *fill*         0x20000498      0x200 
                0x20000a98                        . = (. + _Min_Stack_Size)
 *fill*         0x20000698      0x400 
                0x20000a98                        . = ALIGN (0x8)

/DISCARD/
 libc.a(*)
 libm.a(*)
 libgcc.a(*)

.ARM.attributes
                0x00000000       0x29
 *(.ARM.attributes)
 .ARM.attributes
                0x00000000       0x1d C:/Users/BaoThuan/STM32CubeIDE_1.12.1/STM32CubeIDE/plugins/com.st.stm32cube.ide.mcu.externaltools.gnu-tools-for-stm32.12.3.rel1.win32_1.0.100.202403111256/tools/bin/../lib/gcc/arm-none-eabi/12.3.1/thumb/v7-m/nofp/crti.o
 .ARM.attributes
                0x0000001d       0x2d C:/Users/BaoThuan/STM32CubeIDE_1.12.1/STM32CubeIDE/plugins/com.st.stm32cube.ide.mcu.externaltools.gnu-tools-for-stm32.12.3.rel1.win32_1.0.100.202403111256/tools/bin/../lib/gcc/arm-none-eabi/12.3.1/thumb/v7-m/nofp/crtbegin.o
 .ARM.attributes
                0x0000004a       0x2d ./0_Driver_stm32/EEPROM.o
 .ARM.attributes
                0x00000077       0x2d ./0_Driver_stm32/i2c-lcd.o
 .ARM.attributes
                0x000000a4       0x2d ./1_Application_stm32/KeyPad.o
 .ARM.attributes
                0x000000d1       0x2d ./1_Application_stm32/fet_74hc595.o
 .ARM.attributes
                0x000000fe       0x2d ./1_Application_stm32/handler_keyIN.o
 .ARM.attributes
                0x0000012b       0x2d ./1_Application_stm32/lcd_user.o
 .ARM.attributes
                0x00000158       0x2d ./1_Application_stm32/uart_user.o
 .ARM.attributes
                0x00000185       0x2d ./Core/Src/main.o
 .ARM.attributes
                0x000001b2       0x2d ./Core/Src/stm32f1xx_hal_msp.o
 .ARM.attributes
                0x000001df       0x2d ./Core/Src/stm32f1xx_it.o
 .ARM.attributes
                0x0000020c       0x2d ./Core/Src/syscalls.o
 .ARM.attributes
                0x00000239       0x2d ./Core/Src/sysmem.o
 .ARM.attributes
                0x00000266       0x2d ./Core/Src/system_stm32f1xx.o
 .ARM.attributes
                0x00000293       0x21 ./Core/Startup/startup_stm32f103c8tx.o
 .ARM.attributes
                0x000002b4       0x2d ./Drivers/STM32F1xx_HAL_Driver/Src/stm32f1xx_hal.o
 .ARM.attributes
                0x000002e1       0x2d ./Drivers/STM32F1xx_HAL_Driver/Src/stm32f1xx_hal_cortex.o
 .ARM.attributes
                0x0000030e       0x2d ./Drivers/STM32F1xx_HAL_Driver/Src/stm32f1xx_hal_dma.o
 .ARM.attributes
                0x0000033b       0x2d ./Drivers/STM32F1xx_HAL_Driver/Src/stm32f1xx_hal_gpio.o
 .ARM.attributes
                0x00000368       0x2d ./Drivers/STM32F1xx_HAL_Driver/Src/stm32f1xx_hal_i2c.o
 .ARM.attributes
                0x00000395       0x2d ./Drivers/STM32F1xx_HAL_Driver/Src/stm32f1xx_hal_rcc.o
 .ARM.attributes
                0x000003c2       0x2d ./Drivers/STM32F1xx_HAL_Driver/Src/stm32f1xx_hal_uart.o
 .ARM.attributes
                0x000003ef       0x2d C:/Users/BaoThuan/STM32CubeIDE_1.12.1/STM32CubeIDE/plugins/com.st.stm32cube.ide.mcu.externaltools.gnu-tools-for-stm32.12.3.rel1.win32_1.0.100.202403111256/tools/bin/../lib/gcc/arm-none-eabi/12.3.1/../../../../arm-none-eabi/lib/thumb/v7-m/nofp\libc_nano.a(libc_a-findfp.o)
 .ARM.attributes
                0x0000041c       0x2d C:/Users/BaoThuan/STM32CubeIDE_1.12.1/STM32CubeIDE/plugins/com.st.stm32cube.ide.mcu.externaltools.gnu-tools-for-stm32.12.3.rel1.win32_1.0.100.202403111256/tools/bin/../lib/gcc/arm-none-eabi/12.3.1/../../../../arm-none-eabi/lib/thumb/v7-m/nofp\libc_nano.a(libc_a-fwalk.o)
 .ARM.attributes
                0x00000449       0x2d C:/Users/BaoThuan/STM32CubeIDE_1.12.1/STM32CubeIDE/plugins/com.st.stm32cube.ide.mcu.externaltools.gnu-tools-for-stm32.12.3.rel1.win32_1.0.100.202403111256/tools/bin/../lib/gcc/arm-none-eabi/12.3.1/../../../../arm-none-eabi/lib/thumb/v7-m/nofp\libc_nano.a(libc_a-sprintf.o)
 .ARM.attributes
                0x00000476       0x2d C:/Users/BaoThuan/STM32CubeIDE_1.12.1/STM32CubeIDE/plugins/com.st.stm32cube.ide.mcu.externaltools.gnu-tools-for-stm32.12.3.rel1.win32_1.0.100.202403111256/tools/bin/../lib/gcc/arm-none-eabi/12.3.1/../../../../arm-none-eabi/lib/thumb/v7-m/nofp\libc_nano.a(libc_a-stdio.o)
 .ARM.attributes
                0x000004a3       0x2d C:/Users/BaoThuan/STM32CubeIDE_1.12.1/STM32CubeIDE/plugins/com.st.stm32cube.ide.mcu.externaltools.gnu-tools-for-stm32.12.3.rel1.win32_1.0.100.202403111256/tools/bin/../lib/gcc/arm-none-eabi/12.3.1/../../../../arm-none-eabi/lib/thumb/v7-m/nofp\libc_nano.a(libc_a-memset.o)
 .ARM.attributes
                0x000004d0       0x2d C:/Users/BaoThuan/STM32CubeIDE_1.12.1/STM32CubeIDE/plugins/com.st.stm32cube.ide.mcu.externaltools.gnu-tools-for-stm32.12.3.rel1.win32_1.0.100.202403111256/tools/bin/../lib/gcc/arm-none-eabi/12.3.1/../../../../arm-none-eabi/lib/thumb/v7-m/nofp\libc_nano.a(libc_a-strtok.o)
 .ARM.attributes
                0x000004fd       0x2d C:/Users/BaoThuan/STM32CubeIDE_1.12.1/STM32CubeIDE/plugins/com.st.stm32cube.ide.mcu.externaltools.gnu-tools-for-stm32.12.3.rel1.win32_1.0.100.202403111256/tools/bin/../lib/gcc/arm-none-eabi/12.3.1/../../../../arm-none-eabi/lib/thumb/v7-m/nofp\libc_nano.a(libc_a-strtok_r.o)
 .ARM.attributes
                0x0000052a       0x2d C:/Users/BaoThuan/STM32CubeIDE_1.12.1/STM32CubeIDE/plugins/com.st.stm32cube.ide.mcu.externaltools.gnu-tools-for-stm32.12.3.rel1.win32_1.0.100.202403111256/tools/bin/../lib/gcc/arm-none-eabi/12.3.1/../../../../arm-none-eabi/lib/thumb/v7-m/nofp\libc_nano.a(libc_a-strstr.o)
 .ARM.attributes
                0x00000557       0x2d C:/Users/BaoThuan/STM32CubeIDE_1.12.1/STM32CubeIDE/plugins/com.st.stm32cube.ide.mcu.externaltools.gnu-tools-for-stm32.12.3.rel1.win32_1.0.100.202403111256/tools/bin/../lib/gcc/arm-none-eabi/12.3.1/../../../../arm-none-eabi/lib/thumb/v7-m/nofp\libc_nano.a(libc_a-closer.o)
 .ARM.attributes
                0x00000584       0x2d C:/Users/BaoThuan/STM32CubeIDE_1.12.1/STM32CubeIDE/plugins/com.st.stm32cube.ide.mcu.externaltools.gnu-tools-for-stm32.12.3.rel1.win32_1.0.100.202403111256/tools/bin/../lib/gcc/arm-none-eabi/12.3.1/../../../../arm-none-eabi/lib/thumb/v7-m/nofp\libc_nano.a(libc_a-reent.o)
 .ARM.attributes
                0x000005b1       0x2d C:/Users/BaoThuan/STM32CubeIDE_1.12.1/STM32CubeIDE/plugins/com.st.stm32cube.ide.mcu.externaltools.gnu-tools-for-stm32.12.3.rel1.win32_1.0.100.202403111256/tools/bin/../lib/gcc/arm-none-eabi/12.3.1/../../../../arm-none-eabi/lib/thumb/v7-m/nofp\libc_nano.a(libc_a-impure.o)
 .ARM.attributes
                0x000005de       0x2d C:/Users/BaoThuan/STM32CubeIDE_1.12.1/STM32CubeIDE/plugins/com.st.stm32cube.ide.mcu.externaltools.gnu-tools-for-stm32.12.3.rel1.win32_1.0.100.202403111256/tools/bin/../lib/gcc/arm-none-eabi/12.3.1/../../../../arm-none-eabi/lib/thumb/v7-m/nofp\libc_nano.a(libc_a-lseekr.o)
 .ARM.attributes
                0x0000060b       0x2d C:/Users/BaoThuan/STM32CubeIDE_1.12.1/STM32CubeIDE/plugins/com.st.stm32cube.ide.mcu.externaltools.gnu-tools-for-stm32.12.3.rel1.win32_1.0.100.202403111256/tools/bin/../lib/gcc/arm-none-eabi/12.3.1/../../../../arm-none-eabi/lib/thumb/v7-m/nofp\libc_nano.a(libc_a-readr.o)
 .ARM.attributes
                0x00000638       0x2d C:/Users/BaoThuan/STM32CubeIDE_1.12.1/STM32CubeIDE/plugins/com.st.stm32cube.ide.mcu.externaltools.gnu-tools-for-stm32.12.3.rel1.win32_1.0.100.202403111256/tools/bin/../lib/gcc/arm-none-eabi/12.3.1/../../../../arm-none-eabi/lib/thumb/v7-m/nofp\libc_nano.a(libc_a-writer.o)
 .ARM.attributes
                0x00000665       0x2d C:/Users/BaoThuan/STM32CubeIDE_1.12.1/STM32CubeIDE/plugins/com.st.stm32cube.ide.mcu.externaltools.gnu-tools-for-stm32.12.3.rel1.win32_1.0.100.202403111256/tools/bin/../lib/gcc/arm-none-eabi/12.3.1/../../../../arm-none-eabi/lib/thumb/v7-m/nofp\libc_nano.a(libc_a-errno.o)
 .ARM.attributes
                0x00000692       0x2d C:/Users/BaoThuan/STM32CubeIDE_1.12.1/STM32CubeIDE/plugins/com.st.stm32cube.ide.mcu.externaltools.gnu-tools-for-stm32.12.3.rel1.win32_1.0.100.202403111256/tools/bin/../lib/gcc/arm-none-eabi/12.3.1/../../../../arm-none-eabi/lib/thumb/v7-m/nofp\libc_nano.a(libc_a-init.o)
 .ARM.attributes
                0x000006bf       0x2d C:/Users/BaoThuan/STM32CubeIDE_1.12.1/STM32CubeIDE/plugins/com.st.stm32cube.ide.mcu.externaltools.gnu-tools-for-stm32.12.3.rel1.win32_1.0.100.202403111256/tools/bin/../lib/gcc/arm-none-eabi/12.3.1/../../../../arm-none-eabi/lib/thumb/v7-m/nofp\libc_nano.a(libc_a-lock.o)
 .ARM.attributes
                0x000006ec       0x2d C:/Users/BaoThuan/STM32CubeIDE_1.12.1/STM32CubeIDE/plugins/com.st.stm32cube.ide.mcu.externaltools.gnu-tools-for-stm32.12.3.rel1.win32_1.0.100.202403111256/tools/bin/../lib/gcc/arm-none-eabi/12.3.1/../../../../arm-none-eabi/lib/thumb/v7-m/nofp\libc_nano.a(libc_a-memcpy-stub.o)
 .ARM.attributes
                0x00000719       0x17 C:/Users/BaoThuan/STM32CubeIDE_1.12.1/STM32CubeIDE/plugins/com.st.stm32cube.ide.mcu.externaltools.gnu-tools-for-stm32.12.3.rel1.win32_1.0.100.202403111256/tools/bin/../lib/gcc/arm-none-eabi/12.3.1/../../../../arm-none-eabi/lib/thumb/v7-m/nofp\libc_nano.a(libc_a-strlen.o)
 .ARM.attributes
                0x00000730       0x2d C:/Users/BaoThuan/STM32CubeIDE_1.12.1/STM32CubeIDE/plugins/com.st.stm32cube.ide.mcu.externaltools.gnu-tools-for-stm32.12.3.rel1.win32_1.0.100.202403111256/tools/bin/../lib/gcc/arm-none-eabi/12.3.1/../../../../arm-none-eabi/lib/thumb/v7-m/nofp\libc_nano.a(libc_a-assert.o)
 .ARM.attributes
                0x0000075d       0x2d C:/Users/BaoThuan/STM32CubeIDE_1.12.1/STM32CubeIDE/plugins/com.st.stm32cube.ide.mcu.externaltools.gnu-tools-for-stm32.12.3.rel1.win32_1.0.100.202403111256/tools/bin/../lib/gcc/arm-none-eabi/12.3.1/../../../../arm-none-eabi/lib/thumb/v7-m/nofp\libc_nano.a(libc_a-freer.o)
 .ARM.attributes
                0x0000078a       0x2d C:/Users/BaoThuan/STM32CubeIDE_1.12.1/STM32CubeIDE/plugins/com.st.stm32cube.ide.mcu.externaltools.gnu-tools-for-stm32.12.3.rel1.win32_1.0.100.202403111256/tools/bin/../lib/gcc/arm-none-eabi/12.3.1/../../../../arm-none-eabi/lib/thumb/v7-m/nofp\libc_nano.a(libc_a-malloc.o)
 .ARM.attributes
                0x000007b7       0x2d C:/Users/BaoThuan/STM32CubeIDE_1.12.1/STM32CubeIDE/plugins/com.st.stm32cube.ide.mcu.externaltools.gnu-tools-for-stm32.12.3.rel1.win32_1.0.100.202403111256/tools/bin/../lib/gcc/arm-none-eabi/12.3.1/../../../../arm-none-eabi/lib/thumb/v7-m/nofp\libc_nano.a(libc_a-mallocr.o)
 .ARM.attributes
                0x000007e4       0x2d C:/Users/BaoThuan/STM32CubeIDE_1.12.1/STM32CubeIDE/plugins/com.st.stm32cube.ide.mcu.externaltools.gnu-tools-for-stm32.12.3.rel1.win32_1.0.100.202403111256/tools/bin/../lib/gcc/arm-none-eabi/12.3.1/../../../../arm-none-eabi/lib/thumb/v7-m/nofp\libc_nano.a(libc_a-mlock.o)
 .ARM.attributes
                0x00000811       0x2d C:/Users/BaoThuan/STM32CubeIDE_1.12.1/STM32CubeIDE/plugins/com.st.stm32cube.ide.mcu.externaltools.gnu-tools-for-stm32.12.3.rel1.win32_1.0.100.202403111256/tools/bin/../lib/gcc/arm-none-eabi/12.3.1/../../../../arm-none-eabi/lib/thumb/v7-m/nofp\libc_nano.a(libc_a-nano-svfprintf.o)
 .ARM.attributes
                0x0000083e       0x2d C:/Users/BaoThuan/STM32CubeIDE_1.12.1/STM32CubeIDE/plugins/com.st.stm32cube.ide.mcu.externaltools.gnu-tools-for-stm32.12.3.rel1.win32_1.0.100.202403111256/tools/bin/../lib/gcc/arm-none-eabi/12.3.1/../../../../arm-none-eabi/lib/thumb/v7-m/nofp\libc_nano.a(libc_a-nano-vfprintf_i.o)
 .ARM.attributes
                0x0000086b       0x2d C:/Users/BaoThuan/STM32CubeIDE_1.12.1/STM32CubeIDE/plugins/com.st.stm32cube.ide.mcu.externaltools.gnu-tools-for-stm32.12.3.rel1.win32_1.0.100.202403111256/tools/bin/../lib/gcc/arm-none-eabi/12.3.1/../../../../arm-none-eabi/lib/thumb/v7-m/nofp\libc_nano.a(libc_a-fflush.o)
 .ARM.attributes
                0x00000898       0x2d C:/Users/BaoThuan/STM32CubeIDE_1.12.1/STM32CubeIDE/plugins/com.st.stm32cube.ide.mcu.externaltools.gnu-tools-for-stm32.12.3.rel1.win32_1.0.100.202403111256/tools/bin/../lib/gcc/arm-none-eabi/12.3.1/../../../../arm-none-eabi/lib/thumb/v7-m/nofp\libc_nano.a(libc_a-fprintf.o)
 .ARM.attributes
                0x000008c5       0x2d C:/Users/BaoThuan/STM32CubeIDE_1.12.1/STM32CubeIDE/plugins/com.st.stm32cube.ide.mcu.externaltools.gnu-tools-for-stm32.12.3.rel1.win32_1.0.100.202403111256/tools/bin/../lib/gcc/arm-none-eabi/12.3.1/../../../../arm-none-eabi/lib/thumb/v7-m/nofp\libc_nano.a(libc_a-memmove.o)
 .ARM.attributes
                0x000008f2       0x2d C:/Users/BaoThuan/STM32CubeIDE_1.12.1/STM32CubeIDE/plugins/com.st.stm32cube.ide.mcu.externaltools.gnu-tools-for-stm32.12.3.rel1.win32_1.0.100.202403111256/tools/bin/../lib/gcc/arm-none-eabi/12.3.1/../../../../arm-none-eabi/lib/thumb/v7-m/nofp\libc_nano.a(libc_a-sbrkr.o)
 .ARM.attributes
                0x0000091f       0x2d C:/Users/BaoThuan/STM32CubeIDE_1.12.1/STM32CubeIDE/plugins/com.st.stm32cube.ide.mcu.externaltools.gnu-tools-for-stm32.12.3.rel1.win32_1.0.100.202403111256/tools/bin/../lib/gcc/arm-none-eabi/12.3.1/../../../../arm-none-eabi/lib/thumb/v7-m/nofp\libc_nano.a(libc_a-memchr-stub.o)
 .ARM.attributes
                0x0000094c       0x2d C:/Users/BaoThuan/STM32CubeIDE_1.12.1/STM32CubeIDE/plugins/com.st.stm32cube.ide.mcu.externaltools.gnu-tools-for-stm32.12.3.rel1.win32_1.0.100.202403111256/tools/bin/../lib/gcc/arm-none-eabi/12.3.1/../../../../arm-none-eabi/lib/thumb/v7-m/nofp\libc_nano.a(libc_a-abort.o)
 .ARM.attributes
                0x00000979       0x2d C:/Users/BaoThuan/STM32CubeIDE_1.12.1/STM32CubeIDE/plugins/com.st.stm32cube.ide.mcu.externaltools.gnu-tools-for-stm32.12.3.rel1.win32_1.0.100.202403111256/tools/bin/../lib/gcc/arm-none-eabi/12.3.1/../../../../arm-none-eabi/lib/thumb/v7-m/nofp\libc_nano.a(libc_a-reallocr.o)
 .ARM.attributes
                0x000009a6       0x2d C:/Users/BaoThuan/STM32CubeIDE_1.12.1/STM32CubeIDE/plugins/com.st.stm32cube.ide.mcu.externaltools.gnu-tools-for-stm32.12.3.rel1.win32_1.0.100.202403111256/tools/bin/../lib/gcc/arm-none-eabi/12.3.1/../../../../arm-none-eabi/lib/thumb/v7-m/nofp\libc_nano.a(libc_a-nano-vfprintf.o)
 .ARM.attributes
                0x000009d3       0x2d C:/Users/BaoThuan/STM32CubeIDE_1.12.1/STM32CubeIDE/plugins/com.st.stm32cube.ide.mcu.externaltools.gnu-tools-for-stm32.12.3.rel1.win32_1.0.100.202403111256/tools/bin/../lib/gcc/arm-none-eabi/12.3.1/../../../../arm-none-eabi/lib/thumb/v7-m/nofp\libc_nano.a(libc_a-wbuf.o)
 .ARM.attributes
                0x00000a00       0x2d C:/Users/BaoThuan/STM32CubeIDE_1.12.1/STM32CubeIDE/plugins/com.st.stm32cube.ide.mcu.externaltools.gnu-tools-for-stm32.12.3.rel1.win32_1.0.100.202403111256/tools/bin/../lib/gcc/arm-none-eabi/12.3.1/../../../../arm-none-eabi/lib/thumb/v7-m/nofp\libc_nano.a(libc_a-wsetup.o)
 .ARM.attributes
                0x00000a2d       0x2d C:/Users/BaoThuan/STM32CubeIDE_1.12.1/STM32CubeIDE/plugins/com.st.stm32cube.ide.mcu.externaltools.gnu-tools-for-stm32.12.3.rel1.win32_1.0.100.202403111256/tools/bin/../lib/gcc/arm-none-eabi/12.3.1/../../../../arm-none-eabi/lib/thumb/v7-m/nofp\libc_nano.a(libc_a-signal.o)
 .ARM.attributes
                0x00000a5a       0x2d C:/Users/BaoThuan/STM32CubeIDE_1.12.1/STM32CubeIDE/plugins/com.st.stm32cube.ide.mcu.externaltools.gnu-tools-for-stm32.12.3.rel1.win32_1.0.100.202403111256/tools/bin/../lib/gcc/arm-none-eabi/12.3.1/../../../../arm-none-eabi/lib/thumb/v7-m/nofp\libc_nano.a(libc_a-signalr.o)
 .ARM.attributes
                0x00000a87       0x2d C:/Users/BaoThuan/STM32CubeIDE_1.12.1/STM32CubeIDE/plugins/com.st.stm32cube.ide.mcu.externaltools.gnu-tools-for-stm32.12.3.rel1.win32_1.0.100.202403111256/tools/bin/../lib/gcc/arm-none-eabi/12.3.1/../../../../arm-none-eabi/lib/thumb/v7-m/nofp\libc_nano.a(libc_a-msizer.o)
 .ARM.attributes
                0x00000ab4       0x2d C:/Users/BaoThuan/STM32CubeIDE_1.12.1/STM32CubeIDE/plugins/com.st.stm32cube.ide.mcu.externaltools.gnu-tools-for-stm32.12.3.rel1.win32_1.0.100.202403111256/tools/bin/../lib/gcc/arm-none-eabi/12.3.1/../../../../arm-none-eabi/lib/thumb/v7-m/nofp\libc_nano.a(libc_a-makebuf.o)
 .ARM.attributes
                0x00000ae1       0x2d C:/Users/BaoThuan/STM32CubeIDE_1.12.1/STM32CubeIDE/plugins/com.st.stm32cube.ide.mcu.externaltools.gnu-tools-for-stm32.12.3.rel1.win32_1.0.100.202403111256/tools/bin/../lib/gcc/arm-none-eabi/12.3.1/../../../../arm-none-eabi/lib/thumb/v7-m/nofp\libc_nano.a(libc_a-fstatr.o)
 .ARM.attributes
                0x00000b0e       0x2d C:/Users/BaoThuan/STM32CubeIDE_1.12.1/STM32CubeIDE/plugins/com.st.stm32cube.ide.mcu.externaltools.gnu-tools-for-stm32.12.3.rel1.win32_1.0.100.202403111256/tools/bin/../lib/gcc/arm-none-eabi/12.3.1/../../../../arm-none-eabi/lib/thumb/v7-m/nofp\libc_nano.a(libc_a-isattyr.o)
 .ARM.attributes
                0x00000b3b       0x1d C:/Users/BaoThuan/STM32CubeIDE_1.12.1/STM32CubeIDE/plugins/com.st.stm32cube.ide.mcu.externaltools.gnu-tools-for-stm32.12.3.rel1.win32_1.0.100.202403111256/tools/bin/../lib/gcc/arm-none-eabi/12.3.1/thumb/v7-m/nofp/crtn.o
OUTPUT(TuThuoc_main.elf elf32-littlearm)
LOAD linker stubs
LOAD C:/Users/BaoThuan/STM32CubeIDE_1.12.1/STM32CubeIDE/plugins/com.st.stm32cube.ide.mcu.externaltools.gnu-tools-for-stm32.12.3.rel1.win32_1.0.100.202403111256/tools/bin/../lib/gcc/arm-none-eabi/12.3.1/../../../../arm-none-eabi/lib/thumb/v7-m/nofp\libc.a
LOAD C:/Users/BaoThuan/STM32CubeIDE_1.12.1/STM32CubeIDE/plugins/com.st.stm32cube.ide.mcu.externaltools.gnu-tools-for-stm32.12.3.rel1.win32_1.0.100.202403111256/tools/bin/../lib/gcc/arm-none-eabi/12.3.1/../../../../arm-none-eabi/lib/thumb/v7-m/nofp\libm.a
LOAD C:/Users/BaoThuan/STM32CubeIDE_1.12.1/STM32CubeIDE/plugins/com.st.stm32cube.ide.mcu.externaltools.gnu-tools-for-stm32.12.3.rel1.win32_1.0.100.202403111256/tools/bin/../lib/gcc/arm-none-eabi/12.3.1/thumb/v7-m/nofp\libgcc.a

.debug_info     0x00000000     0xe1e3
 .debug_info    0x00000000      0x7bd ./0_Driver_stm32/EEPROM.o
 .debug_info    0x000007bd      0x96e ./0_Driver_stm32/i2c-lcd.o
 .debug_info    0x0000112b      0x501 ./1_Application_stm32/KeyPad.o
 .debug_info    0x0000162c      0x297 ./1_Application_stm32/fet_74hc595.o
 .debug_info    0x000018c3      0xa30 ./1_Application_stm32/handler_keyIN.o
 .debug_info    0x000022f3      0x8c5 ./1_Application_stm32/lcd_user.o
 .debug_info    0x00002bb8      0x838 ./1_Application_stm32/uart_user.o
 .debug_info    0x000033f0     0x161a ./Core/Src/main.o
 .debug_info    0x00004a0a      0xca2 ./Core/Src/stm32f1xx_hal_msp.o
 .debug_info    0x000056ac      0x640 ./Core/Src/stm32f1xx_it.o
 .debug_info    0x00005cec      0x6a3 ./Core/Src/syscalls.o
 .debug_info    0x0000638f      0x168 ./Core/Src/sysmem.o
 .debug_info    0x000064f7      0x222 ./Core/Src/system_stm32f1xx.o
 .debug_info    0x00006719       0x30 ./Core/Startup/startup_stm32f103c8tx.o
 .debug_info    0x00006749      0x704 ./Drivers/STM32F1xx_HAL_Driver/Src/stm32f1xx_hal.o
 .debug_info    0x00006e4d      0xa87 ./Drivers/STM32F1xx_HAL_Driver/Src/stm32f1xx_hal_cortex.o
 .debug_info    0x000078d4      0x6d2 ./Drivers/STM32F1xx_HAL_Driver/Src/stm32f1xx_hal_dma.o
 .debug_info    0x00007fa6      0x5ab ./Drivers/STM32F1xx_HAL_Driver/Src/stm32f1xx_hal_gpio.o
 .debug_info    0x00008551     0x2515 ./Drivers/STM32F1xx_HAL_Driver/Src/stm32f1xx_hal_i2c.o
 .debug_info    0x0000aa66      0x7d5 ./Drivers/STM32F1xx_HAL_Driver/Src/stm32f1xx_hal_rcc.o
 .debug_info    0x0000b23b     0x2fa8 ./Drivers/STM32F1xx_HAL_Driver/Src/stm32f1xx_hal_uart.o

.debug_abbrev   0x00000000     0x28d7
 .debug_abbrev  0x00000000      0x1f2 ./0_Driver_stm32/EEPROM.o
 .debug_abbrev  0x000001f2      0x1fc ./0_Driver_stm32/i2c-lcd.o
 .debug_abbrev  0x000003ee      0x215 ./1_Application_stm32/KeyPad.o
 .debug_abbrev  0x00000603      0x158 ./1_Application_stm32/fet_74hc595.o
 .debug_abbrev  0x0000075b      0x20b ./1_Application_stm32/handler_keyIN.o
 .debug_abbrev  0x00000966      0x1b8 ./1_Application_stm32/lcd_user.o
 .debug_abbrev  0x00000b1e      0x24f ./1_Application_stm32/uart_user.o
 .debug_abbrev  0x00000d6d      0x30b ./Core/Src/main.o
 .debug_abbrev  0x00001078      0x1ca ./Core/Src/stm32f1xx_hal_msp.o
 .debug_abbrev  0x00001242      0x1a4 ./Core/Src/stm32f1xx_it.o
 .debug_abbrev  0x000013e6      0x1b6 ./Core/Src/syscalls.o
 .debug_abbrev  0x0000159c       0xbc ./Core/Src/sysmem.o
 .debug_abbrev  0x00001658      0x13f ./Core/Src/system_stm32f1xx.o
 .debug_abbrev  0x00001797       0x24 ./Core/Startup/startup_stm32f103c8tx.o
 .debug_abbrev  0x000017bb      0x201 ./Drivers/STM32F1xx_HAL_Driver/Src/stm32f1xx_hal.o
 .debug_abbrev  0x000019bc      0x2f8 ./Drivers/STM32F1xx_HAL_Driver/Src/stm32f1xx_hal_cortex.o
 .debug_abbrev  0x00001cb4      0x20b ./Drivers/STM32F1xx_HAL_Driver/Src/stm32f1xx_hal_dma.o
 .debug_abbrev  0x00001ebf      0x1ca ./Drivers/STM32F1xx_HAL_Driver/Src/stm32f1xx_hal_gpio.o
 .debug_abbrev  0x00002089      0x2a3 ./Drivers/STM32F1xx_HAL_Driver/Src/stm32f1xx_hal_i2c.o
 .debug_abbrev  0x0000232c      0x2b3 ./Drivers/STM32F1xx_HAL_Driver/Src/stm32f1xx_hal_rcc.o
 .debug_abbrev  0x000025df      0x2f8 ./Drivers/STM32F1xx_HAL_Driver/Src/stm32f1xx_hal_uart.o

.debug_aranges  0x00000000      0xbe0
 .debug_aranges
                0x00000000       0x40 ./0_Driver_stm32/EEPROM.o
 .debug_aranges
                0x00000040       0x78 ./0_Driver_stm32/i2c-lcd.o
 .debug_aranges
                0x000000b8       0x38 ./1_Application_stm32/KeyPad.o
 .debug_aranges
                0x000000f0       0x28 ./1_Application_stm32/fet_74hc595.o
 .debug_aranges
                0x00000118       0x28 ./1_Application_stm32/handler_keyIN.o
 .debug_aranges
                0x00000140       0x28 ./1_Application_stm32/lcd_user.o
 .debug_aranges
                0x00000168       0x48 ./1_Application_stm32/uart_user.o
 .debug_aranges
                0x000001b0       0x58 ./Core/Src/main.o
 .debug_aranges
                0x00000208       0x40 ./Core/Src/stm32f1xx_hal_msp.o
 .debug_aranges
                0x00000248       0x88 ./Core/Src/stm32f1xx_it.o
 .debug_aranges
                0x000002d0       0xa8 ./Core/Src/syscalls.o
 .debug_aranges
                0x00000378       0x20 ./Core/Src/sysmem.o
 .debug_aranges
                0x00000398       0x28 ./Core/Src/system_stm32f1xx.o
 .debug_aranges
                0x000003c0       0x28 ./Core/Startup/startup_stm32f103c8tx.o
 .debug_aranges
                0x000003e8       0xe0 ./Drivers/STM32F1xx_HAL_Driver/Src/stm32f1xx_hal.o
 .debug_aranges
                0x000004c8      0x100 ./Drivers/STM32F1xx_HAL_Driver/Src/stm32f1xx_hal_cortex.o
 .debug_aranges
                0x000005c8       0x80 ./Drivers/STM32F1xx_HAL_Driver/Src/stm32f1xx_hal_dma.o
 .debug_aranges
                0x00000648       0x58 ./Drivers/STM32F1xx_HAL_Driver/Src/stm32f1xx_hal_gpio.o
 .debug_aranges
                0x000006a0      0x2a8 ./Drivers/STM32F1xx_HAL_Driver/Src/stm32f1xx_hal_i2c.o
 .debug_aranges
                0x00000948       0x90 ./Drivers/STM32F1xx_HAL_Driver/Src/stm32f1xx_hal_rcc.o
 .debug_aranges