Archive member included to satisfy reference by file (symbol)

c:/users/baothuan/stm32cubeide_1.12.1/stm32cubeide/plugins/com.st.stm32cube.ide.mcu.externaltools.gnu-tools-for-stm32.10.3-2021.10.win32_1.0.200.202301161003/tools/bin/../lib/gcc/arm-none-eabi/10.3.1/../../../../arm-none-eabi/lib/thumb/v7-m/nofp\libc_nano.a(lib_a-errno.o)
                              ./Core/Src/syscalls.o (__errno)
c:/users/baothuan/stm32cubeide_1.12.1/stm32cubeide/plugins/com.st.stm32cube.ide.mcu.externaltools.gnu-tools-for-stm32.10.3-2021.10.win32_1.0.200.202301161003/tools/bin/../lib/gcc/arm-none-eabi/10.3.1/../../../../arm-none-eabi/lib/thumb/v7-m/nofp\libc_nano.a(lib_a-exit.o)
                              c:/users/baothuan/stm32cubeide_1.12.1/stm32cubeide/plugins/com.st.stm32cube.ide.mcu.externaltools.gnu-tools-for-stm32.10.3-2021.10.win32_1.0.200.202301161003/tools/bin/../lib/gcc/arm-none-eabi/10.3.1/../../../../arm-none-eabi/lib/thumb/v7-m/nofp/crt0.o (exit)
c:/users/baothuan/stm32cubeide_1.12.1/stm32cubeide/plugins/com.st.stm32cube.ide.mcu.externaltools.gnu-tools-for-stm32.10.3-2021.10.win32_1.0.200.202301161003/tools/bin/../lib/gcc/arm-none-eabi/10.3.1/../../../../arm-none-eabi/lib/thumb/v7-m/nofp\libc_nano.a(lib_a-impure.o)
                              c:/users/baothuan/stm32cubeide_1.12.1/stm32cubeide/plugins/com.st.stm32cube.ide.mcu.externaltools.gnu-tools-for-stm32.10.3-2021.10.win32_1.0.200.202301161003/tools/bin/../lib/gcc/arm-none-eabi/10.3.1/../../../../arm-none-eabi/lib/thumb/v7-m/nofp\libc_nano.a(lib_a-exit.o) (_global_impure_ptr)
c:/users/baothuan/stm32cubeide_1.12.1/stm32cubeide/plugins/com.st.stm32cube.ide.mcu.externaltools.gnu-tools-for-stm32.10.3-2021.10.win32_1.0.200.202301161003/tools/bin/../lib/gcc/arm-none-eabi/10.3.1/../../../../arm-none-eabi/lib/thumb/v7-m/nofp\libc_nano.a(lib_a-init.o)
                              c:/users/baothuan/stm32cubeide_1.12.1/stm32cubeide/plugins/com.st.stm32cube.ide.mcu.externaltools.gnu-tools-for-stm32.10.3-2021.10.win32_1.0.200.202301161003/tools/bin/../lib/gcc/arm-none-eabi/10.3.1/../../../../arm-none-eabi/lib/thumb/v7-m/nofp/crt0.o (__libc_init_array)
c:/users/baothuan/stm32cubeide_1.12.1/stm32cubeide/plugins/com.st.stm32cube.ide.mcu.externaltools.gnu-tools-for-stm32.10.3-2021.10.win32_1.0.200.202301161003/tools/bin/../lib/gcc/arm-none-eabi/10.3.1/../../../../arm-none-eabi/lib/thumb/v7-m/nofp\libc_nano.a(lib_a-memset.o)
                              c:/users/baothuan/stm32cubeide_1.12.1/stm32cubeide/plugins/com.st.stm32cube.ide.mcu.externaltools.gnu-tools-for-stm32.10.3-2021.10.win32_1.0.200.202301161003/tools/bin/../lib/gcc/arm-none-eabi/10.3.1/../../../../arm-none-eabi/lib/thumb/v7-m/nofp/crt0.o (memset)

Discarded input sections

 .text          0x0000000000000000        0x0 c:/users/baothuan/stm32cubeide_1.12.1/stm32cubeide/plugins/com.st.stm32cube.ide.mcu.externaltools.gnu-tools-for-stm32.10.3-2021.10.win32_1.0.200.202301161003/tools/bin/../lib/gcc/arm-none-eabi/10.3.1/thumb/v7-m/nofp/crti.o
 .data          0x0000000000000000        0x0 c:/users/baothuan/stm32cubeide_1.12.1/stm32cubeide/plugins/com.st.stm32cube.ide.mcu.externaltools.gnu-tools-for-stm32.10.3-2021.10.win32_1.0.200.202301161003/tools/bin/../lib/gcc/arm-none-eabi/10.3.1/thumb/v7-m/nofp/crti.o
 .bss           0x0000000000000000        0x0 c:/users/baothuan/stm32cubeide_1.12.1/stm32cubeide/plugins/com.st.stm32cube.ide.mcu.externaltools.gnu-tools-for-stm32.10.3-2021.10.win32_1.0.200.202301161003/tools/bin/../lib/gcc/arm-none-eabi/10.3.1/thumb/v7-m/nofp/crti.o
 .data          0x0000000000000000        0x4 c:/users/baothuan/stm32cubeide_1.12.1/stm32cubeide/plugins/com.st.stm32cube.ide.mcu.externaltools.gnu-tools-for-stm32.10.3-2021.10.win32_1.0.200.202301161003/tools/bin/../lib/gcc/arm-none-eabi/10.3.1/thumb/v7-m/nofp/crtbegin.o
 .rodata        0x0000000000000000       0x24 c:/users/baothuan/stm32cubeide_1.12.1/stm32cubeide/plugins/com.st.stm32cube.ide.mcu.externaltools.gnu-tools-for-stm32.10.3-2021.10.win32_1.0.200.202301161003/tools/bin/../lib/gcc/arm-none-eabi/10.3.1/thumb/v7-m/nofp/crtbegin.o
 .text          0x0000000000000000       0x7c c:/users/baothuan/stm32cubeide_1.12.1/stm32cubeide/plugins/com.st.stm32cube.ide.mcu.externaltools.gnu-tools-for-stm32.10.3-2021.10.win32_1.0.200.202301161003/tools/bin/../lib/gcc/arm-none-eabi/10.3.1/../../../../arm-none-eabi/lib/thumb/v7-m/nofp/crt0.o
 .data          0x0000000000000000        0x0 c:/users/baothuan/stm32cubeide_1.12.1/stm32cubeide/plugins/com.st.stm32cube.ide.mcu.externaltools.gnu-tools-for-stm32.10.3-2021.10.win32_1.0.200.202301161003/tools/bin/../lib/gcc/arm-none-eabi/10.3.1/../../../../arm-none-eabi/lib/thumb/v7-m/nofp/crt0.o
 .bss           0x0000000000000000        0x0 c:/users/baothuan/stm32cubeide_1.12.1/stm32cubeide/plugins/com.st.stm32cube.ide.mcu.externaltools.gnu-tools-for-stm32.10.3-2021.10.win32_1.0.200.202301161003/tools/bin/../lib/gcc/arm-none-eabi/10.3.1/../../../../arm-none-eabi/lib/thumb/v7-m/nofp/crt0.o
[...]
Memory Configuration

Name             Origin             Length             Attributes
RAM              0x0000000020000000 0x0000000000005000 xrw
FLASH            0x0000000008000000 0x0000000000010000 xr
*default*        0x0000000000000000 0xffffffffffffffff

Linker script and memory map

LOAD c:/users/baothuan/stm32cubeide_1.12.1/stm32cubeide/plugins/com.st.stm32cube.ide.mcu.externaltools.gnu-tools-for-stm32.10.3-2021.10.win32_1.0.200.202301161003/tools/bin/../lib/gcc/arm-none-eabi/10.3.1/thumb/v7-m/nofp/crti.o
LOAD c:/users/baothuan/stm32cubeide_1.12.1/stm32cubeide/plugins/com.st.stm32cube.ide.mcu.externaltools.gnu-tools-for-stm32.10.3-2021.10.win32_1.0.200.202301161003/tools/bin/../lib/gcc/arm-none-eabi/10.3.1/thumb/v7-m/nofp/crtbegin.o
LOAD c:/users/baothuan/stm32cubeide_1.12.1/stm32cubeide/plugins/com.st.stm32cube.ide.mcu.externaltools.gnu-tools-for-stm32.10.3-2021.10.win32_1.0.200.202301161003/tools/bin/../lib/gcc/arm-none-eabi/10.3.1/../../../../arm-none-eabi/lib/thumb/v7-m/nofp/crt0.o
LOAD ./0_Driver_stm32/i2c-lcd.o
LOAD ./1_Application_stm32/KeyPad.o
LOAD ./1_Application_stm32/lcd_user.o
LOAD ./Core/Src/main.o
LOAD ./Core/Src/stm32f1xx_hal_msp.o
LOAD ./Core/Src/stm32f1xx_it.o
LOAD ./Core/Src/syscalls.o
LOAD ./Core/Src/sysmem.o
LOAD ./Core/Src/system_stm32f1xx.o
LOAD ./Core/Startup/startup_stm32f103c8tx.o
LOAD ./Drivers/STM32F1xx_HAL_Driver/Src/stm32f1xx_hal.o
LOAD ./Drivers/STM32F1xx_HAL_Driver/Src/stm32f1xx_hal_cortex.o
LOAD ./Drivers/STM32F1xx_HAL_Driver/Src/stm32f1xx_hal_dma.o
LOAD ./Drivers/STM32F1xx_HAL_Driver/Src/stm32f1xx_hal_exti.o
LOAD ./Drivers/STM32F1xx_HAL_Driver/Src/stm32f1xx_hal_flash.o
LOAD ./Drivers/STM32F1xx_HAL_Driver/Src/stm32f1xx_hal_flash_ex.o
LOAD ./Drivers/STM32F1xx_HAL_Driver/Src/stm32f1xx_hal_gpio.o
LOAD ./Drivers/STM32F1xx_HAL_Driver/Src/stm32f1xx_hal_gpio_ex.o
LOAD ./Drivers/STM32F1xx_HAL_Driver/Src/stm32f1xx_hal_i2c.o
LOAD ./Drivers/STM32F1xx_HAL_Driver/Src/stm32f1xx_hal_pwr.o
LOAD ./Drivers/STM32F1xx_HAL_Driver/Src/stm32f1xx_hal_rcc.o
LOAD ./Drivers/STM32F1xx_HAL_Driver/Src/stm32f1xx_hal_rcc_ex.o
LOAD ./Drivers/STM32F1xx_HAL_Driver/Src/stm32f1xx_hal_tim.o
LOAD ./Drivers/STM32F1xx_HAL_Driver/Src/stm32f1xx_hal_tim_ex.o
START GROUP
LOAD c:/users/baothuan/stm32cubeide_1.12.1/stm32cubeide/plugins/com.st.stm32cube.ide.mcu.externaltools.gnu-tools-for-stm32.10.3-2021.10.win32_1.0.200.202301161003/tools/bin/../lib/gcc/arm-none-eabi/10.3.1/../../../../arm-none-eabi/lib/thumb/v7-m/nofp\libc_nano.a
LOAD c:/users/baothuan/stm32cubeide_1.12.1/stm32cubeide/plugins/com.st.stm32cube.ide.mcu.externaltools.gnu-tools-for-stm32.10.3-2021.10.win32_1.0.200.202301161003/tools/bin/../lib/gcc/arm-none-eabi/10.3.1/../../../../arm-none-eabi/lib/thumb/v7-m/nofp\libm.a
END GROUP
START GROUP
LOAD c:/users/baothuan/stm32cubeide_1.12.1/stm32cubeide/plugins/com.st.stm32cube.ide.mcu.externaltools.gnu-tools-for-stm32.10.3-2021.10.win32_1.0.200.202301161003/tools/bin/../lib/gcc/arm-none-eabi/10.3.1/thumb/v7-m/nofp\libgcc.a
LOAD c:/users/baothuan/stm32cubeide_1.12.1/stm32cubeide/plugins/com.st.stm32cube.ide.mcu.externaltools.gnu-tools-for-stm32.10.3-2021.10.win32_1.0.200.202301161003/tools/bin/../lib/gcc/arm-none-eabi/10.3.1/../../../../arm-none-eabi/lib/thumb/v7-m/nofp\libc_nano.a
END GROUP
START GROUP
LOAD c:/users/baothuan/stm32cubeide_1.12.1/stm32cubeide/plugins/com.st.stm32cube.ide.mcu.externaltools.gnu-tools-for-stm32.10.3-2021.10.win32_1.0.200.202301161003/tools/bin/../lib/gcc/arm-none-eabi/10.3.1/thumb/v7-m/nofp\libgcc.a
LOAD c:/users/baothuan/stm32cubeide_1.12.1/stm32cubeide/plugins/com.st.stm32cube.ide.mcu.externaltools.gnu-tools-for-stm32.10.3-2021.10.win32_1.0.200.202301161003/tools/bin/../lib/gcc/arm-none-eabi/10.3.1/../../../../arm-none-eabi/lib/thumb/v7-m/nofp\libc_nano.a
LOAD c:/users/baothuan/stm32cubeide_1.12.1/stm32cubeide/plugins/com.st.stm32cube.ide.mcu.externaltools.gnu-tools-for-stm32.10.3-2021.10.win32_1.0.200.202301161003/tools/bin/../lib/gcc/arm-none-eabi/10.3.1/../../../../arm-none-eabi/lib/thumb/v7-m/nofp\libnosys.a
END GROUP
START GROUP
LOAD c:/users/baothuan/stm32cubeide_1.12.1/stm32cubeide/plugins/com.st.stm32cube.ide.mcu.externaltools.gnu-tools-for-stm32.10.3-2021.10.win32_1.0.200.202301161003/tools/bin/../lib/gcc/arm-none-eabi/10.3.1/thumb/v7-m/nofp\libgcc.a
LOAD c:/users/baothuan/stm32cubeide_1.12.1/stm32cubeide/plugins/com.st.stm32cube.ide.mcu.externaltools.gnu-tools-for-stm32.10.3-2021.10.win32_1.0.200.202301161003/tools/bin/../lib/gcc/arm-none-eabi/10.3.1/../../../../arm-none-eabi/lib/thumb/v7-m/nofp\libc_nano.a
LOAD c:/users/baothuan/stm32cubeide_1.12.1/stm32cubeide/plugins/com.st.stm32cube.ide.mcu.externaltools.gnu-tools-for-stm32.10.3-2021.10.win32_1.0.200.202301161003/tools/bin/../lib/gcc/arm-none-eabi/10.3.1/../../../../arm-none-eabi/lib/thumb/v7-m/nofp\libnosys.a
END GROUP
LOAD c:/users/baothuan/stm32cubeide_1.12.1/stm32cubeide/plugins/com.st.stm32cube.ide.mcu.externaltools.gnu-tools-for-stm32.10.3-2021.10.win32_1.0.200.202301161003/tools/bin/../lib/gcc/arm-none-eabi/10.3.1/thumb/v7-m/nofp/crtend.o
LOAD c:/users/baothuan/stm32cubeide_1.12.1/stm32cubeide/plugins/com.st.stm32cube.ide.mcu.externaltools.gnu-tools-for-stm32.10.3-2021.10.win32_1.0.200.202301161003/tools/bin/../lib/gcc/arm-none-eabi/10.3.1/thumb/v7-m/nofp/crtn.o
                0x0000000020005000                _estack = (ORIGIN (RAM) + LENGTH (RAM))
                0x0000000000000200                _Min_Heap_Size = 0x200
                0x0000000000000400                _Min_Stack_Size = 0x400

.isr_vector     0x0000000008000000      0x10c
                0x0000000008000000                . = ALIGN (0x4)
 *(.isr_vector)
 .isr_vector    0x0000000008000000      0x10c ./Core/Startup/startup_stm32f103c8tx.o
                0x0000000008000000                g_pfnVectors
                0x000000000800010c                . = ALIGN (0x4)

.text           0x000000000800010c     0x2a10
                0x000000000800010c                . = ALIGN (0x4)
 *(.text)
 .text          0x000000000800010c       0x40 c:/users/baothuan/stm32cubeide_1.12.1/stm32cubeide/plugins/com.st.stm32cube.ide.mcu.externaltools.gnu-tools-for-stm32.10.3-2021.10.win32_1.0.200.202301161003/tools/bin/../lib/gcc/arm-none-eabi/10.3.1/thumb/v7-m/nofp/crtbegin.o
 *(.text*)
 .text.CLCD_Delay
                0x000000000800014c       0x1a ./0_Driver_stm32/i2c-lcd.o
 .text.CLCD_WriteI2C
                0x0000000008000166       0xae ./0_Driver_stm32/i2c-lcd.o
 .text.CLCD_I2C_Init
                0x0000000008000214       0xe0 ./0_Driver_stm32/i2c-lcd.o
                0x0000000008000214                CLCD_I2C_Init
 .text.CLCD_I2C_SetCursor
                0x00000000080002f4       0xb4 ./0_Driver_stm32/i2c-lcd.o
                0x00000000080002f4                CLCD_I2C_SetCursor
 .text.CLCD_I2C_WriteChar
                0x00000000080003a8       0xa4 ./0_Driver_stm32/i2c-lcd.o
                0x00000000080003a8                CLCD_I2C_WriteChar
 .text.CLCD_I2C_WriteString
                0x000000000800044c       0xcc ./0_Driver_stm32/i2c-lcd.o
                0x000000000800044c                CLCD_I2C_WriteString
 .text.CLCD_I2C_Clear
                0x0000000008000518       0x20 ./0_Driver_stm32/i2c-lcd.o
                0x0000000008000518                CLCD_I2C_Clear
 .text.KeyPad_Init
                0x0000000008000538       0x80 ./1_Application_stm32/KeyPad.o
                0x0000000008000538                KeyPad_Init
 .text.Check_Keypad_Column
                0x00000000080005b8      0x12c ./1_Application_stm32/KeyPad.o
 .text.KEYPAD_Read
                0x00000000080006e4      0x178 ./1_Application_stm32/KeyPad.o
                0x00000000080006e4                KEYPAD_Read
 .text.lcd_user_display
                0x000000000800085c      0x250 ./1_Application_stm32/lcd_user.o
 .text.lcd_system_handler
                0x0000000008000aac      0x2d4 ./1_Application_stm32/lcd_user.o
                0x0000000008000aac                lcd_system_handler
 .text.HAL_GPIO_EXTI_Callback
                0x0000000008000d80      0x114 ./Core/Src/main.o
                0x0000000008000d80                HAL_GPIO_EXTI_Callback
 .text.main     0x0000000008000e94       0xac ./Core/Src/main.o
                0x0000000008000e94                main
 .text.SystemClock_Config
                0x0000000008000f40       0x76 ./Core/Src/main.o
                0x0000000008000f40                SystemClock_Config
 *fill*         0x0000000008000fb6        0x2 
 .text.MX_I2C1_Init
                0x0000000008000fb8       0x5c ./Core/Src/main.o
 .text.MX_GPIO_Init
                0x0000000008001014       0xf4 ./Core/Src/main.o
 .text.Error_Handler
                0x0000000008001108        0xa ./Core/Src/main.o
                0x0000000008001108                Error_Handler
 *fill*         0x0000000008001112        0x2 
 .text.HAL_MspInit
                0x0000000008001114       0x64 ./Core/Src/stm32f1xx_hal_msp.o
                0x0000000008001114                HAL_MspInit
 .text.HAL_I2C_MspInit
                0x0000000008001178       0x7c ./Core/Src/stm32f1xx_hal_msp.o
                0x0000000008001178                HAL_I2C_MspInit
 .text.NMI_Handler
                0x00000000080011f4        0x6 ./Core/Src/stm32f1xx_it.o
                0x00000000080011f4                NMI_Handler
 .text.HardFault_Handler
                0x00000000080011fa        0x6 ./Core/Src/stm32f1xx_it.o
                0x00000000080011fa                HardFault_Handler
 .text.MemManage_Handler
                0x0000000008001200        0x6 ./Core/Src/stm32f1xx_it.o
                0x0000000008001200                MemManage_Handler
 .text.BusFault_Handler
                0x0000000008001206        0x6 ./Core/Src/stm32f1xx_it.o
                0x0000000008001206                BusFault_Handler
 .text.UsageFault_Handler
                0x000000000800120c        0x6 ./Core/Src/stm32f1xx_it.o
                0x000000000800120c                UsageFault_Handler
 .text.SVC_Handler
                0x0000000008001212        0xc ./Core/Src/stm32f1xx_it.o
                0x0000000008001212                SVC_Handler
 .text.DebugMon_Handler
                0x000000000800121e        0xc ./Core/Src/stm32f1xx_it.o
                0x000000000800121e                DebugMon_Handler
 .text.PendSV_Handler
                0x000000000800122a        0xc ./Core/Src/stm32f1xx_it.o
                0x000000000800122a                PendSV_Handler
 .text.SysTick_Handler
                0x0000000008001236        0xc ./Core/Src/stm32f1xx_it.o
                0x0000000008001236                SysTick_Handler
 .text.EXTI15_10_IRQHandler
                0x0000000008001242       0x20 ./Core/Src/stm32f1xx_it.o
                0x0000000008001242                EXTI15_10_IRQHandler
 .text.SystemInit
                0x0000000008001262        0xc ./Core/Src/system_stm32f1xx.o
                0x0000000008001262                SystemInit
 *fill*         0x000000000800126e        0x2 
 .text.Reset_Handler
                0x0000000008001270       0x48 ./Core/Startup/startup_stm32f103c8tx.o
                0x0000000008001270                Reset_Handler
 .text.Default_Handler
                0x00000000080012b8        0x2 ./Core/Startup/startup_stm32f103c8tx.o
                0x00000000080012b8                RTC_Alarm_IRQHandler
                0x00000000080012b8                EXTI2_IRQHandler
                0x00000000080012b8                TIM1_CC_IRQHandler
                0x00000000080012b8                PVD_IRQHandler
                0x00000000080012b8                EXTI3_IRQHandler
                0x00000000080012b8                EXTI0_IRQHandler
                0x00000000080012b8                I2C2_EV_IRQHandler
                0x00000000080012b8                ADC1_2_IRQHandler
                0x00000000080012b8                SPI1_IRQHandler
                0x00000000080012b8                TAMPER_IRQHandler
                0x00000000080012b8                DMA1_Channel4_IRQHandler
                0x00000000080012b8                USART3_IRQHandler
                0x00000000080012b8                RTC_IRQHandler
                0x00000000080012b8                DMA1_Channel7_IRQHandler
                0x00000000080012b8                CAN1_RX1_IRQHandler
                0x00000000080012b8                TIM4_IRQHandler
                0x00000000080012b8                I2C1_EV_IRQHandler
                0x00000000080012b8                DMA1_Channel6_IRQHandler
                0x00000000080012b8                TIM3_IRQHandler
                0x00000000080012b8                RCC_IRQHandler
                0x00000000080012b8                TIM1_TRG_COM_IRQHandler
                0x00000000080012b8                DMA1_Channel1_IRQHandler
                0x00000000080012b8                Default_Handler
                0x00000000080012b8                EXTI9_5_IRQHandler
                0x00000000080012b8                SPI2_IRQHandler
                0x00000000080012b8                DMA1_Channel5_IRQHandler
                0x00000000080012b8                EXTI4_IRQHandler
                0x00000000080012b8                USB_LP_CAN1_RX0_IRQHandler
                0x00000000080012b8                USB_HP_CAN1_TX_IRQHandler
                0x00000000080012b8                DMA1_Channel3_IRQHandler
                0x00000000080012b8                TIM1_UP_IRQHandler
                0x00000000080012b8                WWDG_IRQHandler
                0x00000000080012b8                TIM2_IRQHandler
                0x00000000080012b8                TIM1_BRK_IRQHandler
                0x00000000080012b8                EXTI1_IRQHandler
                0x00000000080012b8                USART2_IRQHandler
                0x00000000080012b8                I2C2_ER_IRQHandler
                0x00000000080012b8                DMA1_Channel2_IRQHandler
                0x00000000080012b8                CAN1_SCE_IRQHandler
                0x00000000080012b8                FLASH_IRQHandler
                0x00000000080012b8                USART1_IRQHandler
                0x00000000080012b8                I2C1_ER_IRQHandler
                0x00000000080012b8                USBWakeUp_IRQHandler
 *fill*         0x00000000080012ba        0x2 
 .text.HAL_Init
                0x00000000080012bc       0x2c ./Drivers/STM32F1xx_HAL_Driver/Src/stm32f1xx_hal.o
                0x00000000080012bc                HAL_Init
 .text.HAL_InitTick
                0x00000000080012e8       0x60 ./Drivers/STM32F1xx_HAL_Driver/Src/stm32f1xx_hal.o
                0x00000000080012e8                HAL_InitTick
 .text.HAL_IncTick
                0x0000000008001348       0x24 ./Drivers/STM32F1xx_HAL_Driver/Src/stm32f1xx_hal.o
                0x0000000008001348                HAL_IncTick
 .text.HAL_GetTick
                0x000000000800136c       0x14 ./Drivers/STM32F1xx_HAL_Driver/Src/stm32f1xx_hal.o
                0x000000000800136c                HAL_GetTick
 .text.HAL_Delay
                0x0000000008001380       0x48 ./Drivers/STM32F1xx_HAL_Driver/Src/stm32f1xx_hal.o
                0x0000000008001380                HAL_Delay
 .text.__NVIC_SetPriorityGrouping
                0x00000000080013c8       0x48 ./Drivers/STM32F1xx_HAL_Driver/Src/stm32f1xx_hal_cortex.o
 .text.__NVIC_GetPriorityGrouping
                0x0000000008001410       0x1c ./Drivers/STM32F1xx_HAL_Driver/Src/stm32f1xx_hal_cortex.o
 .text.__NVIC_EnableIRQ
                0x000000000800142c       0x38 ./Drivers/STM32F1xx_HAL_Driver/Src/stm32f1xx_hal_cortex.o
 .text.__NVIC_SetPriority
                0x0000000008001464       0x54 ./Drivers/STM32F1xx_HAL_Driver/Src/stm32f1xx_hal_cortex.o
 .text.NVIC_EncodePriority
                0x00000000080014b8       0x64 ./Drivers/STM32F1xx_HAL_Driver/Src/stm32f1xx_hal_cortex.o
 .text.SysTick_Config
                0x000000000800151c       0x44 ./Drivers/STM32F1xx_HAL_Driver/Src/stm32f1xx_hal_cortex.o
 .text.HAL_NVIC_SetPriorityGrouping
                0x0000000008001560       0x16 ./Drivers/STM32F1xx_HAL_Driver/Src/stm32f1xx_hal_cortex.o
                0x0000000008001560                HAL_NVIC_SetPriorityGrouping
 .text.HAL_NVIC_SetPriority
                0x0000000008001576       0x38 ./Drivers/STM32F1xx_HAL_Driver/Src/stm32f1xx_hal_cortex.o
                0x0000000008001576                HAL_NVIC_SetPriority
 .text.HAL_NVIC_EnableIRQ
                0x00000000080015ae       0x1c ./Drivers/STM32F1xx_HAL_Driver/Src/stm32f1xx_hal_cortex.o
                0x00000000080015ae                HAL_NVIC_EnableIRQ
 .text.HAL_SYSTICK_Config
                0x00000000080015ca       0x18 ./Drivers/STM32F1xx_HAL_Driver/Src/stm32f1xx_hal_cortex.o
                0x00000000080015ca                HAL_SYSTICK_Config
 *fill*         0x00000000080015e2        0x2 
 .text.HAL_GPIO_Init
                0x00000000080015e4      0x308 ./Drivers/STM32F1xx_HAL_Driver/Src/stm32f1xx_hal_gpio.o
                0x00000000080015e4                HAL_GPIO_Init
 .text.HAL_GPIO_ReadPin
                0x00000000080018ec       0x2e ./Drivers/STM32F1xx_HAL_Driver/Src/stm32f1xx_hal_gpio.o
                0x00000000080018ec                HAL_GPIO_ReadPin
 .text.HAL_GPIO_WritePin
                0x000000000800191a       0x30 ./Drivers/STM32F1xx_HAL_Driver/Src/stm32f1xx_hal_gpio.o
                0x000000000800191a                HAL_GPIO_WritePin
 *fill*         0x000000000800194a        0x2 
 .text.HAL_GPIO_EXTI_IRQHandler
                0x000000000800194c       0x30 ./Drivers/STM32F1xx_HAL_Driver/Src/stm32f1xx_hal_gpio.o
                0x000000000800194c                HAL_GPIO_EXTI_IRQHandler
 .text.HAL_I2C_Init
                0x000000000800197c      0x288 ./Drivers/STM32F1xx_HAL_Driver/Src/stm32f1xx_hal_i2c.o
                0x000000000800197c                HAL_I2C_Init
 .text.HAL_I2C_Master_Transmit
                0x0000000008001c04      0x1fc ./Drivers/STM32F1xx_HAL_Driver/Src/stm32f1xx_hal_i2c.o
                0x0000000008001c04                HAL_I2C_Master_Transmit
 .text.I2C_MasterRequestWrite
                0x0000000008001e00      0x104 ./Drivers/STM32F1xx_HAL_Driver/Src/stm32f1xx_hal_i2c.o
 .text.I2C_WaitOnFlagUntilTimeout
                0x0000000008001f04       0xf4 ./Drivers/STM32F1xx_HAL_Driver/Src/stm32f1xx_hal_i2c.o
 .text.I2C_WaitOnMasterAddressFlagUntilTimeout
                0x0000000008001ff8      0x140 ./Drivers/STM32F1xx_HAL_Driver/Src/stm32f1xx_hal_i2c.o
 .text.I2C_WaitOnTXEFlagUntilTimeout
                0x0000000008002138       0x90 ./Drivers/STM32F1xx_HAL_Driver/Src/stm32f1xx_hal_i2c.o
 .text.I2C_WaitOnBTFFlagUntilTimeout
                0x00000000080021c8       0x90 ./Drivers/STM32F1xx_HAL_Driver/Src/stm32f1xx_hal_i2c.o
 .text.I2C_IsAcknowledgeFailed
                0x0000000008002258       0x5c ./Drivers/STM32F1xx_HAL_Driver/Src/stm32f1xx_hal_i2c.o
 .text.HAL_RCC_OscConfig
                0x00000000080022b4      0x504 ./Drivers/STM32F1xx_HAL_Driver/Src/stm32f1xx_hal_rcc.o
                0x00000000080022b4                HAL_RCC_OscConfig
 .text.HAL_RCC_ClockConfig
                0x00000000080027b8      0x1d4 ./Drivers/STM32F1xx_HAL_Driver/Src/stm32f1xx_hal_rcc.o
                0x00000000080027b8                HAL_RCC_ClockConfig
 .text.HAL_RCC_GetSysClockFreq
                0x000000000800298c       0xa8 ./Drivers/STM32F1xx_HAL_Driver/Src/stm32f1xx_hal_rcc.o
                0x000000000800298c                HAL_RCC_GetSysClockFreq
 .text.HAL_RCC_GetHCLKFreq
                0x0000000008002a34       0x14 ./Drivers/STM32F1xx_HAL_Driver/Src/stm32f1xx_hal_rcc.o
                0x0000000008002a34                HAL_RCC_GetHCLKFreq
 .text.HAL_RCC_GetPCLK1Freq
                0x0000000008002a48       0x28 ./Drivers/STM32F1xx_HAL_Driver/Src/stm32f1xx_hal_rcc.o
                0x0000000008002a48                HAL_RCC_GetPCLK1Freq
 .text.RCC_Delay
                0x0000000008002a70       0x3c ./Drivers/STM32F1xx_HAL_Driver/Src/stm32f1xx_hal_rcc.o
 .text.__libc_init_array
                0x0000000008002aac       0x48 c:/users/baothuan/stm32cubeide_1.12.1/stm32cubeide/plugins/com.st.stm32cube.ide.mcu.externaltools.gnu-tools-for-stm32.10.3-2021.10.win32_1.0.200.202301161003/tools/bin/../lib/gcc/arm-none-eabi/10.3.1/../../../../arm-none-eabi/lib/thumb/v7-m/nofp\libc_nano.a(lib_a-init.o)
                0x0000000008002aac                __libc_init_array
 .text.memset   0x0000000008002af4       0x10 c:/users/baothuan/stm32cubeide_1.12.1/stm32cubeide/plugins/com.st.stm32cube.ide.mcu.externaltools.gnu-tools-for-stm32.10.3-2021.10.win32_1.0.200.202301161003/tools/bin/../lib/gcc/arm-none-eabi/10.3.1/../../../../arm-none-eabi/lib/thumb/v7-m/nofp\libc_nano.a(lib_a-memset.o)
                0x0000000008002af4                memset
 *(.glue_7)
 .glue_7        0x0000000008002b04        0x0 linker stubs
 *(.glue_7t)
 .glue_7t       0x0000000008002b04        0x0 linker stubs
 *(.eh_frame)
 .eh_frame      0x0000000008002b04        0x0 c:/users/baothuan/stm32cubeide_1.12.1/stm32cubeide/plugins/com.st.stm32cube.ide.mcu.externaltools.gnu-tools-for-stm32.10.3-2021.10.win32_1.0.200.202301161003/tools/bin/../lib/gcc/arm-none-eabi/10.3.1/thumb/v7-m/nofp/crtbegin.o
 *(.init)
 .init          0x0000000008002b04        0x4 c:/users/baothuan/stm32cubeide_1.12.1/stm32cubeide/plugins/com.st.stm32cube.ide.mcu.externaltools.gnu-tools-for-stm32.10.3-2021.10.win32_1.0.200.202301161003/tools/bin/../lib/gcc/arm-none-eabi/10.3.1/thumb/v7-m/nofp/crti.o
                0x0000000008002b04                _init
 .init          0x0000000008002b08        0x8 c:/users/baothuan/stm32cubeide_1.12.1/stm32cubeide/plugins/com.st.stm32cube.ide.mcu.externaltools.gnu-tools-for-stm32.10.3-2021.10.win32_1.0.200.202301161003/tools/bin/../lib/gcc/arm-none-eabi/10.3.1/thumb/v7-m/nofp/crtn.o
 *(.fini)
 .fini          0x0000000008002b10        0x4 c:/users/baothuan/stm32cubeide_1.12.1/stm32cubeide/plugins/com.st.stm32cube.ide.mcu.externaltools.gnu-tools-for-stm32.10.3-2021.10.win32_1.0.200.202301161003/tools/bin/../lib/gcc/arm-none-eabi/10.3.1/thumb/v7-m/nofp/crti.o
                0x0000000008002b10                _fini
 .fini          0x0000000008002b14        0x8 c:/users/baothuan/stm32cubeide_1.12.1/stm32cubeide/plugins/com.st.stm32cube.ide.mcu.externaltools.gnu-tools-for-stm32.10.3-2021.10.win32_1.0.200.202301161003/tools/bin/../lib/gcc/arm-none-eabi/10.3.1/thumb/v7-m/nofp/crtn.o
                0x0000000008002b1c                . = ALIGN (0x4)
                0x0000000008002b1c                _etext = .

.vfp11_veneer   0x0000000008002b1c        0x0
 .vfp11_veneer  0x0000000008002b1c        0x0 linker stubs

.v4_bx          0x0000000008002b1c        0x0
 .v4_bx         0x0000000008002b1c        0x0 linker stubs

.iplt           0x0000000008002b1c        0x0
 .iplt          0x0000000008002b1c        0x0 c:/users/baothuan/stm32cubeide_1.12.1/stm32cubeide/plugins/com.st.stm32cube.ide.mcu.externaltools.gnu-tools-for-stm32.10.3-2021.10.win32_1.0.200.202301161003/tools/bin/../lib/gcc/arm-none-eabi/10.3.1/thumb/v7-m/nofp/crtbegin.o

.rodata         0x0000000008002b1c      0x160
                0x0000000008002b1c                . = ALIGN (0x4)
 *(.rodata)
 .rodata        0x0000000008002b1c      0x122 ./1_Application_stm32/lcd_user.o
 *(.rodata*)
 *fill*         0x0000000008002c3e        0x2 
 .rodata.Keypad_Button_Values
                0x0000000008002c40       0x10 ./1_Application_stm32/KeyPad.o
                0x0000000008002c40                Keypad_Button_Values
 .rodata.AHBPrescTable
                0x0000000008002c50       0x10 ./Core/Src/system_stm32f1xx.o
                0x0000000008002c50                AHBPrescTable
 .rodata.APBPrescTable
                0x0000000008002c60        0x8 ./Core/Src/system_stm32f1xx.o
                0x0000000008002c60                APBPrescTable
 .rodata.aPLLMULFactorTable.1
                0x0000000008002c68       0x10 ./Drivers/STM32F1xx_HAL_Driver/Src/stm32f1xx_hal_rcc.o
 .rodata.aPredivFactorTable.0
                0x0000000008002c78        0x2 ./Drivers/STM32F1xx_HAL_Driver/Src/stm32f1xx_hal_rcc.o
                0x0000000008002c7c                . = ALIGN (0x4)
 *fill*         0x0000000008002c7a        0x2 

.rel.dyn        0x0000000008002c7c        0x0
 .rel.iplt      0x0000000008002c7c        0x0 c:/users/baothuan/stm32cubeide_1.12.1/stm32cubeide/plugins/com.st.stm32cube.ide.mcu.externaltools.gnu-tools-for-stm32.10.3-2021.10.win32_1.0.200.202301161003/tools/bin/../lib/gcc/arm-none-eabi/10.3.1/thumb/v7-m/nofp/crtbegin.o

.ARM.extab      0x0000000008002c7c        0x0
                0x0000000008002c7c                . = ALIGN (0x4)
 *(.ARM.extab* .gnu.linkonce.armextab.*)
                0x0000000008002c7c                . = ALIGN (0x4)

.ARM            0x0000000008002c7c        0x0
                0x0000000008002c7c                . = ALIGN (0x4)
                0x0000000008002c7c                __exidx_start = .
 *(.ARM.exidx*)
                0x0000000008002c7c                __exidx_end = .
                0x0000000008002c7c                . = ALIGN (0x4)

.preinit_array  0x0000000008002c7c        0x0
                0x0000000008002c7c                . = ALIGN (0x4)
                0x0000000008002c7c                PROVIDE (__preinit_array_start = .)
 *(.preinit_array*)
                0x0000000008002c7c                PROVIDE (__preinit_array_end = .)
                0x0000000008002c7c                . = ALIGN (0x4)

.init_array     0x0000000008002c7c        0x4
                0x0000000008002c7c                . = ALIGN (0x4)
                0x0000000008002c7c                PROVIDE (__init_array_start = .)
 *(SORT_BY_NAME(.init_array.*))
 *(.init_array*)
 .init_array    0x0000000008002c7c        0x4 c:/users/baothuan/stm32cubeide_1.12.1/stm32cubeide/plugins/com.st.stm32cube.ide.mcu.externaltools.gnu-tools-for-stm32.10.3-2021.10.win32_1.0.200.202301161003/tools/bin/../lib/gcc/arm-none-eabi/10.3.1/thumb/v7-m/nofp/crtbegin.o
                0x0000000008002c80                PROVIDE (__init_array_end = .)
                0x0000000008002c80                . = ALIGN (0x4)

.fini_array     0x0000000008002c80        0x4
                0x0000000008002c80                . = ALIGN (0x4)
                [!provide]                        PROVIDE (__fini_array_start = .)
 *(SORT_BY_NAME(.fini_array.*))
 *(.fini_array*)
 .fini_array    0x0000000008002c80        0x4 c:/users/baothuan/stm32cubeide_1.12.1/stm32cubeide/plugins/com.st.stm32cube.ide.mcu.externaltools.gnu-tools-for-stm32.10.3-2021.10.win32_1.0.200.202301161003/tools/bin/../lib/gcc/arm-none-eabi/10.3.1/thumb/v7-m/nofp/crtbegin.o
                [!provide]                        PROVIDE (__fini_array_end = .)
                0x0000000008002c84                . = ALIGN (0x4)
                0x0000000008002c84                _sidata = LOADADDR (.data)

.data           0x0000000020000000       0x10 load address 0x0000000008002c84
                0x0000000020000000                . = ALIGN (0x4)
                0x0000000020000000                _sdata = .
 *(.data)
 *(.data*)
 .data.Config   0x0000000020000000        0x1 ./1_Application_stm32/lcd_user.o
                0x0000000020000000                Config
 *fill*         0x0000000020000001        0x3 
 .data.SystemCoreClock
                0x0000000020000004        0x4 ./Core/Src/system_stm32f1xx.o
                0x0000000020000004                SystemCoreClock
 .data.uwTickPrio
                0x0000000020000008        0x4 ./Drivers/STM32F1xx_HAL_Driver/Src/stm32f1xx_hal.o
                0x0000000020000008                uwTickPrio
 .data.uwTickFreq
                0x000000002000000c        0x1 ./Drivers/STM32F1xx_HAL_Driver/Src/stm32f1xx_hal.o
                0x000000002000000c                uwTickFreq
 *(.RamFunc)
 *(.RamFunc*)
                0x0000000020000010                . = ALIGN (0x4)
 *fill*         0x000000002000000d        0x3 
                0x0000000020000010                _edata = .

.igot.plt       0x0000000020000010        0x0 load address 0x0000000008002c94
 .igot.plt      0x0000000020000010        0x0 c:/users/baothuan/stm32cubeide_1.12.1/stm32cubeide/plugins/com.st.stm32cube.ide.mcu.externaltools.gnu-tools-for-stm32.10.3-2021.10.win32_1.0.200.202301161003/tools/bin/../lib/gcc/arm-none-eabi/10.3.1/thumb/v7-m/nofp/crtbegin.o
                0x0000000020000010                . = ALIGN (0x4)

.bss            0x0000000020000010       0xcc load address 0x0000000008002c94
                0x0000000020000010                _sbss = .
                0x0000000020000010                __bss_start__ = _sbss
 *(.bss)
 .bss           0x0000000020000010       0x1c c:/users/baothuan/stm32cubeide_1.12.1/stm32cubeide/plugins/com.st.stm32cube.ide.mcu.externaltools.gnu-tools-for-stm32.10.3-2021.10.win32_1.0.200.202301161003/tools/bin/../lib/gcc/arm-none-eabi/10.3.1/thumb/v7-m/nofp/crtbegin.o
 *(.bss*)
 .bss.currentline
                0x000000002000002c        0x1 ./0_Driver_stm32/i2c-lcd.o
                0x000000002000002c                currentline
 .bss.Xcursor   0x000000002000002d        0x1 ./0_Driver_stm32/i2c-lcd.o
                0x000000002000002d                Xcursor
 .bss.Ycursor   0x000000002000002e        0x1 ./0_Driver_stm32/i2c-lcd.o
                0x000000002000002e                Ycursor
 .bss.countWriteChar
                0x000000002000002f        0x1 ./0_Driver_stm32/i2c-lcd.o
                0x000000002000002f                countWriteChar
 .bss.CurrentWriteChar
                0x0000000020000030        0x1 ./0_Driver_stm32/i2c-lcd.o
                0x0000000020000030                CurrentWriteChar
 *fill*         0x0000000020000031        0x3 
 .bss.LCD1      0x0000000020000034        0xc ./0_Driver_stm32/i2c-lcd.o
                0x0000000020000034                LCD1
 .bss.delete    0x0000000020000040        0x1 ./1_Application_stm32/lcd_user.o
 .bss.Mode      0x0000000020000041        0x1 ./1_Application_stm32/lcd_user.o
                0x0000000020000041                Mode
 .bss.Enter     0x0000000020000042        0x1 ./1_Application_stm32/lcd_user.o
                0x0000000020000042                Enter
 .bss.flag_button
                0x0000000020000043        0x1 ./1_Application_stm32/lcd_user.o
                0x0000000020000043                flag_button
 .bss.Index_mode
                0x0000000020000044        0x1 ./1_Application_stm32/lcd_user.o
 .bss.Status_Display
                0x0000000020000045        0x1 ./1_Application_stm32/lcd_user.o
 .bss.language  0x0000000020000046        0x1 ./1_Application_stm32/lcd_user.o
 *fill*         0x0000000020000047        0x1 
 .bss.hi2c1     0x0000000020000048       0x54 ./Core/Src/main.o
                0x0000000020000048                hi2c1
 .bss.COL_KEY_PAD_main
                0x000000002000009c       0x18 ./Core/Src/main.o
                0x000000002000009c                COL_KEY_PAD_main
 .bss.ROW_KEY_PAD_main
                0x00000000200000b4       0x18 ./Core/Src/main.o
                0x00000000200000b4                ROW_KEY_PAD_main
 .bss.key       0x00000000200000cc        0x1 ./Core/Src/main.o
                0x00000000200000cc                key
 *fill*         0x00000000200000cd        0x3 
 .bss.TimeBegin.1
                0x00000000200000d0        0x4 ./Core/Src/main.o
 .bss.TimeNow.0
                0x00000000200000d4        0x4 ./Core/Src/main.o
 .bss.uwTick    0x00000000200000d8        0x4 ./Drivers/STM32F1xx_HAL_Driver/Src/stm32f1xx_hal.o
                0x00000000200000d8                uwTick
 *(COMMON)
                0x00000000200000dc                . = ALIGN (0x4)
                0x00000000200000dc                _ebss = .
                0x00000000200000dc                __bss_end__ = _ebss

._user_heap_stack
                0x00000000200000dc      0x604 load address 0x0000000008002c94
                0x00000000200000e0                . = ALIGN (0x8)
 *fill*         0x00000000200000dc        0x4 
                [!provide]                        PROVIDE (end = .)
                0x00000000200000e0                PROVIDE (_end = .)
                0x00000000200002e0                . = (. + _Min_Heap_Size)
 *fill*         0x00000000200000e0      0x200 
                0x00000000200006e0                . = (. + _Min_Stack_Size)
 *fill*         0x00000000200002e0      0x400 
                0x00000000200006e0                . = ALIGN (0x8)

/DISCARD/
 libc.a(*)
 libm.a(*)
 libgcc.a(*)

.ARM.attributes
                0x0000000000000000       0x29
 *(.ARM.attributes)
 .ARM.attributes
                0x0000000000000000       0x1d c:/users/baothuan/stm32cubeide_1.12.1/stm32cubeide/plugins/com.st.stm32cube.ide.mcu.externaltools.gnu-tools-for-stm32.10.3-2021.10.win32_1.0.200.202301161003/tools/bin/../lib/gcc/arm-none-eabi/10.3.1/thumb/v7-m/nofp/crti.o
 .ARM.attributes
                0x000000000000001d       0x2d c:/users/baothuan/stm32cubeide_1.12.1/stm32cubeide/plugins/com.st.stm32cube.ide.mcu.externaltools.gnu-tools-for-stm32.10.3-2021.10.win32_1.0.200.202301161003/tools/bin/../lib/gcc/arm-none-eabi/10.3.1/thumb/v7-m/nofp/crtbegin.o
 .ARM.attributes
                0x000000000000004a       0x2d ./0_Driver_stm32/i2c-lcd.o
 .ARM.attributes
                0x0000000000000077       0x2d ./1_Application_stm32/KeyPad.o
 .ARM.attributes
                0x00000000000000a4       0x2d ./1_Application_stm32/lcd_user.o
 .ARM.attributes
                0x00000000000000d1       0x2d ./Core/Src/main.o
 .ARM.attributes
                0x00000000000000fe       0x2d ./Core/Src/stm32f1xx_hal_msp.o
 .ARM.attributes
                0x000000000000012b       0x2d ./Core/Src/stm32f1xx_it.o
 .ARM.attributes
                0x0000000000000158       0x2d ./Core/Src/system_stm32f1xx.o
 .ARM.attributes
                0x0000000000000185       0x21 ./Core/Startup/startup_stm32f103c8tx.o
 .ARM.attributes
                0x00000000000001a6       0x2d ./Drivers/STM32F1xx_HAL_Driver/Src/stm32f1xx_hal.o
 .ARM.attributes
                0x00000000000001d3       0x2d ./Drivers/STM32F1xx_HAL_Driver/Src/stm32f1xx_hal_cortex.o
 .ARM.attributes
                0x0000000000000200       0x2d ./Drivers/STM32F1xx_HAL_Driver/Src/stm32f1xx_hal_gpio.o
 .ARM.attributes
                0x000000000000022d       0x2d ./Drivers/STM32F1xx_HAL_Driver/Src/stm32f1xx_hal_i2c.o
 .ARM.attributes
                0x000000000000025a       0x2d ./Drivers/STM32F1xx_HAL_Driver/Src/stm32f1xx_hal_rcc.o
 .ARM.attributes
                0x0000000000000287       0x2d c:/users/baothuan/stm32cubeide_1.12.1/stm32cubeide/plugins/com.st.stm32cube.ide.mcu.externaltools.gnu-tools-for-stm32.10.3-2021.10.win32_1.0.200.202301161003/tools/bin/../lib/gcc/arm-none-eabi/10.3.1/../../../../arm-none-eabi/lib/thumb/v7-m/nofp\libc_nano.a(lib_a-init.o)
 .ARM.attributes
                0x00000000000002b4       0x2d c:/users/baothuan/stm32cubeide_1.12.1/stm32cubeide/plugins/com.st.stm32cube.ide.mcu.externaltools.gnu-tools-for-stm32.10.3-2021.10.win32_1.0.200.202301161003/tools/bin/../lib/gcc/arm-none-eabi/10.3.1/../../../../arm-none-eabi/lib/thumb/v7-m/nofp\libc_nano.a(lib_a-memset.o)
 .ARM.attributes
                0x00000000000002e1       0x1d c:/users/baothuan/stm32cubeide_1.12.1/stm32cubeide/plugins/com.st.stm32cube.ide.mcu.externaltools.gnu-tools-for-stm32.10.3-2021.10.win32_1.0.200.202301161003/tools/bin/../lib/gcc/arm-none-eabi/10.3.1/thumb/v7-m/nofp/crtn.o
OUTPUT(TuThuoc_main.elf elf32-littlearm)
LOAD linker stubs
LOAD c:/users/baothuan/stm32cubeide_1.12.1/stm32cubeide/plugins/com.st.stm32cube.ide.mcu.externaltools.gnu-tools-for-stm32.10.3-2021.10.win32_1.0.200.202301161003/tools/bin/../lib/gcc/arm-none-eabi/10.3.1/../../../../arm-none-eabi/lib/thumb/v7-m/nofp\libc.a
LOAD c:/users/baothuan/stm32cubeide_1.12.1/stm32cubeide/plugins/com.st.stm32cube.ide.mcu.externaltools.gnu-tools-for-stm32.10.3-2021.10.win32_1.0.200.202301161003/tools/bin/../lib/gcc/arm-none-eabi/10.3.1/../../../../arm-none-eabi/lib/thumb/v7-m/nofp\libm.a
LOAD c:/users/baothuan/stm32cubeide_1.12.1/stm32cubeide/plugins/com.st.stm32cube.ide.mcu.externaltools.gnu-tools-for-stm32.10.3-2021.10.win32_1.0.200.202301161003/tools/bin/../lib/gcc/arm-none-eabi/10.3.1/thumb/v7-m/nofp\libgcc.a

.debug_info     0x0000000000000000     0x7c32
 .debug_info    0x0000000000000000      0x9e8 ./0_Driver_stm32/i2c-lcd.o
 .debug_info    0x00000000000009e8      0x4f0 ./1_Application_stm32/KeyPad.o
 .debug_info    0x0000000000000ed8      0x8af ./1_Application_stm32/lcd_user.o
 .debug_info    0x0000000000001787     0x1004 ./Core/Src/main.o
 .debug_info    0x000000000000278b      0x8bb ./Core/Src/stm32f1xx_hal_msp.o
 .debug_info    0x0000000000003046      0x15e ./Core/Src/stm32f1xx_it.o
 .debug_info    0x00000000000031a4      0x23d ./Core/Src/system_stm32f1xx.o
 .debug_info    0x00000000000033e1       0x22 ./Core/Startup/startup_stm32f103c8tx.o
 .debug_info    0x0000000000003403      0x734 ./Drivers/STM32F1xx_HAL_Driver/Src/stm32f1xx_hal.o
 .debug_info    0x0000000000003b37      0xb20 ./Drivers/STM32F1xx_HAL_Driver/Src/stm32f1xx_hal_cortex.o
 .debug_info    0x0000000000004657      0x615 ./Drivers/STM32F1xx_HAL_Driver/Src/stm32f1xx_hal_gpio.o
 .debug_info    0x0000000000004c6c     0x2761 ./Drivers/STM32F1xx_HAL_Driver/Src/stm32f1xx_hal_i2c.o
 .debug_info    0x00000000000073cd      0x865 ./Drivers/STM32F1xx_HAL_Driver/Src/stm32f1xx_hal_rcc.o

.debug_abbrev   0x0000000000000000     0x1735
 .debug_abbrev  0x0000000000000000      0x1ed ./0_Driver_stm32/i2c-lcd.o
 .debug_abbrev  0x00000000000001ed      0x1bf ./1_Application_stm32/KeyPad.o
 .debug_abbrev  0x00000000000003ac      0x1a6 ./1_Application_stm32/lcd_user.o
 .debug_abbrev  0x0000000000000552      0x290 ./Core/Src/main.o
 .debug_abbrev  0x00000000000007e2      0x194 ./Core/Src/stm32f1xx_hal_msp.o
 .debug_abbrev  0x0000000000000976       0x9f ./Core/Src/stm32f1xx_it.o
 .debug_abbrev  0x0000000000000a15      0x13b ./Core/Src/system_stm32f1xx.o
 .debug_abbrev  0x0000000000000b50       0x12 ./Core/Startup/startup_stm32f103c8tx.o
 .debug_abbrev  0x0000000000000b62      0x1fb ./Drivers/STM32F1xx_HAL_Driver/Src/stm32f1xx_hal.o
 .debug_abbrev  0x0000000000000d5d      0x2ed ./Drivers/STM32F1xx_HAL_Driver/Src/stm32f1xx_hal_cortex.o
 .debug_abbrev  0x000000000000104a      0x1bb ./Drivers/STM32F1xx_HAL_Driver/Src/stm32f1xx_hal_gpio.o
 .debug_abbrev  0x0000000000001205      0x288 ./Drivers/STM32F1xx_HAL_Driver/Src/stm32f1xx_hal_i2c.o
 .debug_abbrev  0x000000000000148d      0x2a8 ./Drivers/STM32F1xx_HAL_Driver/Src/stm32f1xx_hal_rcc.o

.debug_aranges  0x0000000000000000      0x788
 .debug_aranges
                0x0000000000000000       0x78 ./0_Driver_stm32/i2c-lcd.o
 .debug_aranges
                0x0000000000000078       0x30 ./1_Application_stm32/KeyPad.o
 .debug_aranges
                0x00000000000000a8       0x40 ./1_Application_stm32/lcd_user.o
 .debug_aranges
                0x00000000000000e8       0x48 ./Core/Src/main.o
 .debug_aranges
                0x0000000000000130       0x30 ./Core/Src/stm32f1xx_hal_msp.o
 .debug_aranges
                0x0000000000000160       0x68 ./Core/Src/stm32f1xx_it.o
 .debug_aranges
                0x00000000000001c8       0x28 ./Core/Src/system_stm32f1xx.o
 .debug_aranges
                0x00000000000001f0       0x28 ./Core/Startup/startup_stm32f103c8tx.o
 .debug_aranges
                0x0000000000000218       0xe0 ./Drivers/STM32F1xx_HAL_Driver/Src/stm32f1xx_hal.o
 .debug_aranges
                0x00000000000002f8      0x100 ./Drivers/STM32F1xx_HAL_Driver/Src/stm32f1xx_hal_cortex.o
 .debug_aranges
                0x00000000000003f8       0x58 ./Drivers/STM32F1xx_HAL_Driver/Src/stm32f1xx_hal_gpio.o
 .debug_aranges
                0x0000000000000450      0x2a8 ./Drivers/STM32F1xx_HAL_Driver/Src/stm32f1xx_hal_i2c.o
 .debug_aranges
                0x00000000000006f8       0x90 ./Drivers/STM32F1xx_HAL_Driver/Src/stm32f1xx_hal_rcc.o

.debug_ranges   0x0000000000000000      0x6d8
 .debug_ranges  0x0000000000000000       0x68 ./0_Driver_stm32/i2c-lcd.o
 .debug_ranges  0x0000000000000068       0x20 ./1_Application_stm32/KeyPad.o
 .debug_ranges  0x0000000000000088       0x30 ./1_Application_stm32/lcd_user.o
 .debug_ranges  0x00000000000000b8       0x38 ./Core/Src/main.o
 .debug_ranges  0x00000000000000f0       0x20 ./Core/Src/stm32f1xx_hal_msp.o
 .debug_ranges  0x0000000000000110       0x58 ./Core/Src/stm32f1xx_it.o
 .debug_ranges  0x0000000000000168       0x18 ./Core/Src/system_stm32f1xx.o
 .debug_ranges  0x0000000000000180       0x20 ./Core/Startup/startup_stm32f103c8tx.o
 .debug_ranges  0x00000000000001a0       0xd0 ./Drivers/STM32F1xx_HAL_Driver/Src/stm32f1xx_hal.o
 .debug_ranges  0x0000000000000270       0xf0 ./Drivers/STM32F1xx_HAL_Driver/Src/stm32f1xx_hal_cortex.o
 .debug_ranges  0x0000000000000360       0x48 ./Drivers/STM32F1xx_HAL_Driver/Src/stm32f1xx_hal_gpio.o
 .debug_ranges  0x00000000000003a8      0x2b0 ./Drivers/STM32F1xx_HAL_Driver/Src/stm32f1xx_hal_i2c.o
 .debug_ranges  0x0000000000000658       0x80 ./Drivers/STM32F1xx_HAL_Driver/Src/stm32f1xx_hal_rcc.o

.debug_macro    0x0000000000000000    0x16dbb
 .debug_macro   0x0000000000000000      0x26b ./0_Driver_stm32/i2c-lcd.o
 .debug_macro   0x000000000000026b      0xa6c ./0_Driver_stm32/i2c-lcd.o
 .debug_macro   0x0000000000000cd7      0x215 ./0_Driver_stm32/i2c-lcd.o
 .debug_macro   0x0000000000000eec       0x2e ./0_Driver_stm32/i2c-lcd.o
 .debug_macro   0x0000000000000f1a       0x22 ./0_Driver_stm32/i2c-lcd.o
 .debug_macro   0x0000000000000f3c       0x22 ./0_Driver_stm32/i2c-lcd.o
 .debug_macro   0x0000000000000f5e       0x8e ./0_Driver_stm32/i2c-lcd.o
 .debug_macro   0x0000000000000fec       0x51 ./0_Driver_stm32/i2c-lcd.o
 .debug_macro   0x000000000000103d      0x103 ./0_Driver_stm32/i2c-lcd.o
 .debug_macro   0x0000000000001140       0x6a ./0_Driver_stm32/i2c-lcd.o
 .debug_macro   0x00000000000011aa      0x1df ./0_Driver_stm32/i2c-lcd.o
 .debug_macro   0x0000000000001389       0x1c ./0_Driver_stm32/i2c-lcd.o
 .debug_macro   0x00000000000013a5       0x22 ./0_Driver_stm32/i2c-lcd.o
 .debug_macro   0x00000000000013c7       0xbd ./0_Driver_stm32/i2c-lcd.o
 .debug_macro   0x0000000000001484      0xd23 ./0_Driver_stm32/i2c-lcd.o
 .debug_macro   0x00000000000021a7     0xe09e ./0_Driver_stm32/i2c-lcd.o
 .debug_macro   0x0000000000010245       0x6d ./0_Driver_stm32/i2c-lcd.o
 .debug_macro   0x00000000000102b2     0x348d ./0_Driver_stm32/i2c-lcd.o
 .debug_macro   0x000000000001373f      0x174 ./0_Driver_stm32/i2c-lcd.o
 .debug_macro   0x00000000000138b3       0x5c ./0_Driver_stm32/i2c-lcd.o
 .debug_macro   0x000000000001390f      0x5bc ./0_Driver_stm32/i2c-lcd.o
 .debug_macro   0x0000000000013ecb      0x289 ./0_Driver_stm32/i2c-lcd.o
 .debug_macro   0x0000000000014154      0x1cb ./0_Driver_stm32/i2c-lcd.o
 .debug_macro   0x000000000001431f      0x114 ./0_Driver_stm32/i2c-lcd.o
 .debug_macro   0x0000000000014433      0x1b2 ./0_Driver_stm32/i2c-lcd.o
 .debug_macro   0x00000000000145e5       0x27 ./0_Driver_stm32/i2c-lcd.o
 .debug_macro   0x000000000001460c      0x136 ./0_Driver_stm32/i2c-lcd.o
 .debug_macro   0x0000000000014742      0x1bc ./0_Driver_stm32/i2c-lcd.o
 .debug_macro   0x00000000000148fe       0x34 ./0_Driver_stm32/i2c-lcd.o
 .debug_macro   0x0000000000014932       0x3c ./0_Driver_stm32/i2c-lcd.o
 .debug_macro   0x000000000001496e       0x57 ./0_Driver_stm32/i2c-lcd.o
 .debug_macro   0x00000000000149c5       0x87 ./0_Driver_stm32/i2c-lcd.o
 .debug_macro   0x0000000000014a4c      0x240 ./0_Driver_stm32/i2c-lcd.o
 .debug_macro   0x0000000000014c8c      0x287 ./0_Driver_stm32/i2c-lcd.o
 .debug_macro   0x0000000000014f13      0x140 ./0_Driver_stm32/i2c-lcd.o
 .debug_macro   0x0000000000015053       0x83 ./0_Driver_stm32/i2c-lcd.o
 .debug_macro   0x00000000000150d6       0x52 ./0_Driver_stm32/i2c-lcd.o
 .debug_macro   0x0000000000015128       0x18 ./0_Driver_stm32/i2c-lcd.o
 .debug_macro   0x0000000000015140       0x3c ./0_Driver_stm32/i2c-lcd.o
 .debug_macro   0x000000000001517c       0x34 ./0_Driver_stm32/i2c-lcd.o
 .debug_macro   0x00000000000151b0       0x16 ./0_Driver_stm32/i2c-lcd.o
 .debug_macro   0x00000000000151c6       0x43 ./0_Driver_stm32/i2c-lcd.o
 .debug_macro   0x0000000000015209       0x34 ./0_Driver_stm32/i2c-lcd.o
 .debug_macro   0x000000000001523d       0x10 ./0_Driver_stm32/i2c-lcd.o
 .debug_macro   0x000000000001524d       0x58 ./0_Driver_stm32/i2c-lcd.o
 .debug_macro   0x00000000000152a5       0x71 ./0_Driver_stm32/i2c-lcd.o
 .debug_macro   0x0000000000015316       0x1c ./0_Driver_stm32/i2c-lcd.o
 .debug_macro   0x0000000000015332      0x12a ./0_Driver_stm32/i2c-lcd.o
 .debug_macro   0x000000000001545c      0x341 ./0_Driver_stm32/i2c-lcd.o
 .debug_macro   0x000000000001579d       0x10 ./0_Driver_stm32/i2c-lcd.o
 .debug_macro   0x00000000000157ad       0x35 ./0_Driver_stm32/i2c-lcd.o
 .debug_macro   0x00000000000157e2       0x20 ./0_Driver_stm32/i2c-lcd.o
 .debug_macro   0x0000000000015802       0xe2 ./0_Driver_stm32/i2c-lcd.o
 .debug_macro   0x00000000000158e4      0x1a4 ./1_Application_stm32/KeyPad.o
 .debug_macro   0x0000000000015a88      0x275 ./1_Application_stm32/lcd_user.o
 .debug_macro   0x0000000000015cfd      0x28d ./Core/Src/main.o
 .debug_macro   0x0000000000015f8a       0x9a ./Core/Src/main.o
 .debug_macro   0x0000000000016024       0x10 ./Core/Src/main.o
 .debug_macro   0x0000000000016034      0x19d ./Core/Src/stm32f1xx_hal_msp.o
 .debug_macro   0x00000000000161d1      0x1a7 ./Core/Src/stm32f1xx_it.o
 .debug_macro   0x0000000000016378      0x18e ./Core/Src/system_stm32f1xx.o
 .debug_macro   0x0000000000016506      0x1b2 ./Drivers/STM32F1xx_HAL_Driver/Src/stm32f1xx_hal.o
 .debug_macro   0x00000000000166b8      0x18e ./Drivers/STM32F1xx_HAL_Driver/Src/stm32f1xx_hal_cortex.o
 .debug_macro   0x0000000000016846      0x1f9 ./Drivers/STM32F1xx_HAL_Driver/Src/stm32f1xx_hal_gpio.o
 .debug_macro   0x0000000000016a3f      0x1dc ./Drivers/STM32F1xx_HAL_Driver/Src/stm32f1xx_hal_i2c.o
 .debug_macro   0x0000000000016c1b      0x1a0 ./Drivers/STM32F1xx_HAL_Driver/Src/stm32f1xx_hal_rcc.o

.debug_line     0x0000000000000000     0xa455
 .debug_line    0x0000000000000000      0xaf2 ./0_Driver_stm32/i2c-lcd.o
 .debug_line    0x0000000000000af2      0x854 ./1_Application_stm32/KeyPad.o
 .debug_line    0x0000000000001346      0xb55 ./1_Application_stm32/lcd_user.o
 .debug_line    0x0000000000001e9b      0xa86 ./Core/Src/main.o
 .debug_line    0x0000000000002921      0x6c2 ./Core/Src/stm32f1xx_hal_msp.o
 .debug_line    0x0000000000002fe3      0x754 ./Core/Src/stm32f1xx_it.o
 .debug_line    0x0000000000003737      0x6f6 ./Core/Src/system_stm32f1xx.o
 .debug_line    0x0000000000003e2d       0x86 ./Core/Startup/startup_stm32f103c8tx.o
 .debug_line    0x0000000000003eb3      0x923 ./Drivers/STM32F1xx_HAL_Driver/Src/stm32f1xx_hal.o
 .debug_line    0x00000000000047d6      0xb0b ./Drivers/STM32F1xx_HAL_Driver/Src/stm32f1xx_hal_cortex.o
 .debug_line    0x00000000000052e1      0x9bc ./Drivers/STM32F1xx_HAL_Driver/Src/stm32f1xx_hal_gpio.o
 .debug_line    0x0000000000005c9d     0x3a89 ./Drivers/STM32F1xx_HAL_Driver/Src/stm32f1xx_hal_i2c.o
 .debug_line    0x0000000000009726      0xd2f ./Drivers/STM32F1xx_HAL_Driver/Src/stm32f1xx_hal_rcc.o

.debug_str      0x0000000000000000    0x81d17
 .debug_str     0x0000000000000000    0x7f7ff ./0_Driver_stm32/i2c-lcd.o
                                      0x7fbd4 (size before relaxing)
 .debug_str     0x000000000007f7ff      0x266 ./1_Application_stm32/KeyPad.o
                                      0x7c683 (size before relaxing)
 .debug_str     0x000000000007fa65      0x25b ./1_Application_stm32/lcd_user.o
                                      0x7fc26 (size before relaxing)
 .debug_str     0x000000000007fcc0      0x7b0 ./Core/Src/main.o
                                      0x803aa (size before relaxing)
 .debug_str     0x0000000000080470       0x91 ./Core/Src/stm32f1xx_hal_msp.o
                                      0x7cc1f (size before relaxing)
 .debug_str     0x0000000000080501       0xf7 ./Core/Src/stm32f1xx_it.o
                                      0x7c772 (size before relaxing)
 .debug_str     0x00000000000805f8       0x7e ./Core/Src/system_stm32f1xx.o
                                      0x7c4cc (size before relaxing)
 .debug_str     0x0000000000080676       0x36 ./Core/Startup/startup_stm32f103c8tx.o
                                         0xa8 (size before relaxing)
 .debug_str     0x00000000000806ac      0x373 ./Drivers/STM32F1xx_HAL_Driver/Src/stm32f1xx_hal.o
                                      0x7cbff (size before relaxing)
 .debug_str     0x0000000000080a1f      0x2a8 ./Drivers/STM32F1xx_HAL_Driver/Src/stm32f1xx_hal_cortex.o
                                      0x7cb4b (size before relaxing)
 .debug_str     0x0000000000080cc7      0x27f ./Drivers/STM32F1xx_HAL_Driver/Src/stm32f1xx_hal_gpio.o
                                      0x7c852 (size before relaxing)
 .debug_str     0x0000000000080f46      0xbc8 ./Drivers/STM32F1xx_HAL_Driver/Src/stm32f1xx_hal_i2c.o
                                      0x7d593 (size before relaxing)
 .debug_str     0x0000000000081b0e      0x209 ./Drivers/STM32F1xx_HAL_Driver/Src/stm32f1xx_hal_rcc.o
                                      0x7c8fb (size before relaxing)

.comment        0x0000000000000000       0x50
 .comment       0x0000000000000000       0x50 ./0_Driver_stm32/i2c-lcd.o
                                         0x51 (size before relaxing)
 .comment       0x0000000000000050       0x51 ./1_Application_stm32/KeyPad.o
 .comment       0x0000000000000050       0x51 ./1_Application_stm32/lcd_user.o
 .comment       0x0000000000000050       0x51 ./Core/Src/main.o
 .comment       0x0000000000000050       0x51 ./Core/Src/stm32f1xx_hal_msp.o
 .comment       0x0000000000000050       0x51 ./Core/Src/stm32f1xx_it.o
 .comment       0x0000000000000050       0x51 ./Core/Src/system_stm32f1xx.o
 .comment       0x0000000000000050       0x51 ./Drivers/STM32F1xx_HAL_Driver/Src/stm32f1xx_hal.o
 .comment       0x0000000000000050       0x51 ./Drivers/STM32F1xx_HAL_Driver/Src/stm32f1xx_hal_cortex.o
 .comment       0x0000000000000050       0x51 ./Drivers/STM32F1xx_HAL_Driver/Src/stm32f1xx_hal_gpio.o
 .comment       0x0000000000000050       0x51 ./Drivers/STM32F1xx_HAL_Driver/Src/stm32f1xx_hal_i2c.o
 .comment       0x0000000000000050       0x51 ./Drivers/STM32F1xx_HAL_Driver/Src/stm32f1xx_hal_rcc.o

.debug_frame    0x0000000000000000     0x1d5c
 .debug_frame   0x0000000000000000      0x1c4 ./0_Driver_stm32/i2c-lcd.o
 .debug_frame   0x00000000000001c4       0x84 ./1_Application_stm32/KeyPad.o
 .debug_frame   0x0000000000000248       0xbc ./1_Application_stm32/lcd_user.o
 .debug_frame   0x0000000000000304       0xd0 ./Core/Src/main.o
 .debug_frame   0x00000000000003d4       0x80 ./Core/Src/stm32f1xx_hal_msp.o
 .debug_frame   0x0000000000000454      0x120 ./Core/Src/stm32f1xx_it.o
 .debug_frame   0x0000000000000574       0x58 ./Core/Src/system_stm32f1xx.o
 .debug_frame   0x00000000000005cc      0x334 ./Drivers/STM32F1xx_HAL_Driver/Src/stm32f1xx_hal.o
 .debug_frame   0x0000000000000900      0x428 ./Drivers/STM32F1xx_HAL_Driver/Src/stm32f1xx_hal_cortex.o
 .debug_frame   0x0000000000000d28      0x14c ./Drivers/STM32F1xx_HAL_Driver/Src/stm32f1xx_hal_gpio.o
 .debug_frame   0x0000000000000e74      0xc84 ./Drivers/STM32F1xx_HAL_Driver/Src/stm32f1xx_hal_i2c.o
 .debug_frame   0x0000000000001af8      0x218 ./Drivers/STM32F1xx_HAL_Driver/Src/stm32f1xx_hal_rcc.o
 .debug_frame   0x0000000000001d10       0x2c c:/users/baothuan/stm32cubeide_1.12.1/stm32cubeide/plugins/com.st.stm32cube.ide.mcu.externaltools.gnu-tools-for-stm32.10.3-2021.10.win32_1.0.200.202301161003/tools/bin/../lib/gcc/arm-none-eabi/10.3.1/../../../../arm-none-eabi/lib/thumb/v7-m/nofp\libc_nano.a(lib_a-init.o)
 .debug_frame   0x0000000000001d3c       0x20 c:/users/baothuan/stm32cubeide_1.12.1/stm32cubeide/plugins/com.st.stm32cube.ide.mcu.externaltools.gnu-tools-for-stm32.10.3-2021.10.win32_1.0.200.202301161003/tools/bin/../lib/gcc/arm-none-eabi/10.3.1/../../../../arm-none-eabi/lib/thumb/v7-m/nofp\libc_nano.a(lib_a-memset.o)
