00:30:56 **** Incremental Build of configuration Debug for project test_lcd ****
make -j8 all 
arm-none-eabi-gcc "../Core/Src/main.c" -mcpu=cortex-m3 -std=gnu11 -g3 -DDEBUG -DUSE_HAL_DRIVER -DSTM32F103xB -c -I../Core/Inc -I../Drivers/STM32F1xx_HAL_Driver/Inc/Legacy -I../Drivers/STM32F1xx_HAL_Driver/Inc -I../Drivers/CMSIS/Device/ST/STM32F1xx/Include -I../Drivers/CMSIS/Include -I"C:/Users/BaoThuan/OneDrive - The University of Technology/Desktop/PROJECT/GIT_HUB/BKDN_TuThuoc/1_Application_stm32/include" -I"C:/Users/BaoThuan/OneDrive - The University of Technology/Desktop/PROJECT/GIT_HUB/BKDN_TuThuoc/0_Driver_stm32/0_include" -O0 -ffunction-sections -fdata-sections -Wall -fstack-usage -fcyclomatic-complexity -MMD -MP -MF"Core/Src/main.d" -MT"Core/Src/main.o" --specs=nano.specs -mfloat-abi=soft -mthumb -o "Core/Src/main.o"
arm-none-eabi-gcc -o "test_lcd.elf" @"objects.list"   -mcpu=cortex-m3 -T"C:\Users\BaoThuan\OneDrive - The University of Technology\Desktop\PROJECT\GIT_HUB\BKDN_TuThuoc\test_lcd\STM32F103C8TX_FLASH.ld" --specs=nosys.specs -Wl,-Map="test_lcd.map" -Wl,--gc-sections -static --specs=nano.specs -mfloat-abi=soft -mthumb -Wl,--start-group -lc -lm -Wl,--end-group
Finished building target: test_lcd.elf
 
arm-none-eabi-size   test_lcd.elf 
arm-none-eabi-objdump -h -S  test_lcd.elf  > "test_lcd.list"
   text	   data	    bss	    dec	    hex	filename
   8372	     20	   1676	  10068	   2754	test_lcd.elf
Finished building: default.size.stdout
 
Finished building: test_lcd.list
 
00:31:16 **** Incremental Build of configuration Debug for project test_lcd ****
make -j8 all 
arm-none-eabi-size   test_lcd.elf 
   text	   data	    bss	    dec	    hex	filename
   8372	     20	   1676	  10068	   2754	test_lcd.elf
Finished building: default.size.stdout
 
00:34:02 **** Clean-only build of configuration Debug for project test_lcd ****
make -j8 clean 
rm -rf ./Drivers/STM32F1xx_HAL_Driver/Src/stm32f1xx_hal.cyclo ./Drivers/STM32F1xx_HAL_Driver/Src/stm32f1xx_hal.d ./Drivers/STM32F1xx_HAL_Driver/Src/stm32f1xx_hal.o ./Drivers/STM32F1xx_HAL_Driver/Src/stm32f1xx_hal.su ./Drivers/STM32F1xx_HAL_Driver/Src/stm32f1xx_hal_cortex.cyclo ./Drivers/STM32F1xx_HAL_Driver/Src/stm32f1xx_hal_cortex.d ./Drivers/STM32F1xx_HAL_Driver/Src/stm32f1xx_hal_cortex.o ./Drivers/STM32F1xx_HAL_Driver/Src/stm32f1xx_hal_cortex.su ./Drivers/STM32F1xx_HAL_Driver/Src/stm32f1xx_hal_dma.cyclo ./Drivers/STM32F1xx_HAL_Driver/Src/stm32f1xx_hal_dma.d ./Drivers/STM32F1xx_HAL_Driver/Src/stm32f1xx_hal_dma.o ./Drivers/STM32F1xx_HAL_Driver/Src/stm32f1xx_hal_dma.su ./Drivers/STM32F1xx_HAL_Driver/Src/stm32f1xx_hal_exti.cyclo ./Drivers/STM32F1xx_HAL_Driver/Src/stm32f1xx_hal_exti.d ./Drivers/STM32F1xx_HAL_Driver/Src/stm32f1xx_hal_exti.o ./Drivers/STM32F1xx_HAL_Driver/Src/stm32f1xx_hal_exti.su ./Drivers/STM32F1xx_HAL_Driver/Src/stm32f1xx_hal_flash.cyclo ./Drivers/STM32F1xx_HAL_Driver/Src/stm32f1xx_hal_flash.d ./Drivers/STM32F1xx_HAL_Driver/Src/stm32f1xx_hal_flash.o ./Drivers/STM32F1xx_HAL_Driver/Src/stm32f1xx_hal_flash.su ./Drivers/STM32F1xx_HAL_Driver/Src/stm32f1xx_hal_flash_ex.cyclo ./Drivers/STM32F1xx_HAL_Driver/Src/stm32f1xx_hal_flash_ex.d ./Drivers/STM32F1xx_HAL_Driver/Src/stm32f1xx_hal_flash_ex.o ./Drivers/STM32F1xx_HAL_Driver/Src/stm32f1xx_hal_flash_ex.su ./Drivers/STM32F1xx_HAL_Driver/Src/stm32f1xx_hal_gpio.cyclo ./Drivers/STM32F1xx_HAL_Driver/Src/stm32f1xx_hal_gpio.d ./Drivers/STM32F1xx_HAL_Driver/Src/stm32f1xx_hal_gpio.o ./Drivers/STM32F1xx_HAL_Driver/Src/stm32f1xx_hal_gpio.su ./Drivers/STM32F1xx_HAL_Driver/Src/stm32f1xx_hal_gpio_ex.cyclo ./Drivers/STM32F1xx_HAL_Driver/Src/stm32f1xx_hal_gpio_ex.d ./Drivers/STM32F1xx_HAL_Driver/Src/stm32f1xx_hal_gpio_ex.o ./Drivers/STM32F1xx_HAL_Driver/Src/stm32f1xx_hal_gpio_ex.su ./Drivers/STM32F1xx_HAL_Driver/Src/stm32f1xx_hal_i2c.cyclo ./Drivers/STM32F1xx_HAL_Driver/Src/stm32f1xx_hal_i2c.d ./Drivers/STM32F1xx_HAL_Driver/Src/stm32f1xx_hal_i2c.o ./Drivers/STM32F1xx_HAL_Driver/Src/stm32f1xx_hal_i2c.su ./Drivers/STM32F1xx_HAL_Driver/Src/stm32f1xx_hal_pwr.cyclo ./Drivers/STM32F1xx_HAL_Driver/Src/stm32f1xx_hal_pwr.d ./Drivers/STM32F1xx_HAL_Driver/Src/stm32f1xx_hal_pwr.o ./Drivers/STM32F1xx_HAL_Driver/Src/stm32f1xx_hal_pwr.su ./Drivers/STM32F1xx_HAL_Driver/Src/stm32f1xx_hal_rcc.cyclo ./Drivers/STM32F1xx_HAL_Driver/Src/stm32f1xx_hal_rcc.d ./Drivers/STM32F1xx_HAL_Driver/Src/stm32f1xx_hal_rcc.o ./Drivers/STM32F1xx_HAL_Driver/Src/stm32f1xx_hal_rcc.su ./Drivers/STM32F1xx_HAL_Driver/Src/stm32f1xx_hal_rcc_ex.cyclo ./Drivers/STM32F1xx_HAL_Driver/Src/stm32f1xx_hal_rcc_ex.d ./Drivers/STM32F1xx_HAL_Driver/Src/stm32f1xx_hal_rcc_ex.o ./Drivers/STM32F1xx_HAL_Driver/Src/stm32f1xx_hal_rcc_ex.su ./Drivers/STM32F1xx_HAL_Driver/Src/stm32f1xx_hal_tim.cyclo ./Drivers/STM32F1xx_HAL_Driver/Src/stm32f1xx_hal_tim.d ./Drivers/STM32F1xx_HAL_Driver/Src/stm32f1xx_hal_tim.o ./Drivers/STM32F1xx_HAL_Driver/Src/stm32f1xx_hal_tim.su ./Drivers/STM32F1xx_HAL_Driver/Src/stm32f1xx_hal_tim_ex.cyclo ./Drivers/STM32F1xx_HAL_Driver/Src/stm32f1xx_hal_tim_ex.d ./Drivers/STM32F1xx_HAL_Driver/Src/stm32f1xx_hal_tim_ex.o ./Drivers/STM32F1xx_HAL_Driver/Src/stm32f1xx_hal_tim_ex.su
rm -rf ./Core/Startup/startup_stm32f103c8tx.d ./Core/Startup/startup_stm32f103c8tx.o
rm -rf ./Core/Src/main.cyclo ./Core/Src/main.d ./Core/Src/main.o ./Core/Src/main.su ./Core/Src/stm32f1xx_hal_msp.cyclo ./Core/Src/stm32f1xx_hal_msp.d ./Core/Src/stm32f1xx_hal_msp.o ./Core/Src/stm32f1xx_hal_msp.su ./Core/Src/stm32f1xx_it.cyclo ./Core/Src/stm32f1xx_it.d ./Core/Src/stm32f1xx_it.o ./Core/Src/stm32f1xx_it.su ./Core/Src/syscalls.cyclo ./Core/Src/syscalls.d ./Core/Src/syscalls.o ./Core/Src/syscalls.su ./Core/Src/sysmem.cyclo ./Core/Src/sysmem.d ./Core/Src/sysmem.o ./Core/Src/sysmem.su ./Core/Src/system_stm32f1xx.cyclo ./Core/Src/system_stm32f1xx.d ./Core/Src/system_stm32f1xx.o ./Core/Src/system_stm32f1xx.su
rm -rf ./1_Application_stm32/KeyPad.cyclo ./1_Application_stm32/KeyPad.d ./1_Application_stm32/KeyPad.o ./1_Application_stm32/KeyPad.su ./1_Application_stm32/lcd_user.cyclo ./1_Application_stm32/lcd_user.d ./1_Application_stm32/lcd_user.o ./1_Application_stm32/lcd_user.su
rm -rf ./0_Driver_stm32/i2c-lcd.cyclo ./0_Driver_stm32/i2c-lcd.d ./0_Driver_stm32/i2c-lcd.o ./0_Driver_stm32/i2c-lcd.su
rm -rf default.size.stdout test_lcd.elf test_lcd.list test_lcd.map
 
00:34:02 **** Incremental Build of configuration Debug for project test_lcd ****
make -j8 all 
arm-none-eabi-gcc "../Drivers/STM32F1xx_HAL_Driver/Src/stm32f1xx_hal.c" -mcpu=cortex-m3 -std=gnu11 -g3 -DDEBUG -DUSE_HAL_DRIVER -DSTM32F103xB -c -I../Core/Inc -I../Drivers/STM32F1xx_HAL_Driver/Inc/Legacy -I../Drivers/STM32F1xx_HAL_Driver/Inc -I../Drivers/CMSIS/Device/ST/STM32F1xx/Include -I../Drivers/CMSIS/Include -I"C:/Users/BaoThuan/OneDrive - The University of Technology/Desktop/PROJECT/GIT_HUB/BKDN_TuThuoc/1_Application_stm32/include" -I"C:/Users/BaoThuan/OneDrive - The University of Technology/Desktop/PROJECT/GIT_HUB/BKDN_TuThuoc/0_Driver_stm32/0_include" -O0 -ffunction-sections -fdata-sections -Wall -fstack-usage -fcyclomatic-complexity -MMD -MP -MF"Drivers/STM32F1xx_HAL_Driver/Src/stm32f1xx_hal.d" -MT"Drivers/STM32F1xx_HAL_Driver/Src/stm32f1xx_hal.o" --specs=nano.specs -mfloat-abi=soft -mthumb -o "Drivers/STM32F1xx_HAL_Driver/Src/stm32f1xx_hal.o"
arm-none-eabi-gcc "../Drivers/STM32F1xx_HAL_Driver/Src/stm32f1xx_hal_cortex.c" -mcpu=cortex-m3 -std=gnu11 -g3 -DDEBUG -DUSE_HAL_DRIVER -DSTM32F103xB -c -I../Core/Inc -I../Drivers/STM32F1xx_HAL_Driver/Inc/Legacy -I../Drivers/STM32F1xx_HAL_Driver/Inc -I../Drivers/CMSIS/Device/ST/STM32F1xx/Include -I../Drivers/CMSIS/Include -I"C:/Users/BaoThuan/OneDrive - The University of Technology/Desktop/PROJECT/GIT_HUB/BKDN_TuThuoc/1_Application_stm32/include" -I"C:/Users/BaoThuan/OneDrive - The University of Technology/Desktop/PROJECT/GIT_HUB/BKDN_TuThuoc/0_Driver_stm32/0_include" -O0 -ffunction-sections -fdata-sections -Wall -fstack-usage -fcyclomatic-complexity -MMD -MP -MF"Drivers/STM32F1xx_HAL_Driver/Src/stm32f1xx_hal_cortex.d" -MT"Drivers/STM32F1xx_HAL_Driver/Src/stm32f1xx_hal_cortex.o" --specs=nano.specs -mfloat-abi=soft -mthumb -o "Drivers/STM32F1xx_HAL_Driver/Src/stm32f1xx_hal_cortex.o"
arm-none-eabi-gcc "../Drivers/STM32F1xx_HAL_Driver/Src/stm32f1xx_hal_dma.c" -mcpu=cortex-m3 -std=gnu11 -g3 -DDEBUG -DUSE_HAL_DRIVER -DSTM32F103xB -c -I../Core/Inc -I../Drivers/STM32F1xx_HAL_Driver/Inc/Legacy -I../Drivers/STM32F1xx_HAL_Driver/Inc -I../Drivers/CMSIS/Device/ST/STM32F1xx/Include -I../Drivers/CMSIS/Include -I"C:/Users/BaoThuan/OneDrive - The University of Technology/Desktop/PROJECT/GIT_HUB/BKDN_TuThuoc/1_Application_stm32/include" -I"C:/Users/BaoThuan/OneDrive - The University of Technology/Desktop/PROJECT/GIT_HUB/BKDN_TuThuoc/0_Driver_stm32/0_include" -O0 -ffunction-sections -fdata-sections -Wall -fstack-usage -fcyclomatic-complexity -MMD -MP -MF"Drivers/STM32F1xx_HAL_Driver/Src/stm32f1xx_hal_dma.d" -MT"Drivers/STM32F1xx_HAL_Driver/Src/stm32f1xx_hal_dma.o" --specs=nano.specs -mfloat-abi=soft -mthumb -o "Drivers/STM32F1xx_HAL_Driver/Src/stm32f1xx_hal_dma.o"
arm-none-eabi-gcc "../Drivers/STM32F1xx_HAL_Driver/Src/stm32f1xx_hal_exti.c" -mcpu=cortex-m3 -std=gnu11 -g3 -DDEBUG -DUSE_HAL_DRIVER -DSTM32F103xB -c -I../Core/Inc -I../Drivers/STM32F1xx_HAL_Driver/Inc/Legacy -I../Drivers/STM32F1xx_HAL_Driver/Inc -I../Drivers/CMSIS/Device/ST/STM32F1xx/Include -I../Drivers/CMSIS/Include -I"C:/Users/BaoThuan/OneDrive - The University of Technology/Desktop/PROJECT/GIT_HUB/BKDN_TuThuoc/1_Application_stm32/include" -I"C:/Users/BaoThuan/OneDrive - The University of Technology/Desktop/PROJECT/GIT_HUB/BKDN_TuThuoc/0_Driver_stm32/0_include" -O0 -ffunction-sections -fdata-sections -Wall -fstack-usage -fcyclomatic-complexity -MMD -MP -MF"Drivers/STM32F1xx_HAL_Driver/Src/stm32f1xx_hal_exti.d" -MT"Drivers/STM32F1xx_HAL_Driver/Src/stm32f1xx_hal_exti.o" --specs=nano.specs -mfloat-abi=soft -mthumb -o "Drivers/STM32F1xx_HAL_Driver/Src/stm32f1xx_hal_exti.o"
arm-none-eabi-gcc "../Drivers/STM32F1xx_HAL_Driver/Src/stm32f1xx_hal_flash.c" -mcpu=cortex-m3 -std=gnu11 -g3 -DDEBUG -DUSE_HAL_DRIVER -DSTM32F103xB -c -I../Core/Inc -I../Drivers/STM32F1xx_HAL_Driver/Inc/Legacy -I../Drivers/STM32F1xx_HAL_Driver/Inc -I../Drivers/CMSIS/Device/ST/STM32F1xx/Include -I../Drivers/CMSIS/Include -I"C:/Users/BaoThuan/OneDrive - The University of Technology/Desktop/PROJECT/GIT_HUB/BKDN_TuThuoc/1_Application_stm32/include" -I"C:/Users/BaoThuan/OneDrive - The University of Technology/Desktop/PROJECT/GIT_HUB/BKDN_TuThuoc/0_Driver_stm32/0_include" -O0 -ffunction-sections -fdata-sections -Wall -fstack-usage -fcyclomatic-complexity -MMD -MP -MF"Drivers/STM32F1xx_HAL_Driver/Src/stm32f1xx_hal_flash.d" -MT"Drivers/STM32F1xx_HAL_Driver/Src/stm32f1xx_hal_flash.o" --specs=nano.specs -mfloat-abi=soft -mthumb -o "Drivers/STM32F1xx_HAL_Driver/Src/stm32f1xx_hal_flash.o"
arm-none-eabi-gcc "../Drivers/STM32F1xx_HAL_Driver/Src/stm32f1xx_hal_flash_ex.c" -mcpu=cortex-m3 -std=gnu11 -g3 -DDEBUG -DUSE_HAL_DRIVER -DSTM32F103xB -c -I../Core/Inc -I../Drivers/STM32F1xx_HAL_Driver/Inc/Legacy -I../Drivers/STM32F1xx_HAL_Driver/Inc -I../Drivers/CMSIS/Device/ST/STM32F1xx/Include -I../Drivers/CMSIS/Include -I"C:/Users/BaoThuan/OneDrive - The University of Technology/Desktop/PROJECT/GIT_HUB/BKDN_TuThuoc/1_Application_stm32/include" -I"C:/Users/BaoThuan/OneDrive - The University of Technology/Desktop/PROJECT/GIT_HUB/BKDN_TuThuoc/0_Driver_stm32/0_include" -O0 -ffunction-sections -fdata-sections -Wall -fstack-usage -fcyclomatic-complexity -MMD -MP -MF"Drivers/STM32F1xx_HAL_Driver/Src/stm32f1xx_hal_flash_ex.d" -MT"Drivers/STM32F1xx_HAL_Driver/Src/stm32f1xx_hal_flash_ex.o" --specs=nano.specs -mfloat-abi=soft -mthumb -o "Drivers/STM32F1xx_HAL_Driver/Src/stm32f1xx_hal_flash_ex.o"
arm-none-eabi-gcc "../Drivers/STM32F1xx_HAL_Driver/Src/stm32f1xx_hal_gpio.c" -mcpu=cortex-m3 -std=gnu11 -g3 -DDEBUG -DUSE_HAL_DRIVER -DSTM32F103xB -c -I../Core/Inc -I../Drivers/STM32F1xx_HAL_Driver/Inc/Legacy -I../Drivers/STM32F1xx_HAL_Driver/Inc -I../Drivers/CMSIS/Device/ST/STM32F1xx/Include -I../Drivers/CMSIS/Include -I"C:/Users/BaoThuan/OneDrive - The University of Technology/Desktop/PROJECT/GIT_HUB/BKDN_TuThuoc/1_Application_stm32/include" -I"C:/Users/BaoThuan/OneDrive - The University of Technology/Desktop/PROJECT/GIT_HUB/BKDN_TuThuoc/0_Driver_stm32/0_include" -O0 -ffunction-sections -fdata-sections -Wall -fstack-usage -fcyclomatic-complexity -MMD -MP -MF"Drivers/STM32F1xx_HAL_Driver/Src/stm32f1xx_hal_gpio.d" -MT"Drivers/STM32F1xx_HAL_Driver/Src/stm32f1xx_hal_gpio.o" --specs=nano.specs -mfloat-abi=soft -mthumb -o "Drivers/STM32F1xx_HAL_Driver/Src/stm32f1xx_hal_gpio.o"
arm-none-eabi-gcc "../Drivers/STM32F1xx_HAL_Driver/Src/stm32f1xx_hal_gpio_ex.c" -mcpu=cortex-m3 -std=gnu11 -g3 -DDEBUG -DUSE_HAL_DRIVER -DSTM32F103xB -c -I../Core/Inc -I../Drivers/STM32F1xx_HAL_Driver/Inc/Legacy -I../Drivers/STM32F1xx_HAL_Driver/Inc -I../Drivers/CMSIS/Device/ST/STM32F1xx/Include -I../Drivers/CMSIS/Include -I"C:/Users/BaoThuan/OneDrive - The University of Technology/Desktop/PROJECT/GIT_HUB/BKDN_TuThuoc/1_Application_stm32/include" -I"C:/Users/BaoThuan/OneDrive - The University of Technology/Desktop/PROJECT/GIT_HUB/BKDN_TuThuoc/0_Driver_stm32/0_include" -O0 -ffunction-sections -fdata-sections -Wall -fstack-usage -fcyclomatic-complexity -MMD -MP -MF"Drivers/STM32F1xx_HAL_Driver/Src/stm32f1xx_hal_gpio_ex.d" -MT"Drivers/STM32F1xx_HAL_Driver/Src/stm32f1xx_hal_gpio_ex.o" --specs=nano.specs -mfloat-abi=soft -mthumb -o "Drivers/STM32F1xx_HAL_Driver/Src/stm32f1xx_hal_gpio_ex.o"
arm-none-eabi-gcc "../Drivers/STM32F1xx_HAL_Driver/Src/stm32f1xx_hal_i2c.c" -mcpu=cortex-m3 -std=gnu11 -g3 -DDEBUG -DUSE_HAL_DRIVER -DSTM32F103xB -c -I../Core/Inc -I../Drivers/STM32F1xx_HAL_Driver/Inc/Legacy -I../Drivers/STM32F1xx_HAL_Driver/Inc -I../Drivers/CMSIS/Device/ST/STM32F1xx/Include -I../Drivers/CMSIS/Include -I"C:/Users/BaoThuan/OneDrive - The University of Technology/Desktop/PROJECT/GIT_HUB/BKDN_TuThuoc/1_Application_stm32/include" -I"C:/Users/BaoThuan/OneDrive - The University of Technology/Desktop/PROJECT/GIT_HUB/BKDN_TuThuoc/0_Driver_stm32/0_include" -O0 -ffunction-sections -fdata-sections -Wall -fstack-usage -fcyclomatic-complexity -MMD -MP -MF"Drivers/STM32F1xx_HAL_Driver/Src/stm32f1xx_hal_i2c.d" -MT"Drivers/STM32F1xx_HAL_Driver/Src/stm32f1xx_hal_i2c.o" --specs=nano.specs -mfloat-abi=soft -mthumb -o "Drivers/STM32F1xx_HAL_Driver/Src/stm32f1xx_hal_i2c.o"
arm-none-eabi-gcc "../Drivers/STM32F1xx_HAL_Driver/Src/stm32f1xx_hal_pwr.c" -mcpu=cortex-m3 -std=gnu11 -g3 -DDEBUG -DUSE_HAL_DRIVER -DSTM32F103xB -c -I../Core/Inc -I../Drivers/STM32F1xx_HAL_Driver/Inc/Legacy -I../Drivers/STM32F1xx_HAL_Driver/Inc -I../Drivers/CMSIS/Device/ST/STM32F1xx/Include -I../Drivers/CMSIS/Include -I"C:/Users/BaoThuan/OneDrive - The University of Technology/Desktop/PROJECT/GIT_HUB/BKDN_TuThuoc/1_Application_stm32/include" -I"C:/Users/BaoThuan/OneDrive - The University of Technology/Desktop/PROJECT/GIT_HUB/BKDN_TuThuoc/0_Driver_stm32/0_include" -O0 -ffunction-sections -fdata-sections -Wall -fstack-usage -fcyclomatic-complexity -MMD -MP -MF"Drivers/STM32F1xx_HAL_Driver/Src/stm32f1xx_hal_pwr.d" -MT"Drivers/STM32F1xx_HAL_Driver/Src/stm32f1xx_hal_pwr.o" --specs=nano.specs -mfloat-abi=soft -mthumb -o "Drivers/STM32F1xx_HAL_Driver/Src/stm32f1xx_hal_pwr.o"
arm-none-eabi-gcc "../Drivers/STM32F1xx_HAL_Driver/Src/stm32f1xx_hal_rcc.c" -mcpu=cortex-m3 -std=gnu11 -g3 -DDEBUG -DUSE_HAL_DRIVER -DSTM32F103xB -c -I../Core/Inc -I../Drivers/STM32F1xx_HAL_Driver/Inc/Legacy -I../Drivers/STM32F1xx_HAL_Driver/Inc -I../Drivers/CMSIS/Device/ST/STM32F1xx/Include -I../Drivers/CMSIS/Include -I"C:/Users/BaoThuan/OneDrive - The University of Technology/Desktop/PROJECT/GIT_HUB/BKDN_TuThuoc/1_Application_stm32/include" -I"C:/Users/BaoThuan/OneDrive - The University of Technology/Desktop/PROJECT/GIT_HUB/BKDN_TuThuoc/0_Driver_stm32/0_include" -O0 -ffunction-sections -fdata-sections -Wall -fstack-usage -fcyclomatic-complexity -MMD -MP -MF"Drivers/STM32F1xx_HAL_Driver/Src/stm32f1xx_hal_rcc.d" -MT"Drivers/STM32F1xx_HAL_Driver/Src/stm32f1xx_hal_rcc.o" --specs=nano.specs -mfloat-abi=soft -mthumb -o "Drivers/STM32F1xx_HAL_Driver/Src/stm32f1xx_hal_rcc.o"
arm-none-eabi-gcc "../Drivers/STM32F1xx_HAL_Driver/Src/stm32f1xx_hal_rcc_ex.c" -mcpu=cortex-m3 -std=gnu11 -g3 -DDEBUG -DUSE_HAL_DRIVER -DSTM32F103xB -c -I../Core/Inc -I../Drivers/STM32F1xx_HAL_Driver/Inc/Legacy -I../Drivers/STM32F1xx_HAL_Driver/Inc -I../Drivers/CMSIS/Device/ST/STM32F1xx/Include -I../Drivers/CMSIS/Include -I"C:/Users/BaoThuan/OneDrive - The University of Technology/Desktop/PROJECT/GIT_HUB/BKDN_TuThuoc/1_Application_stm32/include" -I"C:/Users/BaoThuan/OneDrive - The University of Technology/Desktop/PROJECT/GIT_HUB/BKDN_TuThuoc/0_Driver_stm32/0_include" -O0 -ffunction-sections -fdata-sections -Wall -fstack-usage -fcyclomatic-complexity -MMD -MP -MF"Drivers/STM32F1xx_HAL_Driver/Src/stm32f1xx_hal_rcc_ex.d" -MT"Drivers/STM32F1xx_HAL_Driver/Src/stm32f1xx_hal_rcc_ex.o" --specs=nano.specs -mfloat-abi=soft -mthumb -o "Drivers/STM32F1xx_HAL_Driver/Src/stm32f1xx_hal_rcc_ex.o"
arm-none-eabi-gcc "../Drivers/STM32F1xx_HAL_Driver/Src/stm32f1xx_hal_tim.c" -mcpu=cortex-m3 -std=gnu11 -g3 -DDEBUG -DUSE_HAL_DRIVER -DSTM32F103xB -c -I../Core/Inc -I../Drivers/STM32F1xx_HAL_Driver/Inc/Legacy -I../Drivers/STM32F1xx_HAL_Driver/Inc -I../Drivers/CMSIS/Device/ST/STM32F1xx/Include -I../Drivers/CMSIS/Include -I"C:/Users/BaoThuan/OneDrive - The University of Technology/Desktop/PROJECT/GIT_HUB/BKDN_TuThuoc/1_Application_stm32/include" -I"C:/Users/BaoThuan/OneDrive - The University of Technology/Desktop/PROJECT/GIT_HUB/BKDN_TuThuoc/0_Driver_stm32/0_include" -O0 -ffunction-sections -fdata-sections -Wall -fstack-usage -fcyclomatic-complexity -MMD -MP -MF"Drivers/STM32F1xx_HAL_Driver/Src/stm32f1xx_hal_tim.d" -MT"Drivers/STM32F1xx_HAL_Driver/Src/stm32f1xx_hal_tim.o" --specs=nano.specs -mfloat-abi=soft -mthumb -o "Drivers/STM32F1xx_HAL_Driver/Src/stm32f1xx_hal_tim.o"
arm-none-eabi-gcc "../Drivers/STM32F1xx_HAL_Driver/Src/stm32f1xx_hal_tim_ex.c" -mcpu=cortex-m3 -std=gnu11 -g3 -DDEBUG -DUSE_HAL_DRIVER -DSTM32F103xB -c -I../Core/Inc -I../Drivers/STM32F1xx_HAL_Driver/Inc/Legacy -I../Drivers/STM32F1xx_HAL_Driver/Inc -I../Drivers/CMSIS/Device/ST/STM32F1xx/Include -I../Drivers/CMSIS/Include -I"C:/Users/BaoThuan/OneDrive - The University of Technology/Desktop/PROJECT/GIT_HUB/BKDN_TuThuoc/1_Application_stm32/include" -I"C:/Users/BaoThuan/OneDrive - The University of Technology/Desktop/PROJECT/GIT_HUB/BKDN_TuThuoc/0_Driver_stm32/0_include" -O0 -ffunction-sections -fdata-sections -Wall -fstack-usage -fcyclomatic-complexity -MMD -MP -MF"Drivers/STM32F1xx_HAL_Driver/Src/stm32f1xx_hal_tim_ex.d" -MT"Drivers/STM32F1xx_HAL_Driver/Src/stm32f1xx_hal_tim_ex.o" --specs=nano.specs -mfloat-abi=soft -mthumb -o "Drivers/STM32F1xx_HAL_Driver/Src/stm32f1xx_hal_tim_ex.o"
arm-none-eabi-gcc -mcpu=cortex-m3 -g3 -DDEBUG -c -x assembler-with-cpp -MMD -MP -MF"Core/Startup/startup_stm32f103c8tx.d" -MT"Core/Startup/startup_stm32f103c8tx.o" --specs=nano.specs -mfloat-abi=soft -mthumb -o "Core/Startup/startup_stm32f103c8tx.o" "../Core/Startup/startup_stm32f103c8tx.s"
arm-none-eabi-gcc "../Core/Src/main.c" -mcpu=cortex-m3 -std=gnu11 -g3 -DDEBUG -DUSE_HAL_DRIVER -DSTM32F103xB -c -I../Core/Inc -I../Drivers/STM32F1xx_HAL_Driver/Inc/Legacy -I../Drivers/STM32F1xx_HAL_Driver/Inc -I../Drivers/CMSIS/Device/ST/STM32F1xx/Include -I../Drivers/CMSIS/Include -I"C:/Users/BaoThuan/OneDrive - The University of Technology/Desktop/PROJECT/GIT_HUB/BKDN_TuThuoc/1_Application_stm32/include" -I"C:/Users/BaoThuan/OneDrive - The University of Technology/Desktop/PROJECT/GIT_HUB/BKDN_TuThuoc/0_Driver_stm32/0_include" -O0 -ffunction-sections -fdata-sections -Wall -fstack-usage -fcyclomatic-complexity -MMD -MP -MF"Core/Src/main.d" -MT"Core/Src/main.o" --specs=nano.specs -mfloat-abi=soft -mthumb -o "Core/Src/main.o"
arm-none-eabi-gcc "../Core/Src/stm32f1xx_hal_msp.c" -mcpu=cortex-m3 -std=gnu11 -g3 -DDEBUG -DUSE_HAL_DRIVER -DSTM32F103xB -c -I../Core/Inc -I../Drivers/STM32F1xx_HAL_Driver/Inc/Legacy -I../Drivers/STM32F1xx_HAL_Driver/Inc -I../Drivers/CMSIS/Device/ST/STM32F1xx/Include -I../Drivers/CMSIS/Include -I"C:/Users/BaoThuan/OneDrive - The University of Technology/Desktop/PROJECT/GIT_HUB/BKDN_TuThuoc/1_Application_stm32/include" -I"C:/Users/BaoThuan/OneDrive - The University of Technology/Desktop/PROJECT/GIT_HUB/BKDN_TuThuoc/0_Driver_stm32/0_include" -O0 -ffunction-sections -fdata-sections -Wall -fstack-usage -fcyclomatic-complexity -MMD -MP -MF"Core/Src/stm32f1xx_hal_msp.d" -MT"Core/Src/stm32f1xx_hal_msp.o" --specs=nano.specs -mfloat-abi=soft -mthumb -o "Core/Src/stm32f1xx_hal_msp.o"
arm-none-eabi-gcc "../Core/Src/stm32f1xx_it.c" -mcpu=cortex-m3 -std=gnu11 -g3 -DDEBUG -DUSE_HAL_DRIVER -DSTM32F103xB -c -I../Core/Inc -I../Drivers/STM32F1xx_HAL_Driver/Inc/Legacy -I../Drivers/STM32F1xx_HAL_Driver/Inc -I../Drivers/CMSIS/Device/ST/STM32F1xx/Include -I../Drivers/CMSIS/Include -I"C:/Users/BaoThuan/OneDrive - The University of Technology/Desktop/PROJECT/GIT_HUB/BKDN_TuThuoc/1_Application_stm32/include" -I"C:/Users/BaoThuan/OneDrive - The University of Technology/Desktop/PROJECT/GIT_HUB/BKDN_TuThuoc/0_Driver_stm32/0_include" -O0 -ffunction-sections -fdata-sections -Wall -fstack-usage -fcyclomatic-complexity -MMD -MP -MF"Core/Src/stm32f1xx_it.d" -MT"Core/Src/stm32f1xx_it.o" --specs=nano.specs -mfloat-abi=soft -mthumb -o "Core/Src/stm32f1xx_it.o"
arm-none-eabi-gcc "../Core/Src/syscalls.c" -mcpu=cortex-m3 -std=gnu11 -g3 -DDEBUG -DUSE_HAL_DRIVER -DSTM32F103xB -c -I../Core/Inc -I../Drivers/STM32F1xx_HAL_Driver/Inc/Legacy -I../Drivers/STM32F1xx_HAL_Driver/Inc -I../Drivers/CMSIS/Device/ST/STM32F1xx/Include -I../Drivers/CMSIS/Include -I"C:/Users/BaoThuan/OneDrive - The University of Technology/Desktop/PROJECT/GIT_HUB/BKDN_TuThuoc/1_Application_stm32/include" -I"C:/Users/BaoThuan/OneDrive - The University of Technology/Desktop/PROJECT/GIT_HUB/BKDN_TuThuoc/0_Driver_stm32/0_include" -O0 -ffunction-sections -fdata-sections -Wall -fstack-usage -fcyclomatic-complexity -MMD -MP -MF"Core/Src/syscalls.d" -MT"Core/Src/syscalls.o" --specs=nano.specs -mfloat-abi=soft -mthumb -o "Core/Src/syscalls.o"
arm-none-eabi-gcc "../Core/Src/sysmem.c" -mcpu=cortex-m3 -std=gnu11 -g3 -DDEBUG -DUSE_HAL_DRIVER -DSTM32F103xB -c -I../Core/Inc -I../Drivers/STM32F1xx_HAL_Driver/Inc/Legacy -I../Drivers/STM32F1xx_HAL_Driver/Inc -I../Drivers/CMSIS/Device/ST/STM32F1xx/Include -I../Drivers/CMSIS/Include -I"C:/Users/BaoThuan/OneDrive - The University of Technology/Desktop/PROJECT/GIT_HUB/BKDN_TuThuoc/1_Application_stm32/include" -I"C:/Users/BaoThuan/OneDrive - The University of Technology/Desktop/PROJECT/GIT_HUB/BKDN_TuThuoc/0_Driver_stm32/0_include" -O0 -ffunction-sections -fdata-sections -Wall -fstack-usage -fcyclomatic-complexity -MMD -MP -MF"Core/Src/sysmem.d" -MT"Core/Src/sysmem.o" --specs=nano.specs -mfloat-abi=soft -mthumb -o "Core/Src/sysmem.o"
arm-none-eabi-gcc "../Core/Src/system_stm32f1xx.c" -mcpu=cortex-m3 -std=gnu11 -g3 -DDEBUG -DUSE_HAL_DRIVER -DSTM32F103xB -c -I../Core/Inc -I../Drivers/STM32F1xx_HAL_Driver/Inc/Legacy -I../Drivers/STM32F1xx_HAL_Driver/Inc -I../Drivers/CMSIS/Device/ST/STM32F1xx/Include -I../Drivers/CMSIS/Include -I"C:/Users/BaoThuan/OneDrive - The University of Technology/Desktop/PROJECT/GIT_HUB/BKDN_TuThuoc/1_Application_stm32/include" -I"C:/Users/BaoThuan/OneDrive - The University of Technology/Desktop/PROJECT/GIT_HUB/BKDN_TuThuoc/0_Driver_stm32/0_include" -O0 -ffunction-sections -fdata-sections -Wall -fstack-usage -fcyclomatic-complexity -MMD -MP -MF"Core/Src/system_stm32f1xx.d" -MT"Core/Src/system_stm32f1xx.o" --specs=nano.specs -mfloat-abi=soft -mthumb -o "Core/Src/system_stm32f1xx.o"
arm-none-eabi-gcc "C:/Users/BaoThuan/OneDrive - The University of Technology/Desktop/PROJECT/GIT_HUB/BKDN_TuThuoc/1_Application_stm32/KeyPad.c" -mcpu=cortex-m3 -std=gnu11 -g3 -DDEBUG -DUSE_HAL_DRIVER -DSTM32F103xB -c -I../Core/Inc -I../Drivers/STM32F1xx_HAL_Driver/Inc/Legacy -I../Drivers/STM32F1xx_HAL_Driver/Inc -I../Drivers/CMSIS/Device/ST/STM32F1xx/Include -I../Drivers/CMSIS/Include -I"C:/Users/BaoThuan/OneDrive - The University of Technology/Desktop/PROJECT/GIT_HUB/BKDN_TuThuoc/1_Application_stm32/include" -I"C:/Users/BaoThuan/OneDrive - The University of Technology/Desktop/PROJECT/GIT_HUB/BKDN_TuThuoc/0_Driver_stm32/0_include" -O0 -ffunction-sections -fdata-sections -Wall -fstack-usage -fcyclomatic-complexity -MMD -MP -MF"1_Application_stm32/KeyPad.d" -MT"1_Application_stm32/KeyPad.o" --specs=nano.specs -mfloat-abi=soft -mthumb -o "1_Application_stm32/KeyPad.o"
arm-none-eabi-gcc "C:/Users/BaoThuan/OneDrive - The University of Technology/Desktop/PROJECT/GIT_HUB/BKDN_TuThuoc/1_Application_stm32/lcd_user.c" -mcpu=cortex-m3 -std=gnu11 -g3 -DDEBUG -DUSE_HAL_DRIVER -DSTM32F103xB -c -I../Core/Inc -I../Drivers/STM32F1xx_HAL_Driver/Inc/Legacy -I../Drivers/STM32F1xx_HAL_Driver/Inc -I../Drivers/CMSIS/Device/ST/STM32F1xx/Include -I../Drivers/CMSIS/Include -I"C:/Users/BaoThuan/OneDrive - The University of Technology/Desktop/PROJECT/GIT_HUB/BKDN_TuThuoc/1_Application_stm32/include" -I"C:/Users/BaoThuan/OneDrive - The University of Technology/Desktop/PROJECT/GIT_HUB/BKDN_TuThuoc/0_Driver_stm32/0_include" -O0 -ffunction-sections -fdata-sections -Wall -fstack-usage -fcyclomatic-complexity -MMD -MP -MF"1_Application_stm32/lcd_user.d" -MT"1_Application_stm32/lcd_user.o" --specs=nano.specs -mfloat-abi=soft -mthumb -o "1_Application_stm32/lcd_user.o"
arm-none-eabi-gcc "C:/Users/BaoThuan/OneDrive - The University of Technology/Desktop/PROJECT/GIT_HUB/BKDN_TuThuoc/0_Driver_stm32/i2c-lcd.c" -mcpu=cortex-m3 -std=gnu11 -g3 -DDEBUG -DUSE_HAL_DRIVER -DSTM32F103xB -c -I../Core/Inc -I../Drivers/STM32F1xx_HAL_Driver/Inc/Legacy -I../Drivers/STM32F1xx_HAL_Driver/Inc -I../Drivers/CMSIS/Device/ST/STM32F1xx/Include -I../Drivers/CMSIS/Include -I"C:/Users/BaoThuan/OneDrive - The University of Technology/Desktop/PROJECT/GIT_HUB/BKDN_TuThuoc/1_Application_stm32/include" -I"C:/Users/BaoThuan/OneDrive - The University of Technology/Desktop/PROJECT/GIT_HUB/BKDN_TuThuoc/0_Driver_stm32/0_include" -O0 -ffunction-sections -fdata-sections -Wall -fstack-usage -fcyclomatic-complexity -MMD -MP -MF"0_Driver_stm32/i2c-lcd.d" -MT"0_Driver_stm32/i2c-lcd.o" --specs=nano.specs -mfloat-abi=soft -mthumb -o "0_Driver_stm32/i2c-lcd.o"
arm-none-eabi-gcc -o "test_lcd.elf" @"objects.list"   -mcpu=cortex-m3 -T"C:\Users\BaoThuan\OneDrive - The University of Technology\Desktop\PROJECT\GIT_HUB\BKDN_TuThuoc\test_lcd\STM32F103C8TX_FLASH.ld" --specs=nosys.specs -Wl,-Map="test_lcd.map" -Wl,--gc-sections -static --specs=nano.specs -mfloat-abi=soft -mthumb -Wl,--start-group -lc -lm -Wl,--end-group
Finished building target: test_lcd.elf
 
arm-none-eabi-size   test_lcd.elf 
arm-none-eabi-objdump -h -S  test_lcd.elf  > "test_lcd.list"
   text	   data	    bss	    dec	    hex	filename
   7580	     20	   1652	   9252	   2424	test_lcd.elf
Finished building: default.size.stdout
 
Finished building: test_lcd.list
 
00:36:23 **** Incremental Build of configuration Debug for project test_lcd ****
make -j8 all 
arm-none-eabi-gcc "../Core/Src/main.c" -mcpu=cortex-m3 -std=gnu11 -g3 -DDEBUG -DUSE_HAL_DRIVER -DSTM32F103xB -c -I../Core/Inc -I../Drivers/STM32F1xx_HAL_Driver/Inc/Legacy -I../Drivers/STM32F1xx_HAL_Driver/Inc -I../Drivers/CMSIS/Device/ST/STM32F1xx/Include -I../Drivers/CMSIS/Include -I"C:/Users/BaoThuan/OneDrive - The University of Technology/Desktop/PROJECT/GIT_HUB/BKDN_TuThuoc/1_Application_stm32/include" -I"C:/Users/BaoThuan/OneDrive - The University of Technology/Desktop/PROJECT/GIT_HUB/BKDN_TuThuoc/0_Driver_stm32/0_include" -O0 -ffunction-sections -fdata-sections -Wall -fstack-usage -fcyclomatic-complexity -MMD -MP -MF"Core/Src/main.d" -MT"Core/Src/main.o" --specs=nano.specs -mfloat-abi=soft -mthumb -o "Core/Src/main.o"
arm-none-eabi-gcc -o "test_lcd.elf" @"objects.list"   -mcpu=cortex-m3 -T"C:\Users\BaoThuan\OneDrive - The University of Technology\Desktop\PROJECT\GIT_HUB\BKDN_TuThuoc\test_lcd\STM32F103C8TX_FLASH.ld" --specs=nosys.specs -Wl,-Map="test_lcd.map" -Wl,--gc-sections -static --specs=nano.specs -mfloat-abi=soft -mthumb -Wl,--start-group -lc -lm -Wl,--end-group
Finished building target: test_lcd.elf
 
arm-none-eabi-size   test_lcd.elf 
arm-none-eabi-objdump -h -S  test_lcd.elf  > "test_lcd.list"
   text	   data	    bss	    dec	    hex	filename
   8372	     20	   1676	  10068	   2754	test_lcd.elf
Finished building: default.size.stdout
 
Finished building: test_lcd.list
 
00:59:11 **** Incremental Build of configuration Debug for project test_lcd ****
make -j8 all 
arm-none-eabi-gcc "../Core/Src/main.c" -mcpu=cortex-m3 -std=gnu11 -g3 -DDEBUG -DUSE_HAL_DRIVER -DSTM32F103xB -c -I../Core/Inc -I../Drivers/STM32F1xx_HAL_Driver/Inc/Legacy -I../Drivers/STM32F1xx_HAL_Driver/Inc -I../Drivers/CMSIS/Device/ST/STM32F1xx/Include -I../Drivers/CMSIS/Include -I"C:/Users/BaoThuan/OneDrive - The University of Technology/Desktop/PROJECT/GIT_HUB/BKDN_TuThuoc/1_Application_stm32/include" -I"C:/Users/BaoThuan/OneDrive - The University of Technology/Desktop/PROJECT/GIT_HUB/BKDN_TuThuoc/0_Driver_stm32/0_include" -O0 -ffunction-sections -fdata-sections -Wall -fstack-usage -fcyclomatic-complexity -MMD -MP -MF"Core/Src/main.d" -MT"Core/Src/main.o" --specs=nano.specs -mfloat-abi=soft -mthumb -o "Core/Src/main.o"
arm-none-eabi-gcc -o "test_lcd.elf" @"objects.list"   -mcpu=cortex-m3 -T"C:\Users\BaoThuan\OneDrive - The University of Technology\Desktop\PROJECT\GIT_HUB\BKDN_TuThuoc\test_lcd\STM32F103C8TX_FLASH.ld" --specs=nosys.specs -Wl,-Map="test_lcd.map" -Wl,--gc-sections -static --specs=nano.specs -mfloat-abi=soft -mthumb -Wl,--start-group -lc -lm -Wl,--end-group
Finished building target: test_lcd.elf
 
arm-none-eabi-size   test_lcd.elf 
arm-none-eabi-objdump -h -S  test_lcd.elf  > "test_lcd.list"
   text	   data	    bss	    dec	    hex	filename
   8372	     20	   1676	  10068	   2754	test_lcd.elf
Finished building: default.size.stdout
 
Finished building: test_lcd.list
 
00:59:46 **** Incremental Build of configuration Debug for project test_lcd ****
make -j8 all 
arm-none-eabi-size   test_lcd.elf 
   text	   data	    bss	    dec	    hex	filename
   8372	     20	   1676	  10068	   2754	test_lcd.elf
Finished building: default.size.stdout
 
01:01:08 **** Incremental Build of configuration Debug for project test_lcd ****
make -j8 all 
arm-none-eabi-gcc "../Core/Src/main.c" -mcpu=cortex-m3 -std=gnu11 -g3 -DDEBUG -DUSE_HAL_DRIVER -DSTM32F103xB -c -I../Core/Inc -I../Drivers/STM32F1xx_HAL_Driver/Inc/Legacy -I../Drivers/STM32F1xx_HAL_Driver/Inc -I../Drivers/CMSIS/Device/ST/STM32F1xx/Include -I../Drivers/CMSIS/Include -I"C:/Users/BaoThuan/OneDrive - The University of Technology/Desktop/PROJECT/GIT_HUB/BKDN_TuThuoc/1_Application_stm32/include" -I"C:/Users/BaoThuan/OneDrive - The University of Technology/Desktop/PROJECT/GIT_HUB/BKDN_TuThuoc/0_Driver_stm32/0_include" -O0 -ffunction-sections -fdata-sections -Wall -fstack-usage -fcyclomatic-complexity -MMD -MP -MF"Core/Src/main.d" -MT"Core/Src/main.o" --specs=nano.specs -mfloat-abi=soft -mthumb -o "Core/Src/main.o"
arm-none-eabi-gcc -o "test_lcd.elf" @"objects.list"   -mcpu=cortex-m3 -T"C:\Users\BaoThuan\OneDrive - The University of Technology\Desktop\PROJECT\GIT_HUB\BKDN_TuThuoc\test_lcd\STM32F103C8TX_FLASH.ld" --specs=nosys.specs -Wl,-Map="test_lcd.map" -Wl,--gc-sections -static --specs=nano.specs -mfloat-abi=soft -mthumb -Wl,--start-group -lc -lm -Wl,--end-group
Finished building target: test_lcd.elf
 
arm-none-eabi-size   test_lcd.elf 
arm-none-eabi-objdump -h -S  test_lcd.elf  > "test_lcd.list"
   text	   data	    bss	    dec	    hex	filename
   8372	     20	   1676	  10068	   2754	test_lcd.elf
Finished building: default.size.stdout
 
Finished building: test_lcd.list
 
01:02:27 **** Incremental Build of configuration Debug for project test_lcd ****
make -j8 all 
arm-none-eabi-gcc "../Core/Src/main.c" -mcpu=cortex-m3 -std=gnu11 -g3 -DDEBUG -DUSE_HAL_DRIVER -DSTM32F103xB -c -I../Core/Inc -I../Drivers/STM32F1xx_HAL_Driver/Inc/Legacy -I../Drivers/STM32F1xx_HAL_Driver/Inc -I../Drivers/CMSIS/Device/ST/STM32F1xx/Include -I../Drivers/CMSIS/Include -I"C:/Users/BaoThuan/OneDrive - The University of Technology/Desktop/PROJECT/GIT_HUB/BKDN_TuThuoc/1_Application_stm32/include" -I"C:/Users/BaoThuan/OneDrive - The University of Technology/Desktop/PROJECT/GIT_HUB/BKDN_TuThuoc/0_Driver_stm32/0_include" -O0 -ffunction-sections -fdata-sections -Wall -fstack-usage -fcyclomatic-complexity -MMD -MP -MF"Core/Src/main.d" -MT"Core/Src/main.o" --specs=nano.specs -mfloat-abi=soft -mthumb -o "Core/Src/main.o"
arm-none-eabi-gcc -o "test_lcd.elf" @"objects.list"   -mcpu=cortex-m3 -T"C:\Users\BaoThuan\OneDrive - The University of Technology\Desktop\PROJECT\GIT_HUB\BKDN_TuThuoc\test_lcd\STM32F103C8TX_FLASH.ld" --specs=nosys.specs -Wl,-Map="test_lcd.map" -Wl,--gc-sections -static --specs=nano.specs -mfloat-abi=soft -mthumb -Wl,--start-group -lc -lm -Wl,--end-group
Finished building target: test_lcd.elf
 
arm-none-eabi-size   test_lcd.elf 
arm-none-eabi-objdump -h -S  test_lcd.elf  > "test_lcd.list"
   text	   data	    bss	    dec	    hex	filename
   8332	     20	   1676	  10028	   272c	test_lcd.elf
Finished building: default.size.stdout
 
Finished building: test_lcd.list
 
01:04:36 **** Incremental Build of configuration Debug for project test_lcd ****
make -j8 all 
arm-none-eabi-gcc "../Core/Src/main.c" -mcpu=cortex-m3 -std=gnu11 -g3 -DDEBUG -DUSE_HAL_DRIVER -DSTM32F103xB -c -I../Core/Inc -I../Drivers/STM32F1xx_HAL_Driver/Inc/Legacy -I../Drivers/STM32F1xx_HAL_Driver/Inc -I../Drivers/CMSIS/Device/ST/STM32F1xx/Include -I../Drivers/CMSIS/Include -I"C:/Users/BaoThuan/OneDrive - The University of Technology/Desktop/PROJECT/GIT_HUB/BKDN_TuThuoc/1_Application_stm32/include" -I"C:/Users/BaoThuan/OneDrive - The University of Technology/Desktop/PROJECT/GIT_HUB/BKDN_TuThuoc/0_Driver_stm32/0_include" -O0 -ffunction-sections -fdata-sections -Wall -fstack-usage -fcyclomatic-complexity -MMD -MP -MF"Core/Src/main.d" -MT"Core/Src/main.o" --specs=nano.specs -mfloat-abi=soft -mthumb -o "Core/Src/main.o"
arm-none-eabi-gcc -o "test_lcd.elf" @"objects.list"   -mcpu=cortex-m3 -T"C:\Users\BaoThuan\OneDrive - The University of Technology\Desktop\PROJECT\GIT_HUB\BKDN_TuThuoc\test_lcd\STM32F103C8TX_FLASH.ld" --specs=nosys.specs -Wl,-Map="test_lcd.map" -Wl,--gc-sections -static --specs=nano.specs -mfloat-abi=soft -mthumb -Wl,--start-group -lc -lm -Wl,--end-group
Finished building target: test_lcd.elf
 
arm-none-eabi-size   test_lcd.elf 
arm-none-eabi-objdump -h -S  test_lcd.elf  > "test_lcd.list"
   text	   data	    bss	    dec	    hex	filename
   8332	     20	   1676	  10028	   272c	test_lcd.elf
Finished building: default.size.stdout
 
Finished building: test_lcd.list
 
01:05:03 **** Incremental Build of configuration Debug for project test_lcd ****
make -j8 all 
arm-none-eabi-gcc "../Core/Src/main.c" -mcpu=cortex-m3 -std=gnu11 -g3 -DDEBUG -DUSE_HAL_DRIVER -DSTM32F103xB -c -I../Core/Inc -I../Drivers/STM32F1xx_HAL_Driver/Inc/Legacy -I../Drivers/STM32F1xx_HAL_Driver/Inc -I../Drivers/CMSIS/Device/ST/STM32F1xx/Include -I../Drivers/CMSIS/Include -I"C:/Users/BaoThuan/OneDrive - The University of Technology/Desktop/PROJECT/GIT_HUB/BKDN_TuThuoc/1_Application_stm32/include" -I"C:/Users/BaoThuan/OneDrive - The University of Technology/Desktop/PROJECT/GIT_HUB/BKDN_TuThuoc/0_Driver_stm32/0_include" -O0 -ffunction-sections -fdata-sections -Wall -fstack-usage -fcyclomatic-complexity -MMD -MP -MF"Core/Src/main.d" -MT"Core/Src/main.o" --specs=nano.specs -mfloat-abi=soft -mthumb -o "Core/Src/main.o"
arm-none-eabi-gcc -o "test_lcd.elf" @"objects.list"   -mcpu=cortex-m3 -T"C:\Users\BaoThuan\OneDrive - The University of Technology\Desktop\PROJECT\GIT_HUB\BKDN_TuThuoc\test_lcd\STM32F103C8TX_FLASH.ld" --specs=nosys.specs -Wl,-Map="test_lcd.map" -Wl,--gc-sections -static --specs=nano.specs -mfloat-abi=soft -mthumb -Wl,--start-group -lc -lm -Wl,--end-group
Finished building target: test_lcd.elf
 
arm-none-eabi-size   test_lcd.elf 
arm-none-eabi-objdump -h -S  test_lcd.elf  > "test_lcd.list"
   text	   data	    bss	    dec	    hex	filename
   8332	     20	   1676	  10028	   272c	test_lcd.elf
Finished building: default.size.stdout
 
Finished building: test_lcd.list
 
01:06:24 **** Incremental Build of configuration Debug for project test_lcd ****
make -j8 all 
arm-none-eabi-gcc "../Core/Src/main.c" -mcpu=cortex-m3 -std=gnu11 -g3 -DDEBUG -DUSE_HAL_DRIVER -DSTM32F103xB -c -I../Core/Inc -I../Drivers/STM32F1xx_HAL_Driver/Inc/Legacy -I../Drivers/STM32F1xx_HAL_Driver/Inc -I../Drivers/CMSIS/Device/ST/STM32F1xx/Include -I../Drivers/CMSIS/Include -I"C:/Users/BaoThuan/OneDrive - The University of Technology/Desktop/PROJECT/GIT_HUB/BKDN_TuThuoc/1_Application_stm32/include" -I"C:/Users/BaoThuan/OneDrive - The University of Technology/Desktop/PROJECT/GIT_HUB/BKDN_TuThuoc/0_Driver_stm32/0_include" -O0 -ffunction-sections -fdata-sections -Wall -fstack-usage -fcyclomatic-complexity -MMD -MP -MF"Core/Src/main.d" -MT"Core/Src/main.o" --specs=nano.specs -mfloat-abi=soft -mthumb -o "Core/Src/main.o"
arm-none-eabi-gcc -o "test_lcd.elf" @"objects.list"   -mcpu=cortex-m3 -T"C:\Users\BaoThuan\OneDrive - The University of Technology\Desktop\PROJECT\GIT_HUB\BKDN_TuThuoc\test_lcd\STM32F103C8TX_FLASH.ld" --specs=nosys.specs -Wl,-Map="test_lcd.map" -Wl,--gc-sections -static --specs=nano.specs -mfloat-abi=soft -mthumb -Wl,--start-group -lc -lm -Wl,--end-group
Finished building target: test_lcd.elf
 
arm-none-eabi-size   test_lcd.elf 
arm-none-eabi-objdump -h -S  test_lcd.elf  > "test_lcd.list"
   text	   data	    bss	    dec	    hex	filename
   8332	     20	   1676	  10028	   272c	test_lcd.elf
Finished building: default.size.stdout
 
Finished building: test_lcd.list
 
01:07:08 **** Incremental Build of configuration Debug for project test_lcd ****
make -j8 all 
arm-none-eabi-gcc "../Core/Src/main.c" -mcpu=cortex-m3 -std=gnu11 -g3 -DDEBUG -DUSE_HAL_DRIVER -DSTM32F103xB -c -I../Core/Inc -I../Drivers/STM32F1xx_HAL_Driver/Inc/Legacy -I../Drivers/STM32F1xx_HAL_Driver/Inc -I../Drivers/CMSIS/Device/ST/STM32F1xx/Include -I../Drivers/CMSIS/Include -I"C:/Users/BaoThuan/OneDrive - The University of Technology/Desktop/PROJECT/GIT_HUB/BKDN_TuThuoc/1_Application_stm32/include" -I"C:/Users/BaoThuan/OneDrive - The University of Technology/Desktop/PROJECT/GIT_HUB/BKDN_TuThuoc/0_Driver_stm32/0_include" -O0 -ffunction-sections -fdata-sections -Wall -fstack-usage -fcyclomatic-complexity -MMD -MP -MF"Core/Src/main.d" -MT"Core/Src/main.o" --specs=nano.specs -mfloat-abi=soft -mthumb -o "Core/Src/main.o"
arm-none-eabi-gcc -o "test_lcd.elf" @"objects.list"   -mcpu=cortex-m3 -T"C:\Users\BaoThuan\OneDrive - The University of Technology\Desktop\PROJECT\GIT_HUB\BKDN_TuThuoc\test_lcd\STM32F103C8TX_FLASH.ld" --specs=nosys.specs -Wl,-Map="test_lcd.map" -Wl,--gc-sections -static --specs=nano.specs -mfloat-abi=soft -mthumb -Wl,--start-group -lc -lm -Wl,--end-group
Finished building target: test_lcd.elf
 
arm-none-eabi-size   test_lcd.elf 
arm-none-eabi-objdump -h -S  test_lcd.elf  > "test_lcd.list"
   text	   data	    bss	    dec	    hex	filename
   8332	     20	   1676	  10028	   272c	test_lcd.elf
Finished building: default.size.stdout
 
Finished building: test_lcd.list
 
01:07:46 **** Incremental Build of configuration Debug for project test_lcd ****
make -j8 all 
arm-none-eabi-gcc "../Core/Src/main.c" -mcpu=cortex-m3 -std=gnu11 -g3 -DDEBUG -DUSE_HAL_DRIVER -DSTM32F103xB -c -I../Core/Inc -I../Drivers/STM32F1xx_HAL_Driver/Inc/Legacy -I../Drivers/STM32F1xx_HAL_Driver/Inc -I../Drivers/CMSIS/Device/ST/STM32F1xx/Include -I../Drivers/CMSIS/Include -I"C:/Users/BaoThuan/OneDrive - The University of Technology/Desktop/PROJECT/GIT_HUB/BKDN_TuThuoc/1_Application_stm32/include" -I"C:/Users/BaoThuan/OneDrive - The University of Technology/Desktop/PROJECT/GIT_HUB/BKDN_TuThuoc/0_Driver_stm32/0_include" -O0 -ffunction-sections -fdata-sections -Wall -fstack-usage -fcyclomatic-complexity -MMD -MP -MF"Core/Src/main.d" -MT"Core/Src/main.o" --specs=nano.specs -mfloat-abi=soft -mthumb -o "Core/Src/main.o"
arm-none-eabi-gcc -o "test_lcd.elf" @"objects.list"   -mcpu=cortex-m3 -T"C:\Users\BaoThuan\OneDrive - The University of Technology\Desktop\PROJECT\GIT_HUB\BKDN_TuThuoc\test_lcd\STM32F103C8TX_FLASH.ld" --specs=nosys.specs -Wl,-Map="test_lcd.map" -Wl,--gc-sections -static --specs=nano.specs -mfloat-abi=soft -mthumb -Wl,--start-group -lc -lm -Wl,--end-group
Finished building target: test_lcd.elf
 
arm-none-eabi-size   test_lcd.elf 
arm-none-eabi-objdump -h -S  test_lcd.elf  > "test_lcd.list"
   text	   data	    bss	    dec	    hex	filename
   8332	     20	   1676	  10028	   272c	test_lcd.elf
Finished building: default.size.stdout
 
Finished building: test_lcd.list
 
01:08:07 **** Incremental Build of configuration Debug for project test_lcd ****
make -j8 all 
arm-none-eabi-gcc "../Core/Src/main.c" -mcpu=cortex-m3 -std=gnu11 -g3 -DDEBUG -DUSE_HAL_DRIVER -DSTM32F103xB -c -I../Core/Inc -I../Drivers/STM32F1xx_HAL_Driver/Inc/Legacy -I../Drivers/STM32F1xx_HAL_Driver/Inc -I../Drivers/CMSIS/Device/ST/STM32F1xx/Include -I../Drivers/CMSIS/Include -I"C:/Users/BaoThuan/OneDrive - The University of Technology/Desktop/PROJECT/GIT_HUB/BKDN_TuThuoc/1_Application_stm32/include" -I"C:/Users/BaoThuan/OneDrive - The University of Technology/Desktop/PROJECT/GIT_HUB/BKDN_TuThuoc/0_Driver_stm32/0_include" -O0 -ffunction-sections -fdata-sections -Wall -fstack-usage -fcyclomatic-complexity -MMD -MP -MF"Core/Src/main.d" -MT"Core/Src/main.o" --specs=nano.specs -mfloat-abi=soft -mthumb -o "Core/Src/main.o"
arm-none-eabi-gcc -o "test_lcd.elf" @"objects.list"   -mcpu=cortex-m3 -T"C:\Users\BaoThuan\OneDrive - The University of Technology\Desktop\PROJECT\GIT_HUB\BKDN_TuThuoc\test_lcd\STM32F103C8TX_FLASH.ld" --specs=nosys.specs -Wl,-Map="test_lcd.map" -Wl,--gc-sections -static --specs=nano.specs -mfloat-abi=soft -mthumb -Wl,--start-group -lc -lm -Wl,--end-group
Finished building target: test_lcd.elf
 
arm-none-eabi-size   test_lcd.elf 
arm-none-eabi-objdump -h -S  test_lcd.elf  > "test_lcd.list"
   text	   data	    bss	    dec	    hex	filename
   8332	     20	   1676	  10028	   272c	test_lcd.elf
Finished building: default.size.stdout
 
Finished building: test_lcd.list
 
01:09:35 **** Incremental Build of configuration Debug for project test_lcd ****
make -j8 all 
arm-none-eabi-gcc "../Core/Src/main.c" -mcpu=cortex-m3 -std=gnu11 -g3 -DDEBUG -DUSE_HAL_DRIVER -DSTM32F103xB -c -I../Core/Inc -I../Drivers/STM32F1xx_HAL_Driver/Inc/Legacy -I../Drivers/STM32F1xx_HAL_Driver/Inc -I../Drivers/CMSIS/Device/ST/STM32F1xx/Include -I../Drivers/CMSIS/Include -I"C:/Users/BaoThuan/OneDrive - The University of Technology/Desktop/PROJECT/GIT_HUB/BKDN_TuThuoc/1_Application_stm32/include" -I"C:/Users/BaoThuan/OneDrive - The University of Technology/Desktop/PROJECT/GIT_HUB/BKDN_TuThuoc/0_Driver_stm32/0_include" -O0 -ffunction-sections -fdata-sections -Wall -fstack-usage -fcyclomatic-complexity -MMD -MP -MF"Core/Src/main.d" -MT"Core/Src/main.o" --specs=nano.specs -mfloat-abi=soft -mthumb -o "Core/Src/main.o"
arm-none-eabi-gcc -o "test_lcd.elf" @"objects.list"   -mcpu=cortex-m3 -T"C:\Users\BaoThuan\OneDrive - The University of Technology\Desktop\PROJECT\GIT_HUB\BKDN_TuThuoc\test_lcd\STM32F103C8TX_FLASH.ld" --specs=nosys.specs -Wl,-Map="test_lcd.map" -Wl,--gc-sections -static --specs=nano.specs -mfloat-abi=soft -mthumb -Wl,--start-group -lc -lm -Wl,--end-group
Finished building target: test_lcd.elf
 
arm-none-eabi-size   test_lcd.elf 
arm-none-eabi-objdump -h -S  test_lcd.elf  > "test_lcd.list"
   text	   data	    bss	    dec	    hex	filename
   8372	     20	   1676	  10068	   2754	test_lcd.elf
Finished building: default.size.stdout
 
Finished building: test_lcd.list
 
