01:25:25 **** Incremental Build of configuration Debug for project test_KeyPad ****
make -j8 all 
arm-none-eabi-gcc "C:/Users/BaoThuan/OneDrive - The University of Technology/Desktop/PROJECT/GIT_HUB/BKDN_TuThuoc/1_Application_stm32/KeyPad.c" -mcpu=cortex-m3 -std=gnu11 -g3 -DDEBUG -DUSE_HAL_DRIVER -DSTM32F103xB -c -I../Core/Inc -I../Drivers/STM32F1xx_HAL_Driver/Inc/Legacy -I../Drivers/STM32F1xx_HAL_Driver/Inc -I../Drivers/CMSIS/Device/ST/STM32F1xx/Include -I../Drivers/CMSIS/Include -I"C:/Users/BaoThuan/OneDrive - The University of Technology/Desktop/PROJECT/GIT_HUB/BKDN_TuThuoc/1_Application_stm32/include" -I"C:/Users/BaoThuan/OneDrive - The University of Technology/Desktop/PROJECT/GIT_HUB/BKDN_TuThuoc/0_Driver_stm32/0_include" -O0 -ffunction-sections -fdata-sections -Wall -fstack-usage -fcyclomatic-complexity -MMD -MP -MF"1_Application_stm32/KeyPad.d" -MT"1_Application_stm32/KeyPad.o" --specs=nano.specs -mfloat-abi=soft -mthumb -o "1_Application_stm32/KeyPad.o"
arm-none-eabi-gcc -o "test_KeyPad.elf" @"objects.list"   -mcpu=cortex-m3 -T"C:\Users\BaoThuan\OneDrive - The University of Technology\Desktop\PROJECT\GIT_HUB\BKDN_TuThuoc\test_KeyPad\STM32F103C8TX_FLASH.ld" --specs=nosys.specs -Wl,-Map="test_KeyPad.map" -Wl,--gc-sections -static --specs=nano.specs -mfloat-abi=soft -mthumb -Wl,--start-group -lc -lm -Wl,--end-group
Finished building target: test_KeyPad.elf
 
arm-none-eabi-size   test_KeyPad.elf 
arm-none-eabi-objdump -h -S  test_KeyPad.elf  > "test_KeyPad.list"
   text	   data	    bss	    dec	    hex	filename
   6480	     20	   1708	   8208	   2010	test_KeyPad.elf
Finished building: default.size.stdout
 
Finished building: test_KeyPad.list
 

01:25:26 Build Finished. 0 errors, 0 warnings. (took 862ms)

