02:48:58 **** Incremental Build of configuration Debug for project test_fetDC ****
make -j8 all 
arm-none-eabi-gcc "C:/Users/BaoThuan/OneDrive - The University of Technology/Desktop/PROJECT/GIT_HUB/BKDN_TuThuoc/test_lib_relay/relay.c" -mcpu=cortex-m3 -std=gnu11 -g3 -DDEBUG -DUSE_HAL_DRIVER -DSTM32F103xB -c -I../Core/Inc -I../Drivers/STM32F1xx_HAL_Driver/Inc/Legacy -I../Drivers/STM32F1xx_HAL_Driver/Inc -I../Drivers/CMSIS/Device/ST/STM32F1xx/Include -I../Drivers/CMSIS/Include -I"C:/Users/BaoThuan/OneDrive - The University of Technology/Desktop/PROJECT/GIT_HUB/BKDN_TuThuoc/test_lib_relay/0_include" -O0 -ffunction-sections -fdata-sections -Wall -fstack-usage -fcyclomatic-complexity -MMD -MP -MF"test_lib_relay/relay.d" -MT"test_lib_relay/relay.o" --specs=nano.specs -mfloat-abi=soft -mthumb -o "test_lib_relay/relay.o"
arm-none-eabi-gcc "../Core/Src/main.c" -mcpu=cortex-m3 -std=gnu11 -g3 -DDEBUG -DUSE_HAL_DRIVER -DSTM32F103xB -c -I../Core/Inc -I../Drivers/STM32F1xx_HAL_Driver/Inc/Legacy -I../Drivers/STM32F1xx_HAL_Driver/Inc -I../Drivers/CMSIS/Device/ST/STM32F1xx/Include -I../Drivers/CMSIS/Include -I"C:/Users/BaoThuan/OneDrive - The University of Technology/Desktop/PROJECT/GIT_HUB/BKDN_TuThuoc/test_lib_relay/0_include" -O0 -ffunction-sections -fdata-sections -Wall -fstack-usage -fcyclomatic-complexity -MMD -MP -MF"Core/Src/main.d" -MT"Core/Src/main.o" --specs=nano.specs -mfloat-abi=soft -mthumb -o "Core/Src/main.o"
arm-none-eabi-gcc -o "test_fetDC.elf" @"objects.list"   -mcpu=cortex-m3 -T"C:\Users\BaoThuan\OneDrive - The University of Technology\Desktop\PROJECT\GIT_HUB\BKDN_TuThuoc\test_fetDC\STM32F103C8TX_FLASH.ld" --specs=nosys.specs -Wl,-Map="test_fetDC.map" -Wl,--gc-sections -static --specs=nano.specs -mfloat-abi=soft -mthumb -Wl,--start-group -lc -lm -Wl,--end-group
Finished building target: test_fetDC.elf
 
arm-none-eabi-size   test_fetDC.elf 
arm-none-eabi-objdump -h -S  test_fetDC.elf  > "test_fetDC.list"
   text	   data	    bss	    dec	    hex	filename
   4452	     20	   1572	   6044	   179c	test_fetDC.elf
Finished building: default.size.stdout
 
Finished building: test_fetDC.list
 

02:49:04 Build Finished. 0 errors, 0 warnings. (took 5s.855ms)

