22:43:00 **** Incremental Build of configuration Debug for project test_lcd ****
make -j8 all 
arm-none-eabi-gcc -o "test_lcd.elf" @"objects.list"   -mcpu=cortex-m3 -T"C:\Users\BaoThuan\OneDrive - The University of Technology\Desktop\PROJECT\GIT_HUB\BKDN_TuThuoc\test_lcd\STM32F103C8TX_FLASH.ld" --specs=nosys.specs -Wl,-Map="test_lcd.map" -Wl,--gc-sections -static --specs=nano.specs -mfloat-abi=soft -mthumb -Wl,--start-group -lc -lm -Wl,--end-group
Finished building target: test_lcd.elf
 
arm-none-eabi-size   test_lcd.elf 
arm-none-eabi-objdump -h -S  test_lcd.elf  > "test_lcd.list"
   text	   data	    bss	    dec	    hex	filename
  10324	     24	   1688	  12036	   2f04	test_lcd.elf
Finished building: default.size.stdout
 
Finished building: test_lcd.list
 

22:43:01 Build Finished. 0 errors, 0 warnings. (took 1s.970ms)

