21:55:22 **** Incremental Build of configuration Debug for project TuThuoc ****
make -j8 all 
arm-none-eabi-gcc "C:/Users/BaoThuan/OneDrive - The University of Technology/Desktop/PROJECT/GIT_HUB/BKDN_TuThuoc/Driver_stm32/KeyPad.c" -mcpu=cortex-m3 -std=gnu11 -g3 -DDEBUG -DUSE_HAL_DRIVER -DSTM32F103xB -c -I../Core/Inc -I../Drivers/STM32F1xx_HAL_Driver/Inc/Legacy -I../Drivers/STM32F1xx_HAL_Driver/Inc -I../Drivers/CMSIS/Device/ST/STM32F1xx/Include -I../Drivers/CMSIS/Include -I"C:/Users/BaoThuan/OneDrive - The University of Technology/Desktop/PROJECT/GIT_HUB/BKDN_TuThuoc/Driver_stm32/0_include" -O0 -ffunction-sections -fdata-sections -Wall -fstack-usage -fcyclomatic-complexity -MMD -MP -MF"Driver_stm32/KeyPad.d" -MT"Driver_stm32/KeyPad.o" --specs=nano.specs -mfloat-abi=soft -mthumb -o "Driver_stm32/KeyPad.o"
arm-none-eabi-gcc -o "TuThuoc.elf" @"objects.list"   -mcpu=cortex-m3 -T"C:\Users\BaoThuan\OneDrive - The University of Technology\Desktop\PROJECT\GIT_HUB\BKDN_TuThuoc\TuThuoc\STM32F103C8TX_FLASH.ld" --specs=nosys.specs -Wl,-Map="TuThuoc.map" -Wl,--gc-sections -static --specs=nano.specs -mfloat-abi=soft -mthumb -Wl,--start-group -lc -lm -Wl,--end-group
Finished building target: TuThuoc.elf
 
arm-none-eabi-size   TuThuoc.elf 
arm-none-eabi-objdump -h -S  TuThuoc.elf  > "TuThuoc.list"
   text	   data	    bss	    dec	    hex	filename
   5704	     20	   1636	   7360	   1cc0	TuThuoc.elf
Finished building: default.size.stdout
 
Finished building: TuThuoc.list
 

21:55:23 Build Finished. 0 errors, 0 warnings. (took 896ms)

